Archive member included to satisfy reference by file (symbol)

/home/vinay/Desktop/soft_console/SoftConsole-v2022.2-RISC-V-747/riscv-unknown-elf-gcc/bin/../lib/gcc/riscv64-unknown-elf/8.3.0/../../../../riscv64-unknown-elf/lib/libg_nano.a(lib_a-errno.o)
                              ./src/platform/mpfs_hal/startup_gcc/newlib_stubs.o (__errno)
/home/vinay/Desktop/soft_console/SoftConsole-v2022.2-RISC-V-747/riscv-unknown-elf-gcc/bin/../lib/gcc/riscv64-unknown-elf/8.3.0/../../../../riscv64-unknown-elf/lib/libg_nano.a(lib_a-impure.o)
                              /home/vinay/Desktop/soft_console/SoftConsole-v2022.2-RISC-V-747/riscv-unknown-elf-gcc/bin/../lib/gcc/riscv64-unknown-elf/8.3.0/../../../../riscv64-unknown-elf/lib/libg_nano.a(lib_a-errno.o) (_impure_ptr)
/home/vinay/Desktop/soft_console/SoftConsole-v2022.2-RISC-V-747/riscv-unknown-elf-gcc/bin/../lib/gcc/riscv64-unknown-elf/8.3.0/../../../../riscv64-unknown-elf/lib/libg_nano.a(lib_a-memcmp.o)
                              ./src/platform/mpfs_hal/common/nwc/mss_ddr_debug.o (memcmp)
/home/vinay/Desktop/soft_console/SoftConsole-v2022.2-RISC-V-747/riscv-unknown-elf-gcc/bin/../lib/gcc/riscv64-unknown-elf/8.3.0/../../../../riscv64-unknown-elf/lib/libg_nano.a(lib_a-memcpy-asm.o)
                              ./src/application/hart1/u54_1.o (memcpy)
/home/vinay/Desktop/soft_console/SoftConsole-v2022.2-RISC-V-747/riscv-unknown-elf-gcc/bin/../lib/gcc/riscv64-unknown-elf/8.3.0/../../../../riscv64-unknown-elf/lib/libg_nano.a(lib_a-rand.o)
                              ./src/platform/mpfs_hal/common/nwc/mss_ddr_debug.o (rand)
/home/vinay/Desktop/soft_console/SoftConsole-v2022.2-RISC-V-747/riscv-unknown-elf-gcc/bin/../lib/gcc/riscv64-unknown-elf/8.3.0/../../../../riscv64-unknown-elf/lib/libg_nano.a(lib_a-sprintf.o)
                              ./src/application/hart1/u54_1.o (sprintf)
/home/vinay/Desktop/soft_console/SoftConsole-v2022.2-RISC-V-747/riscv-unknown-elf-gcc/bin/../lib/gcc/riscv64-unknown-elf/8.3.0/../../../../riscv64-unknown-elf/lib/libg_nano.a(lib_a-malloc.o)
                              /home/vinay/Desktop/soft_console/SoftConsole-v2022.2-RISC-V-747/riscv-unknown-elf-gcc/bin/../lib/gcc/riscv64-unknown-elf/8.3.0/../../../../riscv64-unknown-elf/lib/libg_nano.a(lib_a-rand.o) (malloc)
/home/vinay/Desktop/soft_console/SoftConsole-v2022.2-RISC-V-747/riscv-unknown-elf-gcc/bin/../lib/gcc/riscv64-unknown-elf/8.3.0/../../../../riscv64-unknown-elf/lib/libg_nano.a(lib_a-nano-freer.o)
                              /home/vinay/Desktop/soft_console/SoftConsole-v2022.2-RISC-V-747/riscv-unknown-elf-gcc/bin/../lib/gcc/riscv64-unknown-elf/8.3.0/../../../../riscv64-unknown-elf/lib/libg_nano.a(lib_a-malloc.o) (_free_r)
/home/vinay/Desktop/soft_console/SoftConsole-v2022.2-RISC-V-747/riscv-unknown-elf-gcc/bin/../lib/gcc/riscv64-unknown-elf/8.3.0/../../../../riscv64-unknown-elf/lib/libg_nano.a(lib_a-nano-mallocr.o)
                              /home/vinay/Desktop/soft_console/SoftConsole-v2022.2-RISC-V-747/riscv-unknown-elf-gcc/bin/../lib/gcc/riscv64-unknown-elf/8.3.0/../../../../riscv64-unknown-elf/lib/libg_nano.a(lib_a-malloc.o) (_malloc_r)
/home/vinay/Desktop/soft_console/SoftConsole-v2022.2-RISC-V-747/riscv-unknown-elf-gcc/bin/../lib/gcc/riscv64-unknown-elf/8.3.0/../../../../riscv64-unknown-elf/lib/libg_nano.a(lib_a-nano-svfprintf.o)
                              /home/vinay/Desktop/soft_console/SoftConsole-v2022.2-RISC-V-747/riscv-unknown-elf-gcc/bin/../lib/gcc/riscv64-unknown-elf/8.3.0/../../../../riscv64-unknown-elf/lib/libg_nano.a(lib_a-sprintf.o) (_svfprintf_r)
/home/vinay/Desktop/soft_console/SoftConsole-v2022.2-RISC-V-747/riscv-unknown-elf-gcc/bin/../lib/gcc/riscv64-unknown-elf/8.3.0/../../../../riscv64-unknown-elf/lib/libg_nano.a(lib_a-nano-vfprintf_i.o)
                              /home/vinay/Desktop/soft_console/SoftConsole-v2022.2-RISC-V-747/riscv-unknown-elf-gcc/bin/../lib/gcc/riscv64-unknown-elf/8.3.0/../../../../riscv64-unknown-elf/lib/libg_nano.a(lib_a-nano-svfprintf.o) (_printf_i)
/home/vinay/Desktop/soft_console/SoftConsole-v2022.2-RISC-V-747/riscv-unknown-elf-gcc/bin/../lib/gcc/riscv64-unknown-elf/8.3.0/../../../../riscv64-unknown-elf/lib/libg_nano.a(lib_a-sbrkr.o)
                              /home/vinay/Desktop/soft_console/SoftConsole-v2022.2-RISC-V-747/riscv-unknown-elf-gcc/bin/../lib/gcc/riscv64-unknown-elf/8.3.0/../../../../riscv64-unknown-elf/lib/libg_nano.a(lib_a-nano-mallocr.o) (_sbrk_r)
/home/vinay/Desktop/soft_console/SoftConsole-v2022.2-RISC-V-747/riscv-unknown-elf-gcc/bin/../lib/gcc/riscv64-unknown-elf/8.3.0/../../../../riscv64-unknown-elf/lib/libg_nano.a(lib_a-memchr.o)
                              /home/vinay/Desktop/soft_console/SoftConsole-v2022.2-RISC-V-747/riscv-unknown-elf-gcc/bin/../lib/gcc/riscv64-unknown-elf/8.3.0/../../../../riscv64-unknown-elf/lib/libg_nano.a(lib_a-nano-svfprintf.o) (memchr)
[...]
Memory Configuration

Name             Origin             Length             Attributes
envm             0x0000000020220100 0x000000000001ff00 xr
dtim             0x0000000001000000 0x0000000000001c00 xrw
switch_code_dtim 0x0000000001001c00 0x0000000000000400 xr
e51_itim         0x0000000001800000 0x0000000000007000 xrw
u54_1_itim       0x0000000001808000 0x0000000000007000 xrw
u54_2_itim       0x0000000001810000 0x0000000000007000 xrw
u54_3_itim       0x0000000001818000 0x0000000000007000 xrw
u54_4_itim       0x0000000001820000 0x0000000000007000 xrw
l2lim            0x0000000008000000 0x0000000000040000 xrw
scratchpad       0x000000000a000000 0x0000000000040000 xrw
ddr_cached_32bit 0x0000000080000000 0x0000000030000000 xrw
ddr_non_cached_32bit 0x00000000c0000000 0x0000000010000000 xrw
ddr_wcb_32bit    0x00000000d0000000 0x0000000010000000 xrw
ddr_cached_38bit 0x0000001000000000 0x0000000040000000 xrw
ddr_non_cached_38bit 0x0000001400000000 0x0000000000000000 xrw
ddr_wcb_38bit    0x0000001800000000 0x0000000000000000 xrw
*default*        0x0000000000000000 0xffffffffffffffff

Linker script and memory map

LOAD ./src/platform/mpfs_hal/startup_gcc/mss_entry.o
LOAD ./src/platform/mpfs_hal/startup_gcc/mss_utils.o
LOAD ./src/platform/mpfs_hal/startup_gcc/newlib_stubs.o
LOAD ./src/platform/mpfs_hal/startup_gcc/system_startup.o
LOAD ./src/platform/mpfs_hal/common/nwc/mss_cfm.o
LOAD ./src/platform/mpfs_hal/common/nwc/mss_ddr.o
LOAD ./src/platform/mpfs_hal/common/nwc/mss_ddr_debug.o
LOAD ./src/platform/mpfs_hal/common/nwc/mss_ddr_test_pattern.o
LOAD ./src/platform/mpfs_hal/common/nwc/mss_io.o
LOAD ./src/platform/mpfs_hal/common/nwc/mss_nwc_init.o
LOAD ./src/platform/mpfs_hal/common/nwc/mss_pll.o
LOAD ./src/platform/mpfs_hal/common/nwc/mss_sgmii.o
LOAD ./src/platform/mpfs_hal/common/mss_axiswitch.o
LOAD ./src/platform/mpfs_hal/common/mss_clint.o
LOAD ./src/platform/mpfs_hal/common/mss_h2f.o
LOAD ./src/platform/mpfs_hal/common/mss_irq_handler_stubs.o
LOAD ./src/platform/mpfs_hal/common/mss_l2_cache.o
LOAD ./src/platform/mpfs_hal/common/mss_mpu.o
LOAD ./src/platform/mpfs_hal/common/mss_mtrap.o
LOAD ./src/platform/mpfs_hal/common/mss_peripherals.o
LOAD ./src/platform/mpfs_hal/common/mss_plic.o
LOAD ./src/platform/mpfs_hal/common/mss_pmp.o
LOAD ./src/platform/mpfs_hal/common/mss_util.o
LOAD ./src/platform/hal/hal_irq.o
LOAD ./src/platform/hal/hw_reg_access.o
LOAD ./src/platform/drivers/mss/mss_mmuart/mss_uart.o
LOAD ./src/platform/drivers/mss/mss_gpio/mss_gpio.o
LOAD ./src/application/hart4/u54_4.o
LOAD ./src/application/hart3/u54_3.o
LOAD ./src/application/hart2/u54_2.o
LOAD ./src/application/hart1/u54_1.o
LOAD ./src/application/hart0/e51.o
LOAD /home/vinay/Desktop/soft_console/SoftConsole-v2022.2-RISC-V-747/riscv-unknown-elf-gcc/bin/../lib/gcc/riscv64-unknown-elf/8.3.0/../../../../riscv64-unknown-elf/lib/libm.a
LOAD /home/vinay/Desktop/soft_console/SoftConsole-v2022.2-RISC-V-747/riscv-unknown-elf-gcc/bin/../lib/gcc/riscv64-unknown-elf/8.3.0/libgcc.a
LOAD /home/vinay/Desktop/soft_console/SoftConsole-v2022.2-RISC-V-747/riscv-unknown-elf-gcc/bin/../lib/gcc/riscv64-unknown-elf/8.3.0/../../../../riscv64-unknown-elf/lib/libg_nano.a
LOAD /home/vinay/Desktop/soft_console/SoftConsole-v2022.2-RISC-V-747/riscv-unknown-elf-gcc/bin/../lib/gcc/riscv64-unknown-elf/8.3.0/../../../../riscv64-unknown-elf/lib/libc_nano.a
LOAD /home/vinay/Desktop/soft_console/SoftConsole-v2022.2-RISC-V-747/riscv-unknown-elf-gcc/bin/../lib/gcc/riscv64-unknown-elf/8.3.0/libgcc.a
START GROUP
LOAD /home/vinay/Desktop/soft_console/SoftConsole-v2022.2-RISC-V-747/riscv-unknown-elf-gcc/bin/../lib/gcc/riscv64-unknown-elf/8.3.0/libgcc.a
LOAD /home/vinay/Desktop/soft_console/SoftConsole-v2022.2-RISC-V-747/riscv-unknown-elf-gcc/bin/../lib/gcc/riscv64-unknown-elf/8.3.0/../../../../riscv64-unknown-elf/lib/libc_nano.a
LOAD /home/vinay/Desktop/soft_console/SoftConsole-v2022.2-RISC-V-747/riscv-unknown-elf-gcc/bin/../lib/gcc/riscv64-unknown-elf/8.3.0/../../../../riscv64-unknown-elf/lib/libnosys.a
END GROUP
START GROUP
LOAD /home/vinay/Desktop/soft_console/SoftConsole-v2022.2-RISC-V-747/riscv-unknown-elf-gcc/bin/../lib/gcc/riscv64-unknown-elf/8.3.0/libgcc.a
LOAD /home/vinay/Desktop/soft_console/SoftConsole-v2022.2-RISC-V-747/riscv-unknown-elf-gcc/bin/../lib/gcc/riscv64-unknown-elf/8.3.0/../../../../riscv64-unknown-elf/lib/libc_nano.a
LOAD /home/vinay/Desktop/soft_console/SoftConsole-v2022.2-RISC-V-747/riscv-unknown-elf-gcc/bin/../lib/gcc/riscv64-unknown-elf/8.3.0/../../../../riscv64-unknown-elf/lib/libnosys.a
END GROUP
                0x0000000000002000                HEAP_SIZE = 0x2000
                0x0000000000001000                SIZE_OF_COMMON_HART_MEM = 0x1000
                0x0000000000001000                STACK_SIZE_E51_STARTUP = 0x1000
                0x0000000000001000                STACK_SIZE_U54_1_STARTUP = 0x1000
                0x0000000000001000                STACK_SIZE_U54_2_STARTUP = 0x1000
                0x0000000000001000                STACK_SIZE_U54_3_STARTUP = 0x1000
                0x0000000000001000                STACK_SIZE_U54_4_STARTUP = 0x1000
                0x0000000000002000                STACK_SIZE_E51_APPLICATION = 0x2000
                0x0000000000002000                STACK_SIZE_U54_1_APPLICATION = 0x2000
                0x0000000000002000                STACK_SIZE_U54_2_APPLICATION = 0x2000
                0x0000000000002000                STACK_SIZE_U54_3_APPLICATION = 0x2000
                0x0000000000002000                STACK_SIZE_U54_4_APPLICATION = 0x2000
                [!provide]                        PROVIDE (__envm_start = ORIGIN (envm))
                [!provide]                        PROVIDE (__envm_end = (ORIGIN (envm) + LENGTH (envm)))
                0x0000000008000000                PROVIDE (__l2lim_start = ORIGIN (l2lim))
                0x0000000008040000                PROVIDE (__l2lim_end = (ORIGIN (l2lim) + LENGTH (l2lim)))
                [!provide]                        PROVIDE (__ddr_cached_32bit_start = ORIGIN (ddr_cached_32bit))
                [!provide]                        PROVIDE (__ddr_cached_32bit_end = (ORIGIN (ddr_cached_32bit) + LENGTH (ddr_cached_32bit)))
                [!provide]                        PROVIDE (__ddr_non_cached_32bit_start = ORIGIN (ddr_non_cached_32bit))
                [!provide]                        PROVIDE (__ddr_non_cached_32bit_end = (ORIGIN (ddr_non_cached_32bit) + LENGTH (ddr_non_cached_32bit)))
                [!provide]                        PROVIDE (__ddr_wcb_32bit_start = ORIGIN (ddr_wcb_32bit))
                [!provide]                        PROVIDE (__ddr_wcb_32bit_end = (ORIGIN (ddr_wcb_32bit) + LENGTH (ddr_wcb_32bit)))
                [!provide]                        PROVIDE (__ddr_cached_38bit_start = ORIGIN (ddr_cached_38bit))
                [!provide]                        PROVIDE (__ddr_cached_38bit_end = (ORIGIN (ddr_cached_38bit) + LENGTH (ddr_cached_38bit)))
                [!provide]                        PROVIDE (__ddr_non_cached_38bit_start = ORIGIN (ddr_non_cached_38bit))
                [!provide]                        PROVIDE (__ddr_non_cached_38bit_end = (ORIGIN (ddr_non_cached_38bit) + LENGTH (ddr_non_cached_38bit)))
                [!provide]                        PROVIDE (__ddr_wcb_38bit_start = ORIGIN (ddr_wcb_38bit))
                [!provide]                        PROVIDE (__ddr_wcb_38bit_end = (ORIGIN (ddr_wcb_38bit) + LENGTH (ddr_wcb_38bit)))
                [!provide]                        PROVIDE (__dtim_start = ORIGIN (dtim))
                [!provide]                        PROVIDE (__dtim_end = (ORIGIN (dtim) + LENGTH (dtim)))
                [!provide]                        PROVIDE (__e51itim_start = ORIGIN (e51_itim))
                [!provide]                        PROVIDE (__e51itim_end = (ORIGIN (e51_itim) + LENGTH (e51_itim)))
                [!provide]                        PROVIDE (__u54_1_itim_start = ORIGIN (u54_1_itim))
                [!provide]                        PROVIDE (__u54_1_itim_end = (ORIGIN (u54_1_itim) + LENGTH (u54_1_itim)))
                [!provide]                        PROVIDE (__u54_2_itim_start = ORIGIN (u54_2_itim))
                [!provide]                        PROVIDE (__u54_2_itim_end = (ORIGIN (u54_2_itim) + LENGTH (u54_2_itim)))
                [!provide]                        PROVIDE (__u54_3_itim_start = ORIGIN (u54_3_itim))
                [!provide]                        PROVIDE (__u54_3_itim_end = (ORIGIN (u54_3_itim) + LENGTH (u54_3_itim)))
                [!provide]                        PROVIDE (__u54_4_itim_start = ORIGIN (u54_4_itim))
                [!provide]                        PROVIDE (__u54_4_itim_end = (ORIGIN (u54_4_itim) + LENGTH (u54_4_itim)))
                0x0000000008000000                . = __l2lim_start

.text_init      0x0000000008000000      0xd50
 *(.text.init)
 .text.init     0x0000000008000000      0x510 ./src/platform/mpfs_hal/startup_gcc/mss_entry.o
                0x0000000008000000                reset_vector
                0x0000000008000000                _start
                0x00000000080003d0                zero_section
                0x00000000080003e4                count_section
                0x00000000080003fc                copy_section
                0x000000000800041c                copy_switch_code
 .text.init     0x0000000008000510       0xba ./src/platform/mpfs_hal/startup_gcc/mss_utils.o
                0x0000000008000510                pdma_transfer
                0x000000000800054a                pdma_transfer_complete
                0x000000000800055e                memfill
                0x0000000008000570                config_copy
                0x0000000008000586                config_16_copy
                0x000000000800059c                config_32_copy
                0x00000000080005b2                config_64_copy
 *system_startup.o(.text .text* .rodata .rodata* .srodata*)
 .text.load_virtual_rom
                0x00000000080005ca       0x14 ./src/platform/mpfs_hal/startup_gcc/system_startup.o
                0x00000000080005ca                load_virtual_rom
 .text.init_memory
                0x00000000080005de       0x84 ./src/platform/mpfs_hal/startup_gcc/system_startup.o
                0x00000000080005de                init_memory
 .text.init_bus_error_unit
                0x0000000008000662       0x38 ./src/platform/mpfs_hal/startup_gcc/system_startup.o
                0x0000000008000662                init_bus_error_unit
 .text.init_mem_protection_unit
                0x000000000800069a       0x14 ./src/platform/mpfs_hal/startup_gcc/system_startup.o
                0x000000000800069a                init_mem_protection_unit
 .text.init_pmp
                0x00000000080006ae       0x14 ./src/platform/mpfs_hal/startup_gcc/system_startup.o
                0x00000000080006ae                init_pmp
 .text.main_other_hart
                0x00000000080006c2       0xda ./src/platform/mpfs_hal/startup_gcc/system_startup.o
                0x00000000080006c2                main_other_hart
 *fill*         0x000000000800079c        0x0 
 .rodata.main_other_hart
                0x000000000800079c       0x14 ./src/platform/mpfs_hal/startup_gcc/system_startup.o
 .text.main_first_hart
                0x00000000080007b0      0x25e ./src/platform/mpfs_hal/startup_gcc/system_startup.o
                0x00000000080007b0                main_first_hart
 *fill*         0x0000000008000a0e        0x2 
 .rodata.rom    0x0000000008000a10       0x20 ./src/platform/mpfs_hal/startup_gcc/system_startup.o
                0x0000000008000a10                rom
 *mtrap.o(.text .text* .rodata .rodata* .srodata*)
 .text.handle_m_ext_interrupt
                0x0000000008000a30      0x130 ./src/platform/mpfs_hal/common/mss_mtrap.o
                0x0000000008000a30                handle_m_ext_interrupt
 .rodata.handle_m_ext_interrupt
                0x0000000008000b60       0x14 ./src/platform/mpfs_hal/common/mss_mtrap.o
 .text.handle_local_interrupt
                0x0000000008000b74       0x20 ./src/platform/mpfs_hal/common/mss_mtrap.o
                0x0000000008000b74                handle_local_interrupt
 .text.trap_from_machine_mode
                0x0000000008000b94       0x8c ./src/platform/mpfs_hal/common/mss_mtrap.o
                0x0000000008000b94                trap_from_machine_mode
 *mss_h2f.o(.text .text* .rodata .rodata* .srodata*)
 *mss_l2_cache.o(.text .text* .rodata .rodata* .srodata*)
 .text.config_l2_cache
                0x0000000008000c20      0x118 ./src/platform/mpfs_hal/common/mss_l2_cache.o
                0x0000000008000c20                config_l2_cache
 *fill*         0x0000000008000d38        0x0 
 .rodata.config_l2_cache.cst8
                0x0000000008000d38       0x10 ./src/platform/mpfs_hal/common/mss_l2_cache.o
                0x0000000008000d50                . = ALIGN (0x10)
 *fill*         0x0000000008000d48        0x8 

.text           0x000000000a000000     0x7160 load address 0x0000000008000d50
                0x0000000008000d50                __text_load = LOADADDR (.text)
                0x000000000a000000                . = ALIGN (0x10)
                0x000000000a000000                __text_start = .
                0x000000000a000000                __l2_scratchpad_vma_start = .
 *(.text .text.* .gnu.linkonce.t.*)
 .text._sbrk    0x000000000a000000       0x48 ./src/platform/mpfs_hal/startup_gcc/newlib_stubs.o
                0x000000000a000000                _sbrk
 .text.delay    0x000000000a000048       0x1c ./src/platform/mpfs_hal/common/nwc/mss_ddr.o
 .text.mode_register_masked_write_x5
                0x000000000a000064       0x78 ./src/platform/mpfs_hal/common/nwc/mss_ddr.o
 .text.MTC_test.isra.0.part.1.constprop.9
                0x000000000a0000dc      0x228 ./src/platform/mpfs_hal/common/nwc/mss_ddr.o
 .text.MTC_test.isra.0.constprop.8
                0x000000000a000304        0xe ./src/platform/mpfs_hal/common/nwc/mss_ddr.o
 .text.setup_ddr_segments
                0x000000000a000312       0x5a ./src/platform/mpfs_hal/common/nwc/mss_ddr.o
                0x000000000a000312                setup_ddr_segments
 .text.ddr_state_machine
                0x000000000a00036c     0x216a ./src/platform/mpfs_hal/common/nwc/mss_ddr.o
                0x000000000a00036c                ddr_state_machine
 .text.ddr_write
                0x000000000a0024d6      0x134 ./src/platform/mpfs_hal/common/nwc/mss_ddr_debug.o
 .text.ddr_read
                0x000000000a00260a      0x188 ./src/platform/mpfs_hal/common/nwc/mss_ddr_debug.o
 .text.ddr_read_write_fn
                0x000000000a002792       0x98 ./src/platform/mpfs_hal/common/nwc/mss_ddr_debug.o
                0x000000000a002792                ddr_read_write_fn
 .text.load_ddr_pattern
                0x000000000a00282a       0xf0 ./src/platform/mpfs_hal/common/nwc/mss_ddr_debug.o
                0x000000000a00282a                load_ddr_pattern
 .text.test_ddr
                0x000000000a00291a      0x102 ./src/platform/mpfs_hal/common/nwc/mss_ddr_debug.o
                0x000000000a00291a                test_ddr
 .text.io_mux_and_bank_config
                0x000000000a002a1c       0x6e ./src/platform/mpfs_hal/common/nwc/mss_io.o
 .text.mssio_setup
                0x000000000a002a8a       0x30 ./src/platform/mpfs_hal/common/nwc/mss_io.o
                0x000000000a002a8a                mssio_setup
 .text.mss_set_gpio_interrupt_fab_cr
                0x000000000a002aba        0x8 ./src/platform/mpfs_hal/common/nwc/mss_io.o
                0x000000000a002aba                mss_set_gpio_interrupt_fab_cr
 .text.delay.constprop.1
                0x000000000a002ac2       0x1a ./src/platform/mpfs_hal/common/nwc/mss_nwc_init.o
 .text.mss_nwc_init
                0x000000000a002adc       0x92 ./src/platform/mpfs_hal/common/nwc/mss_nwc_init.o
                0x000000000a002adc                mss_nwc_init
 .text.ddr_report_progress
                0x000000000a002b6e        0x2 ./src/platform/mpfs_hal/common/nwc/mss_nwc_init.o
                0x000000000a002b6e                ddr_report_progress
 .text.mss_nwc_init_ddr
                0x000000000a002b70       0x58 ./src/platform/mpfs_hal/common/nwc/mss_nwc_init.o
                0x000000000a002b70                mss_nwc_init_ddr
 .text.set_RTC_divisor
                0x000000000a002bc8       0x22 ./src/platform/mpfs_hal/common/nwc/mss_pll.o
                0x000000000a002bc8                set_RTC_divisor
 .text.sgmii_mux_config
                0x000000000a002bea       0x22 ./src/platform/mpfs_hal/common/nwc/mss_pll.o
                0x000000000a002bea                sgmii_mux_config
 .text.flag_mss_pll_lock_error
                0x000000000a002c0c        0x4 ./src/platform/mpfs_hal/common/nwc/mss_pll.o
                0x000000000a002c0c                flag_mss_pll_lock_error
 .text.ddr_pll_config
                0x000000000a002c10       0xae ./src/platform/mpfs_hal/common/nwc/mss_pll.o
                0x000000000a002c10                ddr_pll_config
 .text.ddr_pll_lock_scb
                0x000000000a002cbe       0x14 ./src/platform/mpfs_hal/common/nwc/mss_pll.o
                0x000000000a002cbe                ddr_pll_lock_scb
 .text.sgmii_pll_config_scb
                0x000000000a002cd2       0x54 ./src/platform/mpfs_hal/common/nwc/mss_pll.o
                0x000000000a002cd2                sgmii_pll_config_scb
 .text.mss_pll_config
                0x000000000a002d26      0x124 ./src/platform/mpfs_hal/common/nwc/mss_pll.o
                0x000000000a002d26                mss_pll_config
 .text.setup_sgmii_rpc_per_config
                0x000000000a002e4a       0x56 ./src/platform/mpfs_hal/common/nwc/mss_sgmii.o
 .text.sgmii_setup
                0x000000000a002ea0      0x354 ./src/platform/mpfs_hal/common/nwc/mss_sgmii.o
                0x000000000a002ea0                sgmii_setup
 .text.ddr_pvt_calibration
                0x000000000a0031f4       0x9e ./src/platform/mpfs_hal/common/nwc/mss_sgmii.o
                0x000000000a0031f4                ddr_pvt_calibration
 .text.handle_m_timer_interrupt
                0x000000000a003292       0x94 ./src/platform/mpfs_hal/common/mss_clint.o
                0x000000000a003292                handle_m_timer_interrupt
 .text.handle_m_soft_interrupt
                0x000000000a003326       0x6c ./src/platform/mpfs_hal/common/mss_clint.o
                0x000000000a003326                handle_m_soft_interrupt
 .text.U54_1_software_IRQHandler
                0x000000000a003392        0x2 ./src/platform/mpfs_hal/common/mss_irq_handler_stubs.o
                0x000000000a003392                U54_1_software_IRQHandler
 .text.E51_sysTick_IRQHandler
                0x000000000a003394        0x2 ./src/platform/mpfs_hal/common/mss_irq_handler_stubs.o
                0x000000000a003394                E51_sysTick_IRQHandler
 .text.U54_1_sysTick_IRQHandler
                0x000000000a003396        0x2 ./src/platform/mpfs_hal/common/mss_irq_handler_stubs.o
                0x000000000a003396                U54_1_sysTick_IRQHandler
 .text.U54_2_sysTick_IRQHandler
                0x000000000a003398        0x2 ./src/platform/mpfs_hal/common/mss_irq_handler_stubs.o
                0x000000000a003398                U54_2_sysTick_IRQHandler
 .text.U54_3_sysTick_IRQHandler
                0x000000000a00339a        0x2 ./src/platform/mpfs_hal/common/mss_irq_handler_stubs.o
                0x000000000a00339a                U54_3_sysTick_IRQHandler
 .text.U54_4_sysTick_IRQHandler
                0x000000000a00339c        0x2 ./src/platform/mpfs_hal/common/mss_irq_handler_stubs.o
                0x000000000a00339c                U54_4_sysTick_IRQHandler
 .text.PLIC_Invalid_IRQHandler
                0x000000000a00339e        0x4 ./src/platform/mpfs_hal/common/mss_irq_handler_stubs.o
                0x000000000a00339e                PLIC_Invalid_IRQHandler
 .text.PLIC_dma_ch0_DONE_IRQHandler
                0x000000000a0033a2        0x4 ./src/platform/mpfs_hal/common/mss_irq_handler_stubs.o
                0x000000000a0033a2                PLIC_dma_ch0_DONE_IRQHandler
 .text.PLIC_dma_ch0_ERR_IRQHandler
                0x000000000a0033a6        0x4 ./src/platform/mpfs_hal/common/mss_irq_handler_stubs.o
                0x000000000a0033a6                PLIC_dma_ch0_ERR_IRQHandler
 .text.PLIC_dma_ch1_DONE_IRQHandler
                0x000000000a0033aa        0x4 ./src/platform/mpfs_hal/common/mss_irq_handler_stubs.o
                0x000000000a0033aa                PLIC_dma_ch1_DONE_IRQHandler
 .text.PLIC_dma_ch1_ERR_IRQHandler
                0x000000000a0033ae        0x4 ./src/platform/mpfs_hal/common/mss_irq_handler_stubs.o
                0x000000000a0033ae                PLIC_dma_ch1_ERR_IRQHandler
 .text.PLIC_dma_ch2_DONE_IRQHandler
                0x000000000a0033b2        0x4 ./src/platform/mpfs_hal/common/mss_irq_handler_stubs.o
                0x000000000a0033b2                PLIC_dma_ch2_DONE_IRQHandler
 .text.PLIC_dma_ch2_ERR_IRQHandler
                0x000000000a0033b6        0x4 ./src/platform/mpfs_hal/common/mss_irq_handler_stubs.o
                0x000000000a0033b6                PLIC_dma_ch2_ERR_IRQHandler
 .text.PLIC_dma_ch3_DONE_IRQHandler
                0x000000000a0033ba        0x4 ./src/platform/mpfs_hal/common/mss_irq_handler_stubs.o
                0x000000000a0033ba                PLIC_dma_ch3_DONE_IRQHandler
 .text.PLIC_dma_ch3_ERR_IRQHandler
                0x000000000a0033be        0x4 ./src/platform/mpfs_hal/common/mss_irq_handler_stubs.o
                0x000000000a0033be                PLIC_dma_ch3_ERR_IRQHandler
 .text.PLIC_l2_metadata_corr_IRQHandler
                0x000000000a0033c2        0x4 ./src/platform/mpfs_hal/common/mss_irq_handler_stubs.o
                0x000000000a0033c2                PLIC_l2_metadata_corr_IRQHandler
 .text.PLIC_l2_metadata_uncorr_IRQHandler
                0x000000000a0033c6        0x4 ./src/platform/mpfs_hal/common/mss_irq_handler_stubs.o
                0x000000000a0033c6                PLIC_l2_metadata_uncorr_IRQHandler
 .text.PLIC_l2_data_corr_IRQHandler
                0x000000000a0033ca        0x4 ./src/platform/mpfs_hal/common/mss_irq_handler_stubs.o
                0x000000000a0033ca                PLIC_l2_data_corr_IRQHandler
 .text.PLIC_l2_data_uncorr_IRQHandler
                0x000000000a0033ce        0x4 ./src/platform/mpfs_hal/common/mss_irq_handler_stubs.o
                0x000000000a0033ce                PLIC_l2_data_uncorr_IRQHandler
 .text.PLIC_gpio0_bit0_or_gpio2_bit13_IRQHandler
                0x000000000a0033d2        0x4 ./src/platform/mpfs_hal/common/mss_irq_handler_stubs.o
                0x000000000a0033d2                PLIC_gpio0_bit0_or_gpio2_bit13_IRQHandler
 .text.PLIC_gpio0_bit1_or_gpio2_bit13_IRQHandler
                0x000000000a0033d6        0x4 ./src/platform/mpfs_hal/common/mss_irq_handler_stubs.o
                0x000000000a0033d6                PLIC_gpio0_bit1_or_gpio2_bit13_IRQHandler
 .text.PLIC_gpio0_bit2_or_gpio2_bit13_IRQHandler
                0x000000000a0033da        0x4 ./src/platform/mpfs_hal/common/mss_irq_handler_stubs.o
                0x000000000a0033da                PLIC_gpio0_bit2_or_gpio2_bit13_IRQHandler
 .text.PLIC_gpio0_bit3_or_gpio2_bit13_IRQHandler
                0x000000000a0033de        0x4 ./src/platform/mpfs_hal/common/mss_irq_handler_stubs.o
                0x000000000a0033de                PLIC_gpio0_bit3_or_gpio2_bit13_IRQHandler
 .text.PLIC_gpio0_bit4_or_gpio2_bit13_IRQHandler
                0x000000000a0033e2        0x4 ./src/platform/mpfs_hal/common/mss_irq_handler_stubs.o
                0x000000000a0033e2                PLIC_gpio0_bit4_or_gpio2_bit13_IRQHandler
 .text.PLIC_gpio0_bit5_or_gpio2_bit13_IRQHandler
                0x000000000a0033e6        0x4 ./src/platform/mpfs_hal/common/mss_irq_handler_stubs.o
                0x000000000a0033e6                PLIC_gpio0_bit5_or_gpio2_bit13_IRQHandler
 .text.PLIC_gpio0_bit6_or_gpio2_bit13_IRQHandler
                0x000000000a0033ea        0x4 ./src/platform/mpfs_hal/common/mss_irq_handler_stubs.o
                0x000000000a0033ea                PLIC_gpio0_bit6_or_gpio2_bit13_IRQHandler
 .text.PLIC_gpio0_bit7_or_gpio2_bit13_IRQHandler
                0x000000000a0033ee        0x4 ./src/platform/mpfs_hal/common/mss_irq_handler_stubs.o
                0x000000000a0033ee                PLIC_gpio0_bit7_or_gpio2_bit13_IRQHandler
 .text.PLIC_gpio0_bit8_or_gpio2_bit13_IRQHandler
                0x000000000a0033f2        0x4 ./src/platform/mpfs_hal/common/mss_irq_handler_stubs.o
                0x000000000a0033f2                PLIC_gpio0_bit8_or_gpio2_bit13_IRQHandler
 .text.PLIC_gpio0_bit9_or_gpio2_bit13_IRQHandler
                0x000000000a0033f6        0x4 ./src/platform/mpfs_hal/common/mss_irq_handler_stubs.o
                0x000000000a0033f6                PLIC_gpio0_bit9_or_gpio2_bit13_IRQHandler
 .text.PLIC_gpio0_bit10_or_gpio2_bit13_IRQHandler
                0x000000000a0033fa        0x4 ./src/platform/mpfs_hal/common/mss_irq_handler_stubs.o
                0x000000000a0033fa                PLIC_gpio0_bit10_or_gpio2_bit13_IRQHandler
 .text.PLIC_gpio0_bit11_or_gpio2_bit13_IRQHandler
                0x000000000a0033fe        0x4 ./src/platform/mpfs_hal/common/mss_irq_handler_stubs.o
                0x000000000a0033fe                PLIC_gpio0_bit11_or_gpio2_bit13_IRQHandler
 .text.PLIC_gpio0_bit12_or_gpio2_bit13_IRQHandler
                0x000000000a003402        0x4 ./src/platform/mpfs_hal/common/mss_irq_handler_stubs.o
                0x000000000a003402                PLIC_gpio0_bit12_or_gpio2_bit13_IRQHandler
 .text.PLIC_gpio0_bit13_or_gpio2_bit13_IRQHandler
                0x000000000a003406        0x4 ./src/platform/mpfs_hal/common/mss_irq_handler_stubs.o
                0x000000000a003406                PLIC_gpio0_bit13_or_gpio2_bit13_IRQHandler
 .text.PLIC_gpio1_bit0_or_gpio2_bit14_IRQHandler
                0x000000000a00340a        0x4 ./src/platform/mpfs_hal/common/mss_irq_handler_stubs.o
                0x000000000a00340a                PLIC_gpio1_bit0_or_gpio2_bit14_IRQHandler
 .text.PLIC_gpio1_bit1_or_gpio2_bit15_IRQHandler
                0x000000000a00340e        0x4 ./src/platform/mpfs_hal/common/mss_irq_handler_stubs.o
                0x000000000a00340e                PLIC_gpio1_bit1_or_gpio2_bit15_IRQHandler
 .text.PLIC_gpio1_bit2_or_gpio2_bit16_IRQHandler
                0x000000000a003412        0x4 ./src/platform/mpfs_hal/common/mss_irq_handler_stubs.o
                0x000000000a003412                PLIC_gpio1_bit2_or_gpio2_bit16_IRQHandler
 .text.PLIC_gpio1_bit3_or_gpio2_bit17_IRQHandler
                0x000000000a003416        0x4 ./src/platform/mpfs_hal/common/mss_irq_handler_stubs.o
                0x000000000a003416                PLIC_gpio1_bit3_or_gpio2_bit17_IRQHandler
 .text.PLIC_gpio1_bit4_or_gpio2_bit18_IRQHandler
                0x000000000a00341a        0x4 ./src/platform/mpfs_hal/common/mss_irq_handler_stubs.o
                0x000000000a00341a                PLIC_gpio1_bit4_or_gpio2_bit18_IRQHandler
 .text.PLIC_gpio1_bit5_or_gpio2_bit19_IRQHandler
                0x000000000a00341e        0x4 ./src/platform/mpfs_hal/common/mss_irq_handler_stubs.o
                0x000000000a00341e                PLIC_gpio1_bit5_or_gpio2_bit19_IRQHandler
 .text.PLIC_gpio1_bit6_or_gpio2_bit20_IRQHandler
                0x000000000a003422        0x4 ./src/platform/mpfs_hal/common/mss_irq_handler_stubs.o
                0x000000000a003422                PLIC_gpio1_bit6_or_gpio2_bit20_IRQHandler
 .text.PLIC_gpio1_bit7_or_gpio2_bit21_IRQHandler
                0x000000000a003426        0x4 ./src/platform/mpfs_hal/common/mss_irq_handler_stubs.o
                0x000000000a003426                PLIC_gpio1_bit7_or_gpio2_bit21_IRQHandler
 .text.PLIC_gpio1_bit8_or_gpio2_bit22_IRQHandler
                0x000000000a00342a        0x4 ./src/platform/mpfs_hal/common/mss_irq_handler_stubs.o
                0x000000000a00342a                PLIC_gpio1_bit8_or_gpio2_bit22_IRQHandler
 .text.PLIC_gpio1_bit9_or_gpio2_bit23_IRQHandler
                0x000000000a00342e        0x4 ./src/platform/mpfs_hal/common/mss_irq_handler_stubs.o
                0x000000000a00342e                PLIC_gpio1_bit9_or_gpio2_bit23_IRQHandler
 .text.PLIC_gpio1_bit10_or_gpio2_bit24_IRQHandler
                0x000000000a003432        0x4 ./src/platform/mpfs_hal/common/mss_irq_handler_stubs.o
                0x000000000a003432                PLIC_gpio1_bit10_or_gpio2_bit24_IRQHandler
 .text.PLIC_gpio1_bit11_or_gpio2_bit25_IRQHandler
                0x000000000a003436        0x4 ./src/platform/mpfs_hal/common/mss_irq_handler_stubs.o
                0x000000000a003436                PLIC_gpio1_bit11_or_gpio2_bit25_IRQHandler
 .text.PLIC_gpio1_bit12_or_gpio2_bit26_IRQHandler
                0x000000000a00343a        0x4 ./src/platform/mpfs_hal/common/mss_irq_handler_stubs.o
                0x000000000a00343a                PLIC_gpio1_bit12_or_gpio2_bit26_IRQHandler
 .text.PLIC_gpio1_bit13_or_gpio2_bit27_IRQHandler
                0x000000000a00343e        0x4 ./src/platform/mpfs_hal/common/mss_irq_handler_stubs.o
                0x000000000a00343e                PLIC_gpio1_bit13_or_gpio2_bit27_IRQHandler
 .text.PLIC_gpio1_bit14_or_gpio2_bit28_IRQHandler
                0x000000000a003442        0x4 ./src/platform/mpfs_hal/common/mss_irq_handler_stubs.o
                0x000000000a003442                PLIC_gpio1_bit14_or_gpio2_bit28_IRQHandler
 .text.PLIC_gpio1_bit15_or_gpio2_bit29_IRQHandler
                0x000000000a003446        0x4 ./src/platform/mpfs_hal/common/mss_irq_handler_stubs.o
                0x000000000a003446                PLIC_gpio1_bit15_or_gpio2_bit29_IRQHandler
 .text.PLIC_gpio1_bit16_or_gpio2_bit30_IRQHandler
                0x000000000a00344a        0x4 ./src/platform/mpfs_hal/common/mss_irq_handler_stubs.o
                0x000000000a00344a                PLIC_gpio1_bit16_or_gpio2_bit30_IRQHandler
 .text.PLIC_gpio1_bit17_or_gpio2_bit31_IRQHandler
                0x000000000a00344e        0x4 ./src/platform/mpfs_hal/common/mss_irq_handler_stubs.o
                0x000000000a00344e                PLIC_gpio1_bit17_or_gpio2_bit31_IRQHandler
 .text.PLIC_gpio1_bit18_IRQHandler
                0x000000000a003452        0x4 ./src/platform/mpfs_hal/common/mss_irq_handler_stubs.o
                0x000000000a003452                PLIC_gpio1_bit18_IRQHandler
 .text.PLIC_gpio1_bit19_IRQHandler
                0x000000000a003456        0x4 ./src/platform/mpfs_hal/common/mss_irq_handler_stubs.o
                0x000000000a003456                PLIC_gpio1_bit19_IRQHandler
 .text.PLIC_gpio1_bit20_IRQHandler
                0x000000000a00345a        0x4 ./src/platform/mpfs_hal/common/mss_irq_handler_stubs.o
                0x000000000a00345a                PLIC_gpio1_bit20_IRQHandler
 .text.PLIC_gpio1_bit21_IRQHandler
                0x000000000a00345e        0x4 ./src/platform/mpfs_hal/common/mss_irq_handler_stubs.o
                0x000000000a00345e                PLIC_gpio1_bit21_IRQHandler
 .text.PLIC_gpio1_bit22_IRQHandler
                0x000000000a003462        0x4 ./src/platform/mpfs_hal/common/mss_irq_handler_stubs.o
                0x000000000a003462                PLIC_gpio1_bit22_IRQHandler
 .text.PLIC_gpio1_bit23_IRQHandler
                0x000000000a003466        0x4 ./src/platform/mpfs_hal/common/mss_irq_handler_stubs.o
                0x000000000a003466                PLIC_gpio1_bit23_IRQHandler
 .text.PLIC_gpio0_non_direct_IRQHandler
                0x000000000a00346a        0x4 ./src/platform/mpfs_hal/common/mss_irq_handler_stubs.o
                0x000000000a00346a                PLIC_gpio0_non_direct_IRQHandler
 .text.PLIC_gpio1_non_direct_IRQHandler
                0x000000000a00346e        0x4 ./src/platform/mpfs_hal/common/mss_irq_handler_stubs.o
                0x000000000a00346e                PLIC_gpio1_non_direct_IRQHandler
 .text.PLIC_gpio2_non_direct_IRQHandler
                0x000000000a003472        0x4 ./src/platform/mpfs_hal/common/mss_irq_handler_stubs.o
                0x000000000a003472                PLIC_gpio2_non_direct_IRQHandler
 .text.PLIC_spi0_IRQHandler
                0x000000000a003476        0x4 ./src/platform/mpfs_hal/common/mss_irq_handler_stubs.o
                0x000000000a003476                PLIC_spi0_IRQHandler
 .text.PLIC_spi1_IRQHandler
                0x000000000a00347a        0x4 ./src/platform/mpfs_hal/common/mss_irq_handler_stubs.o
                0x000000000a00347a                PLIC_spi1_IRQHandler
 .text.PLIC_external_can0_IRQHandler
                0x000000000a00347e        0x4 ./src/platform/mpfs_hal/common/mss_irq_handler_stubs.o
                0x000000000a00347e                PLIC_external_can0_IRQHandler
 .text.PLIC_can1_IRQHandler
                0x000000000a003482        0x4 ./src/platform/mpfs_hal/common/mss_irq_handler_stubs.o
                0x000000000a003482                PLIC_can1_IRQHandler
 .text.PLIC_External_i2c0_main_IRQHandler
                0x000000000a003486        0x4 ./src/platform/mpfs_hal/common/mss_irq_handler_stubs.o
                0x000000000a003486                PLIC_External_i2c0_main_IRQHandler
 .text.PLIC_External_i2c0_alert_IRQHandler
                0x000000000a00348a        0x4 ./src/platform/mpfs_hal/common/mss_irq_handler_stubs.o
                0x000000000a00348a                PLIC_External_i2c0_alert_IRQHandler
 .text.PLIC_i2c0_sus_IRQHandler
                0x000000000a00348e        0x4 ./src/platform/mpfs_hal/common/mss_irq_handler_stubs.o
                0x000000000a00348e                PLIC_i2c0_sus_IRQHandler
 .text.PLIC_i2c1_main_IRQHandler
                0x000000000a003492        0x4 ./src/platform/mpfs_hal/common/mss_irq_handler_stubs.o
                0x000000000a003492                PLIC_i2c1_main_IRQHandler
 .text.PLIC_i2c1_alert_IRQHandler
                0x000000000a003496        0x4 ./src/platform/mpfs_hal/common/mss_irq_handler_stubs.o
                0x000000000a003496                PLIC_i2c1_alert_IRQHandler
 .text.PLIC_i2c1_sus_IRQHandler
                0x000000000a00349a        0x4 ./src/platform/mpfs_hal/common/mss_irq_handler_stubs.o
                0x000000000a00349a                PLIC_i2c1_sus_IRQHandler
 .text.PLIC_mac0_int_IRQHandler
                0x000000000a00349e        0x4 ./src/platform/mpfs_hal/common/mss_irq_handler_stubs.o
                0x000000000a00349e                PLIC_mac0_int_IRQHandler
 .text.PLIC_mac0_queue1_IRQHandler
                0x000000000a0034a2        0x4 ./src/platform/mpfs_hal/common/mss_irq_handler_stubs.o
                0x000000000a0034a2                PLIC_mac0_queue1_IRQHandler
 .text.PLIC_mac0_queue2_IRQHandler
                0x000000000a0034a6        0x4 ./src/platform/mpfs_hal/common/mss_irq_handler_stubs.o
                0x000000000a0034a6                PLIC_mac0_queue2_IRQHandler
 .text.PLIC_mac0_queue3_IRQHandler
                0x000000000a0034aa        0x4 ./src/platform/mpfs_hal/common/mss_irq_handler_stubs.o
                0x000000000a0034aa                PLIC_mac0_queue3_IRQHandler
 .text.PLIC_mac0_emac_IRQHandler
                0x000000000a0034ae        0x4 ./src/platform/mpfs_hal/common/mss_irq_handler_stubs.o
                0x000000000a0034ae                PLIC_mac0_emac_IRQHandler
 .text.PLIC_mac0_mmsl_IRQHandler
                0x000000000a0034b2        0x4 ./src/platform/mpfs_hal/common/mss_irq_handler_stubs.o
                0x000000000a0034b2                PLIC_mac0_mmsl_IRQHandler
 .text.PLIC_mac1_int_IRQHandler
                0x000000000a0034b6        0x4 ./src/platform/mpfs_hal/common/mss_irq_handler_stubs.o
                0x000000000a0034b6                PLIC_mac1_int_IRQHandler
 .text.PLIC_mac1_queue1_IRQHandler
                0x000000000a0034ba        0x4 ./src/platform/mpfs_hal/common/mss_irq_handler_stubs.o
                0x000000000a0034ba                PLIC_mac1_queue1_IRQHandler
 .text.PLIC_mac1_queue2_IRQHandler
                0x000000000a0034be        0x4 ./src/platform/mpfs_hal/common/mss_irq_handler_stubs.o
                0x000000000a0034be                PLIC_mac1_queue2_IRQHandler
 .text.PLIC_mac1_queue3_IRQHandler
                0x000000000a0034c2        0x4 ./src/platform/mpfs_hal/common/mss_irq_handler_stubs.o
                0x000000000a0034c2                PLIC_mac1_queue3_IRQHandler
 .text.PLIC_mac1_emac_IRQHandler
                0x000000000a0034c6        0x4 ./src/platform/mpfs_hal/common/mss_irq_handler_stubs.o
                0x000000000a0034c6                PLIC_mac1_emac_IRQHandler
 .text.PLIC_mac1_mmsl_IRQHandler
                0x000000000a0034ca        0x4 ./src/platform/mpfs_hal/common/mss_irq_handler_stubs.o
                0x000000000a0034ca                PLIC_mac1_mmsl_IRQHandler
 .text.PLIC_ddrc_train_IRQHandler
                0x000000000a0034ce        0x4 ./src/platform/mpfs_hal/common/mss_irq_handler_stubs.o
                0x000000000a0034ce                PLIC_ddrc_train_IRQHandler
 .text.PLIC_scb_interrupt_IRQHandler
                0x000000000a0034d2        0x4 ./src/platform/mpfs_hal/common/mss_irq_handler_stubs.o
                0x000000000a0034d2                PLIC_scb_interrupt_IRQHandler
 .text.PLIC_ecc_error_IRQHandler
                0x000000000a0034d6        0x4 ./src/platform/mpfs_hal/common/mss_irq_handler_stubs.o
                0x000000000a0034d6                PLIC_ecc_error_IRQHandler
 .text.PLIC_ecc_correct_IRQHandler
                0x000000000a0034da        0x4 ./src/platform/mpfs_hal/common/mss_irq_handler_stubs.o
                0x000000000a0034da                PLIC_ecc_correct_IRQHandler
 .text.PLIC_rtc_wakeup_IRQHandler
                0x000000000a0034de        0x4 ./src/platform/mpfs_hal/common/mss_irq_handler_stubs.o
                0x000000000a0034de                PLIC_rtc_wakeup_IRQHandler
 .text.PLIC_rtc_match_IRQHandler
                0x000000000a0034e2        0x4 ./src/platform/mpfs_hal/common/mss_irq_handler_stubs.o
                0x000000000a0034e2                PLIC_rtc_match_IRQHandler
 .text.PLIC_timer1_IRQHandler
                0x000000000a0034e6        0x4 ./src/platform/mpfs_hal/common/mss_irq_handler_stubs.o
                0x000000000a0034e6                PLIC_timer1_IRQHandler
 .text.PLIC_timer2_IRQHandler
                0x000000000a0034ea        0x4 ./src/platform/mpfs_hal/common/mss_irq_handler_stubs.o
                0x000000000a0034ea                PLIC_timer2_IRQHandler
 .text.PLIC_envm_IRQHandler
                0x000000000a0034ee        0x4 ./src/platform/mpfs_hal/common/mss_irq_handler_stubs.o
                0x000000000a0034ee                PLIC_envm_IRQHandler
 .text.PLIC_qspi_IRQHandler
                0x000000000a0034f2        0x4 ./src/platform/mpfs_hal/common/mss_irq_handler_stubs.o
                0x000000000a0034f2                PLIC_qspi_IRQHandler
 .text.PLIC_usb_dma_IRQHandler
                0x000000000a0034f6        0x4 ./src/platform/mpfs_hal/common/mss_irq_handler_stubs.o
                0x000000000a0034f6                PLIC_usb_dma_IRQHandler
 .text.PLIC_usb_mc_IRQHandler
                0x000000000a0034fa        0x4 ./src/platform/mpfs_hal/common/mss_irq_handler_stubs.o
                0x000000000a0034fa                PLIC_usb_mc_IRQHandler
 .text.PLIC_mmc_main_IRQHandler
                0x000000000a0034fe        0x4 ./src/platform/mpfs_hal/common/mss_irq_handler_stubs.o
                0x000000000a0034fe                PLIC_mmc_main_IRQHandler
 .text.PLIC_mmc_wakeup_IRQHandler
                0x000000000a003502        0x4 ./src/platform/mpfs_hal/common/mss_irq_handler_stubs.o
                0x000000000a003502                PLIC_mmc_wakeup_IRQHandler
 .text.PLIC_devrst_IRQHandler
                0x000000000a003506        0x4 ./src/platform/mpfs_hal/common/mss_irq_handler_stubs.o
                0x000000000a003506                PLIC_devrst_IRQHandler
 .text.PLIC_g5c_message_IRQHandler
                0x000000000a00350a        0x4 ./src/platform/mpfs_hal/common/mss_irq_handler_stubs.o
                0x000000000a00350a                PLIC_g5c_message_IRQHandler
 .text.PLIC_usoc_vc_interrupt_IRQHandler
                0x000000000a00350e        0x4 ./src/platform/mpfs_hal/common/mss_irq_handler_stubs.o
                0x000000000a00350e                PLIC_usoc_vc_interrupt_IRQHandler
 .text.PLIC_usoc_smb_interrupt_IRQHandler
                0x000000000a003512        0x4 ./src/platform/mpfs_hal/common/mss_irq_handler_stubs.o
                0x000000000a003512                PLIC_usoc_smb_interrupt_IRQHandler
 .text.PLIC_E51_Maintence_IRQHandler
                0x000000000a003516        0x4 ./src/platform/mpfs_hal/common/mss_irq_handler_stubs.o
                0x000000000a003516                PLIC_E51_Maintence_IRQHandler
 .text.PLIC_wdog0_mvrp_IRQHandler
                0x000000000a00351a        0x4 ./src/platform/mpfs_hal/common/mss_irq_handler_stubs.o
                0x000000000a00351a                PLIC_wdog0_mvrp_IRQHandler
 .text.PLIC_wdog1_mvrp_IRQHandler
                0x000000000a00351e        0x4 ./src/platform/mpfs_hal/common/mss_irq_handler_stubs.o
                0x000000000a00351e                PLIC_wdog1_mvrp_IRQHandler
 .text.PLIC_wdog2_mvrp_IRQHandler
                0x000000000a003522        0x4 ./src/platform/mpfs_hal/common/mss_irq_handler_stubs.o
                0x000000000a003522                PLIC_wdog2_mvrp_IRQHandler
 .text.PLIC_wdog3_mvrp_IRQHandler
                0x000000000a003526        0x4 ./src/platform/mpfs_hal/common/mss_irq_handler_stubs.o
                0x000000000a003526                PLIC_wdog3_mvrp_IRQHandler
 .text.PLIC_wdog4_mvrp_IRQHandler
                0x000000000a00352a        0x4 ./src/platform/mpfs_hal/common/mss_irq_handler_stubs.o
                0x000000000a00352a                PLIC_wdog4_mvrp_IRQHandler
 .text.PLIC_wdog0_tout_IRQHandler
                0x000000000a00352e        0x4 ./src/platform/mpfs_hal/common/mss_irq_handler_stubs.o
                0x000000000a00352e                PLIC_wdog0_tout_IRQHandler
 .text.PLIC_wdog1_tout_IRQHandler
                0x000000000a003532        0x4 ./src/platform/mpfs_hal/common/mss_irq_handler_stubs.o
                0x000000000a003532                PLIC_wdog1_tout_IRQHandler
 .text.PLIC_wdog2_tout_IRQHandler
                0x000000000a003536        0x4 ./src/platform/mpfs_hal/common/mss_irq_handler_stubs.o
                0x000000000a003536                PLIC_wdog2_tout_IRQHandler
 .text.PLIC_wdog3_tout_IRQHandler
                0x000000000a00353a        0x4 ./src/platform/mpfs_hal/common/mss_irq_handler_stubs.o
                0x000000000a00353a                PLIC_wdog3_tout_IRQHandler
 .text.PLIC_wdog4_tout_IRQHandler
                0x000000000a00353e        0x4 ./src/platform/mpfs_hal/common/mss_irq_handler_stubs.o
                0x000000000a00353e                PLIC_wdog4_tout_IRQHandler
 .text.PLIC_g5c_mss_spi_IRQHandler
                0x000000000a003542        0x4 ./src/platform/mpfs_hal/common/mss_irq_handler_stubs.o
                0x000000000a003542                PLIC_g5c_mss_spi_IRQHandler
 .text.PLIC_volt_temp_alarm_IRQHandler
                0x000000000a003546        0x4 ./src/platform/mpfs_hal/common/mss_irq_handler_stubs.o
                0x000000000a003546                PLIC_volt_temp_alarm_IRQHandler
 .text.PLIC_athena_complete_IRQHandler
                0x000000000a00354a        0x4 ./src/platform/mpfs_hal/common/mss_irq_handler_stubs.o
                0x000000000a00354a                PLIC_athena_complete_IRQHandler
 .text.PLIC_athena_alarm_IRQHandler
                0x000000000a00354e        0x4 ./src/platform/mpfs_hal/common/mss_irq_handler_stubs.o
                0x000000000a00354e                PLIC_athena_alarm_IRQHandler
 .text.PLIC_athena_bus_error_IRQHandler
                0x000000000a003552        0x4 ./src/platform/mpfs_hal/common/mss_irq_handler_stubs.o
                0x000000000a003552                PLIC_athena_bus_error_IRQHandler
 .text.PLIC_usoc_axic_us_IRQHandler
                0x000000000a003556        0x4 ./src/platform/mpfs_hal/common/mss_irq_handler_stubs.o
                0x000000000a003556                PLIC_usoc_axic_us_IRQHandler
 .text.PLIC_usoc_axic_ds_IRQHandler
                0x000000000a00355a        0x4 ./src/platform/mpfs_hal/common/mss_irq_handler_stubs.o
                0x000000000a00355a                PLIC_usoc_axic_ds_IRQHandler
 .text.PLIC_reserved_104_IRQHandler
                0x000000000a00355e        0x4 ./src/platform/mpfs_hal/common/mss_irq_handler_stubs.o
                0x000000000a00355e                PLIC_reserved_104_IRQHandler
 .text.PLIC_f2m_0_IRQHandler
                0x000000000a003562        0x4 ./src/platform/mpfs_hal/common/mss_irq_handler_stubs.o
                0x000000000a003562                PLIC_f2m_0_IRQHandler
 .text.PLIC_f2m_1_IRQHandler
                0x000000000a003566        0x4 ./src/platform/mpfs_hal/common/mss_irq_handler_stubs.o
                0x000000000a003566                PLIC_f2m_1_IRQHandler
 .text.PLIC_f2m_2_IRQHandler
                0x000000000a00356a        0x4 ./src/platform/mpfs_hal/common/mss_irq_handler_stubs.o
                0x000000000a00356a                PLIC_f2m_2_IRQHandler
 .text.PLIC_f2m_3_IRQHandler
                0x000000000a00356e        0x4 ./src/platform/mpfs_hal/common/mss_irq_handler_stubs.o
                0x000000000a00356e                PLIC_f2m_3_IRQHandler
 .text.PLIC_f2m_4_IRQHandler
                0x000000000a003572        0x4 ./src/platform/mpfs_hal/common/mss_irq_handler_stubs.o
                0x000000000a003572                PLIC_f2m_4_IRQHandler
 .text.PLIC_f2m_5_IRQHandler
                0x000000000a003576        0x4 ./src/platform/mpfs_hal/common/mss_irq_handler_stubs.o
                0x000000000a003576                PLIC_f2m_5_IRQHandler
 .text.PLIC_f2m_6_IRQHandler
                0x000000000a00357a        0x4 ./src/platform/mpfs_hal/common/mss_irq_handler_stubs.o
                0x000000000a00357a                PLIC_f2m_6_IRQHandler
 .text.PLIC_f2m_7_IRQHandler
                0x000000000a00357e        0x4 ./src/platform/mpfs_hal/common/mss_irq_handler_stubs.o
                0x000000000a00357e                PLIC_f2m_7_IRQHandler
 .text.PLIC_f2m_8_IRQHandler
                0x000000000a003582        0x4 ./src/platform/mpfs_hal/common/mss_irq_handler_stubs.o
                0x000000000a003582                PLIC_f2m_8_IRQHandler
 .text.PLIC_f2m_9_IRQHandler
                0x000000000a003586        0x4 ./src/platform/mpfs_hal/common/mss_irq_handler_stubs.o
                0x000000000a003586                PLIC_f2m_9_IRQHandler
 .text.PLIC_f2m_10_IRQHandler
                0x000000000a00358a        0x4 ./src/platform/mpfs_hal/common/mss_irq_handler_stubs.o
                0x000000000a00358a                PLIC_f2m_10_IRQHandler
 .text.PLIC_f2m_11_IRQHandler
                0x000000000a00358e        0x4 ./src/platform/mpfs_hal/common/mss_irq_handler_stubs.o
                0x000000000a00358e                PLIC_f2m_11_IRQHandler
 .text.PLIC_f2m_12_IRQHandler
                0x000000000a003592        0x4 ./src/platform/mpfs_hal/common/mss_irq_handler_stubs.o
                0x000000000a003592                PLIC_f2m_12_IRQHandler
 .text.PLIC_f2m_13_IRQHandler
                0x000000000a003596        0x4 ./src/platform/mpfs_hal/common/mss_irq_handler_stubs.o
                0x000000000a003596                PLIC_f2m_13_IRQHandler
 .text.PLIC_f2m_14_IRQHandler
                0x000000000a00359a        0x4 ./src/platform/mpfs_hal/common/mss_irq_handler_stubs.o
                0x000000000a00359a                PLIC_f2m_14_IRQHandler
 .text.PLIC_f2m_15_IRQHandler
                0x000000000a00359e        0x4 ./src/platform/mpfs_hal/common/mss_irq_handler_stubs.o
                0x000000000a00359e                PLIC_f2m_15_IRQHandler
 .text.PLIC_f2m_16_IRQHandler
                0x000000000a0035a2        0x4 ./src/platform/mpfs_hal/common/mss_irq_handler_stubs.o
                0x000000000a0035a2                PLIC_f2m_16_IRQHandler
 .text.PLIC_f2m_17_IRQHandler
                0x000000000a0035a6        0x4 ./src/platform/mpfs_hal/common/mss_irq_handler_stubs.o
                0x000000000a0035a6                PLIC_f2m_17_IRQHandler
 .text.PLIC_f2m_18_IRQHandler
                0x000000000a0035aa        0x4 ./src/platform/mpfs_hal/common/mss_irq_handler_stubs.o
                0x000000000a0035aa                PLIC_f2m_18_IRQHandler
 .text.PLIC_f2m_19_IRQHandler
                0x000000000a0035ae        0x4 ./src/platform/mpfs_hal/common/mss_irq_handler_stubs.o
                0x000000000a0035ae                PLIC_f2m_19_IRQHandler
 .text.PLIC_f2m_20_IRQHandler
                0x000000000a0035b2        0x4 ./src/platform/mpfs_hal/common/mss_irq_handler_stubs.o
                0x000000000a0035b2                PLIC_f2m_20_IRQHandler
 .text.PLIC_f2m_21_IRQHandler
                0x000000000a0035b6        0x4 ./src/platform/mpfs_hal/common/mss_irq_handler_stubs.o
                0x000000000a0035b6                PLIC_f2m_21_IRQHandler
 .text.PLIC_f2m_22_IRQHandler
                0x000000000a0035ba        0x4 ./src/platform/mpfs_hal/common/mss_irq_handler_stubs.o
                0x000000000a0035ba                PLIC_f2m_22_IRQHandler
 .text.PLIC_f2m_23_IRQHandler
                0x000000000a0035be        0x4 ./src/platform/mpfs_hal/common/mss_irq_handler_stubs.o
                0x000000000a0035be                PLIC_f2m_23_IRQHandler
 .text.PLIC_f2m_24_IRQHandler
                0x000000000a0035c2        0x4 ./src/platform/mpfs_hal/common/mss_irq_handler_stubs.o
                0x000000000a0035c2                PLIC_f2m_24_IRQHandler
 .text.PLIC_f2m_25_IRQHandler
                0x000000000a0035c6        0x4 ./src/platform/mpfs_hal/common/mss_irq_handler_stubs.o
                0x000000000a0035c6                PLIC_f2m_25_IRQHandler
 .text.PLIC_f2m_26_IRQHandler
                0x000000000a0035ca        0x4 ./src/platform/mpfs_hal/common/mss_irq_handler_stubs.o
                0x000000000a0035ca                PLIC_f2m_26_IRQHandler
 .text.PLIC_f2m_27_IRQHandler
                0x000000000a0035ce        0x4 ./src/platform/mpfs_hal/common/mss_irq_handler_stubs.o
                0x000000000a0035ce                PLIC_f2m_27_IRQHandler
 .text.PLIC_f2m_28_IRQHandler
                0x000000000a0035d2        0x4 ./src/platform/mpfs_hal/common/mss_irq_handler_stubs.o
                0x000000000a0035d2                PLIC_f2m_28_IRQHandler
 .text.PLIC_f2m_29_IRQHandler
                0x000000000a0035d6        0x4 ./src/platform/mpfs_hal/common/mss_irq_handler_stubs.o
                0x000000000a0035d6                PLIC_f2m_29_IRQHandler
 .text.PLIC_f2m_30_IRQHandler
                0x000000000a0035da        0x4 ./src/platform/mpfs_hal/common/mss_irq_handler_stubs.o
                0x000000000a0035da                PLIC_f2m_30_IRQHandler
 .text.PLIC_f2m_31_IRQHandler
                0x000000000a0035de        0x4 ./src/platform/mpfs_hal/common/mss_irq_handler_stubs.o
                0x000000000a0035de                PLIC_f2m_31_IRQHandler
 .text.PLIC_f2m_32_IRQHandler
                0x000000000a0035e2        0x4 ./src/platform/mpfs_hal/common/mss_irq_handler_stubs.o
                0x000000000a0035e2                PLIC_f2m_32_IRQHandler
 .text.PLIC_f2m_33_IRQHandler
                0x000000000a0035e6        0x4 ./src/platform/mpfs_hal/common/mss_irq_handler_stubs.o
                0x000000000a0035e6                PLIC_f2m_33_IRQHandler
 .text.PLIC_f2m_34_IRQHandler
                0x000000000a0035ea        0x4 ./src/platform/mpfs_hal/common/mss_irq_handler_stubs.o
                0x000000000a0035ea                PLIC_f2m_34_IRQHandler
 .text.PLIC_f2m_35_IRQHandler
                0x000000000a0035ee        0x4 ./src/platform/mpfs_hal/common/mss_irq_handler_stubs.o
                0x000000000a0035ee                PLIC_f2m_35_IRQHandler
 .text.PLIC_f2m_36_IRQHandler
                0x000000000a0035f2        0x4 ./src/platform/mpfs_hal/common/mss_irq_handler_stubs.o
                0x000000000a0035f2                PLIC_f2m_36_IRQHandler
 .text.PLIC_f2m_37_IRQHandler
                0x000000000a0035f6        0x4 ./src/platform/mpfs_hal/common/mss_irq_handler_stubs.o
                0x000000000a0035f6                PLIC_f2m_37_IRQHandler
 .text.PLIC_f2m_38_IRQHandler
                0x000000000a0035fa        0x4 ./src/platform/mpfs_hal/common/mss_irq_handler_stubs.o
                0x000000000a0035fa                PLIC_f2m_38_IRQHandler
 .text.PLIC_f2m_39_IRQHandler
                0x000000000a0035fe        0x4 ./src/platform/mpfs_hal/common/mss_irq_handler_stubs.o
                0x000000000a0035fe                PLIC_f2m_39_IRQHandler
 .text.PLIC_f2m_40_IRQHandler
                0x000000000a003602        0x4 ./src/platform/mpfs_hal/common/mss_irq_handler_stubs.o
                0x000000000a003602                PLIC_f2m_40_IRQHandler
 .text.PLIC_f2m_41_IRQHandler
                0x000000000a003606        0x4 ./src/platform/mpfs_hal/common/mss_irq_handler_stubs.o
                0x000000000a003606                PLIC_f2m_41_IRQHandler
 .text.PLIC_f2m_42_IRQHandler
                0x000000000a00360a        0x4 ./src/platform/mpfs_hal/common/mss_irq_handler_stubs.o
                0x000000000a00360a                PLIC_f2m_42_IRQHandler
 .text.PLIC_f2m_43_IRQHandler
                0x000000000a00360e        0x4 ./src/platform/mpfs_hal/common/mss_irq_handler_stubs.o
                0x000000000a00360e                PLIC_f2m_43_IRQHandler
 .text.PLIC_f2m_44_IRQHandler
                0x000000000a003612        0x4 ./src/platform/mpfs_hal/common/mss_irq_handler_stubs.o
                0x000000000a003612                PLIC_f2m_44_IRQHandler
 .text.PLIC_f2m_45_IRQHandler
                0x000000000a003616        0x4 ./src/platform/mpfs_hal/common/mss_irq_handler_stubs.o
                0x000000000a003616                PLIC_f2m_45_IRQHandler
 .text.PLIC_f2m_46_IRQHandler
                0x000000000a00361a        0x4 ./src/platform/mpfs_hal/common/mss_irq_handler_stubs.o
                0x000000000a00361a                PLIC_f2m_46_IRQHandler
 .text.PLIC_f2m_47_IRQHandler
                0x000000000a00361e        0x4 ./src/platform/mpfs_hal/common/mss_irq_handler_stubs.o
                0x000000000a00361e                PLIC_f2m_47_IRQHandler
 .text.PLIC_f2m_48_IRQHandler
                0x000000000a003622        0x4 ./src/platform/mpfs_hal/common/mss_irq_handler_stubs.o
                0x000000000a003622                PLIC_f2m_48_IRQHandler
 .text.PLIC_f2m_49_IRQHandler
                0x000000000a003626        0x4 ./src/platform/mpfs_hal/common/mss_irq_handler_stubs.o
                0x000000000a003626                PLIC_f2m_49_IRQHandler
 .text.PLIC_f2m_50_IRQHandler
                0x000000000a00362a        0x4 ./src/platform/mpfs_hal/common/mss_irq_handler_stubs.o
                0x000000000a00362a                PLIC_f2m_50_IRQHandler
 .text.PLIC_f2m_51_IRQHandler
                0x000000000a00362e        0x4 ./src/platform/mpfs_hal/common/mss_irq_handler_stubs.o
                0x000000000a00362e                PLIC_f2m_51_IRQHandler
 .text.PLIC_f2m_52_IRQHandler
                0x000000000a003632        0x4 ./src/platform/mpfs_hal/common/mss_irq_handler_stubs.o
                0x000000000a003632                PLIC_f2m_52_IRQHandler
 .text.PLIC_f2m_53_IRQHandler
                0x000000000a003636        0x4 ./src/platform/mpfs_hal/common/mss_irq_handler_stubs.o
                0x000000000a003636                PLIC_f2m_53_IRQHandler
 .text.PLIC_f2m_54_IRQHandler
                0x000000000a00363a        0x4 ./src/platform/mpfs_hal/common/mss_irq_handler_stubs.o
                0x000000000a00363a                PLIC_f2m_54_IRQHandler
 .text.PLIC_f2m_55_IRQHandler
                0x000000000a00363e        0x4 ./src/platform/mpfs_hal/common/mss_irq_handler_stubs.o
                0x000000000a00363e                PLIC_f2m_55_IRQHandler
 .text.PLIC_f2m_56_IRQHandler
                0x000000000a003642        0x4 ./src/platform/mpfs_hal/common/mss_irq_handler_stubs.o
                0x000000000a003642                PLIC_f2m_56_IRQHandler
 .text.PLIC_f2m_57_IRQHandler
                0x000000000a003646        0x4 ./src/platform/mpfs_hal/common/mss_irq_handler_stubs.o
                0x000000000a003646                PLIC_f2m_57_IRQHandler
 .text.PLIC_f2m_58_IRQHandler
                0x000000000a00364a        0x4 ./src/platform/mpfs_hal/common/mss_irq_handler_stubs.o
                0x000000000a00364a                PLIC_f2m_58_IRQHandler
 .text.PLIC_f2m_59_IRQHandler
                0x000000000a00364e        0x4 ./src/platform/mpfs_hal/common/mss_irq_handler_stubs.o
                0x000000000a00364e                PLIC_f2m_59_IRQHandler
 .text.PLIC_f2m_60_IRQHandler
                0x000000000a003652        0x4 ./src/platform/mpfs_hal/common/mss_irq_handler_stubs.o
                0x000000000a003652                PLIC_f2m_60_IRQHandler
 .text.PLIC_f2m_61_IRQHandler
                0x000000000a003656        0x4 ./src/platform/mpfs_hal/common/mss_irq_handler_stubs.o
                0x000000000a003656                PLIC_f2m_61_IRQHandler
 .text.PLIC_f2m_62_IRQHandler
                0x000000000a00365a        0x4 ./src/platform/mpfs_hal/common/mss_irq_handler_stubs.o
                0x000000000a00365a                PLIC_f2m_62_IRQHandler
 .text.PLIC_f2m_63_IRQHandler
                0x000000000a00365e        0x4 ./src/platform/mpfs_hal/common/mss_irq_handler_stubs.o
                0x000000000a00365e                PLIC_f2m_63_IRQHandler
 .text.PLIC_E51_bus_error_unit_IRQHandler
                0x000000000a003662        0x4 ./src/platform/mpfs_hal/common/mss_irq_handler_stubs.o
                0x000000000a003662                PLIC_E51_bus_error_unit_IRQHandler
 .text.PLIC_U54_1_bus_error_unit_IRQHandler
                0x000000000a003666        0x4 ./src/platform/mpfs_hal/common/mss_irq_handler_stubs.o
                0x000000000a003666                PLIC_U54_1_bus_error_unit_IRQHandler
 .text.PLIC_U54_2_bus_error_unit_IRQHandler
                0x000000000a00366a        0x4 ./src/platform/mpfs_hal/common/mss_irq_handler_stubs.o
                0x000000000a00366a                PLIC_U54_2_bus_error_unit_IRQHandler
 .text.PLIC_U54_3_bus_error_unit_IRQHandler
                0x000000000a00366e        0x4 ./src/platform/mpfs_hal/common/mss_irq_handler_stubs.o
                0x000000000a00366e                PLIC_U54_3_bus_error_unit_IRQHandler
 .text.PLIC_U54_4_bus_error_unit_IRQHandler
                0x000000000a003672        0x4 ./src/platform/mpfs_hal/common/mss_irq_handler_stubs.o
                0x000000000a003672                PLIC_U54_4_bus_error_unit_IRQHandler
 .text.E51_maintenance_local_IRQHandler
                0x000000000a003676        0x2 ./src/platform/mpfs_hal/common/mss_irq_handler_stubs.o
                0x000000000a003676                E51_maintenance_local_IRQHandler
 .text.E51_usoc_smb_local_IRQHandler
                0x000000000a003678        0x2 ./src/platform/mpfs_hal/common/mss_irq_handler_stubs.o
                0x000000000a003678                E51_usoc_smb_local_IRQHandler
 .text.E51_usoc_vc_local_IRQHandler
                0x000000000a00367a        0x2 ./src/platform/mpfs_hal/common/mss_irq_handler_stubs.o
                0x000000000a00367a                E51_usoc_vc_local_IRQHandler
 .text.E51_g5c_message_local_IRQHandler
                0x000000000a00367c        0x2 ./src/platform/mpfs_hal/common/mss_irq_handler_stubs.o
                0x000000000a00367c                E51_g5c_message_local_IRQHandler
 .text.E51_g5c_devrst_local_IRQHandler
                0x000000000a00367e        0x2 ./src/platform/mpfs_hal/common/mss_irq_handler_stubs.o
                0x000000000a00367e                E51_g5c_devrst_local_IRQHandler
 .text.E51_wdog4_tout_local_IRQHandler
                0x000000000a003680        0x2 ./src/platform/mpfs_hal/common/mss_irq_handler_stubs.o
                0x000000000a003680                E51_wdog4_tout_local_IRQHandler
 .text.E51_wdog3_tout_local_IRQHandler
                0x000000000a003682        0x2 ./src/platform/mpfs_hal/common/mss_irq_handler_stubs.o
                0x000000000a003682                E51_wdog3_tout_local_IRQHandler
 .text.E51_wdog2_tout_local_IRQHandler
                0x000000000a003684        0x2 ./src/platform/mpfs_hal/common/mss_irq_handler_stubs.o
                0x000000000a003684                E51_wdog2_tout_local_IRQHandler
 .text.E51_wdog1_tout_local_IRQHandler
                0x000000000a003686        0x2 ./src/platform/mpfs_hal/common/mss_irq_handler_stubs.o
                0x000000000a003686                E51_wdog1_tout_local_IRQHandler
 .text.E51_wdog0_tout_local_IRQHandler
                0x000000000a003688        0x2 ./src/platform/mpfs_hal/common/mss_irq_handler_stubs.o
                0x000000000a003688                E51_wdog0_tout_local_IRQHandler
 .text.E51_wdog0_mvrp_local_IRQHandler
                0x000000000a00368a        0x2 ./src/platform/mpfs_hal/common/mss_irq_handler_stubs.o
                0x000000000a00368a                E51_wdog0_mvrp_local_IRQHandler
 .text.E51_envm_local_IRQHandler
                0x000000000a00368c        0x2 ./src/platform/mpfs_hal/common/mss_irq_handler_stubs.o
                0x000000000a00368c                E51_envm_local_IRQHandler
 .text.E51_ecc_correct_local_IRQHandler
                0x000000000a00368e        0x2 ./src/platform/mpfs_hal/common/mss_irq_handler_stubs.o
                0x000000000a00368e                E51_ecc_correct_local_IRQHandler
 .text.E51_ecc_error_local_IRQHandler
                0x000000000a003690        0x2 ./src/platform/mpfs_hal/common/mss_irq_handler_stubs.o
                0x000000000a003690                E51_ecc_error_local_IRQHandler
 .text.E51_scb_local_IRQHandler
                0x000000000a003692        0x2 ./src/platform/mpfs_hal/common/mss_irq_handler_stubs.o
                0x000000000a003692                E51_scb_local_IRQHandler
 .text.E51_f2m_32_local_IRQHandler
                0x000000000a003694        0x2 ./src/platform/mpfs_hal/common/mss_irq_handler_stubs.o
                0x000000000a003694                E51_f2m_32_local_IRQHandler
 .text.E51_f2m_33_local_IRQHandler
                0x000000000a003696        0x2 ./src/platform/mpfs_hal/common/mss_irq_handler_stubs.o
                0x000000000a003696                E51_f2m_33_local_IRQHandler
 .text.E51_f2m_34_local_IRQHandler
                0x000000000a003698        0x2 ./src/platform/mpfs_hal/common/mss_irq_handler_stubs.o
                0x000000000a003698                E51_f2m_34_local_IRQHandler
 .text.E51_f2m_35_local_IRQHandler
                0x000000000a00369a        0x2 ./src/platform/mpfs_hal/common/mss_irq_handler_stubs.o
                0x000000000a00369a                E51_f2m_35_local_IRQHandler
 .text.E51_f2m_36_local_IRQHandler
                0x000000000a00369c        0x2 ./src/platform/mpfs_hal/common/mss_irq_handler_stubs.o
                0x000000000a00369c                E51_f2m_36_local_IRQHandler
 .text.E51_f2m_37_local_IRQHandler
                0x000000000a00369e        0x2 ./src/platform/mpfs_hal/common/mss_irq_handler_stubs.o
                0x000000000a00369e                E51_f2m_37_local_IRQHandler
 .text.E51_f2m_38_local_IRQHandler
                0x000000000a0036a0        0x2 ./src/platform/mpfs_hal/common/mss_irq_handler_stubs.o
                0x000000000a0036a0                E51_f2m_38_local_IRQHandler
 .text.E51_f2m_39_local_IRQHandler
                0x000000000a0036a2        0x2 ./src/platform/mpfs_hal/common/mss_irq_handler_stubs.o
                0x000000000a0036a2                E51_f2m_39_local_IRQHandler
 .text.E51_f2m_40_local_IRQHandler
                0x000000000a0036a4        0x2 ./src/platform/mpfs_hal/common/mss_irq_handler_stubs.o
                0x000000000a0036a4                E51_f2m_40_local_IRQHandler
 .text.E51_f2m_41_local_IRQHandler
                0x000000000a0036a6        0x2 ./src/platform/mpfs_hal/common/mss_irq_handler_stubs.o
                0x000000000a0036a6                E51_f2m_41_local_IRQHandler
 .text.E51_f2m_42_local_IRQHandler
                0x000000000a0036a8        0x2 ./src/platform/mpfs_hal/common/mss_irq_handler_stubs.o
                0x000000000a0036a8                E51_f2m_42_local_IRQHandler
 .text.E51_f2m_43_local_IRQHandler
                0x000000000a0036aa        0x2 ./src/platform/mpfs_hal/common/mss_irq_handler_stubs.o
                0x000000000a0036aa                E51_f2m_43_local_IRQHandler
 .text.E51_f2m_44_local_IRQHandler
                0x000000000a0036ac        0x2 ./src/platform/mpfs_hal/common/mss_irq_handler_stubs.o
                0x000000000a0036ac                E51_f2m_44_local_IRQHandler
 .text.E51_f2m_45_local_IRQHandler
                0x000000000a0036ae        0x2 ./src/platform/mpfs_hal/common/mss_irq_handler_stubs.o
                0x000000000a0036ae                E51_f2m_45_local_IRQHandler
 .text.E51_f2m_46_local_IRQHandler
                0x000000000a0036b0        0x2 ./src/platform/mpfs_hal/common/mss_irq_handler_stubs.o
                0x000000000a0036b0                E51_f2m_46_local_IRQHandler
 .text.E51_f2m_47_local_IRQHandler
                0x000000000a0036b2        0x2 ./src/platform/mpfs_hal/common/mss_irq_handler_stubs.o
                0x000000000a0036b2                E51_f2m_47_local_IRQHandler
 .text.E51_f2m_48_local_IRQHandler
                0x000000000a0036b4        0x2 ./src/platform/mpfs_hal/common/mss_irq_handler_stubs.o
                0x000000000a0036b4                E51_f2m_48_local_IRQHandler
 .text.E51_f2m_49_local_IRQHandler
                0x000000000a0036b6        0x2 ./src/platform/mpfs_hal/common/mss_irq_handler_stubs.o
                0x000000000a0036b6                E51_f2m_49_local_IRQHandler
 .text.E51_f2m_50_local_IRQHandler
                0x000000000a0036b8        0x2 ./src/platform/mpfs_hal/common/mss_irq_handler_stubs.o
                0x000000000a0036b8                E51_f2m_50_local_IRQHandler
 .text.E51_f2m_51_local_IRQHandler
                0x000000000a0036ba        0x2 ./src/platform/mpfs_hal/common/mss_irq_handler_stubs.o
                0x000000000a0036ba                E51_f2m_51_local_IRQHandler
 .text.E51_f2m_52_local_IRQHandler
                0x000000000a0036bc        0x2 ./src/platform/mpfs_hal/common/mss_irq_handler_stubs.o
                0x000000000a0036bc                E51_f2m_52_local_IRQHandler
 .text.E51_f2m_53_local_IRQHandler
                0x000000000a0036be        0x2 ./src/platform/mpfs_hal/common/mss_irq_handler_stubs.o
                0x000000000a0036be                E51_f2m_53_local_IRQHandler
 .text.E51_f2m_54_local_IRQHandler
                0x000000000a0036c0        0x2 ./src/platform/mpfs_hal/common/mss_irq_handler_stubs.o
                0x000000000a0036c0                E51_f2m_54_local_IRQHandler
 .text.E51_f2m_55_local_IRQHandler
                0x000000000a0036c2        0x2 ./src/platform/mpfs_hal/common/mss_irq_handler_stubs.o
                0x000000000a0036c2                E51_f2m_55_local_IRQHandler
 .text.E51_f2m_56_local_IRQHandler
                0x000000000a0036c4        0x2 ./src/platform/mpfs_hal/common/mss_irq_handler_stubs.o
                0x000000000a0036c4                E51_f2m_56_local_IRQHandler
 .text.E51_f2m_57_local_IRQHandler
                0x000000000a0036c6        0x2 ./src/platform/mpfs_hal/common/mss_irq_handler_stubs.o
                0x000000000a0036c6                E51_f2m_57_local_IRQHandler
 .text.E51_f2m_58_local_IRQHandler
                0x000000000a0036c8        0x2 ./src/platform/mpfs_hal/common/mss_irq_handler_stubs.o
                0x000000000a0036c8                E51_f2m_58_local_IRQHandler
 .text.E51_f2m_59_local_IRQHandler
                0x000000000a0036ca        0x2 ./src/platform/mpfs_hal/common/mss_irq_handler_stubs.o
                0x000000000a0036ca                E51_f2m_59_local_IRQHandler
 .text.E51_f2m_60_local_IRQHandler
                0x000000000a0036cc        0x2 ./src/platform/mpfs_hal/common/mss_irq_handler_stubs.o
                0x000000000a0036cc                E51_f2m_60_local_IRQHandler
 .text.E51_f2m_61_local_IRQHandler
                0x000000000a0036ce        0x2 ./src/platform/mpfs_hal/common/mss_irq_handler_stubs.o
                0x000000000a0036ce                E51_f2m_61_local_IRQHandler
 .text.E51_f2m_62_local_IRQHandler
                0x000000000a0036d0        0x2 ./src/platform/mpfs_hal/common/mss_irq_handler_stubs.o
                0x000000000a0036d0                E51_f2m_62_local_IRQHandler
 .text.E51_f2m_63_local_IRQHandler
                0x000000000a0036d2        0x2 ./src/platform/mpfs_hal/common/mss_irq_handler_stubs.o
                0x000000000a0036d2                E51_f2m_63_local_IRQHandler
 .text.U54_spare_0_local_IRQHandler
                0x000000000a0036d4        0x2 ./src/platform/mpfs_hal/common/mss_irq_handler_stubs.o
                0x000000000a0036d4                U54_spare_0_local_IRQHandler
 .text.U54_spare_1_local_IRQHandler
                0x000000000a0036d6        0x2 ./src/platform/mpfs_hal/common/mss_irq_handler_stubs.o
                0x000000000a0036d6                U54_spare_1_local_IRQHandler
 .text.U54_spare_2_local_IRQHandler
                0x000000000a0036d8        0x2 ./src/platform/mpfs_hal/common/mss_irq_handler_stubs.o
                0x000000000a0036d8                U54_spare_2_local_IRQHandler
 .text.U54_1_mac0_mmsl_local_IRQHandler
                0x000000000a0036da        0x2 ./src/platform/mpfs_hal/common/mss_irq_handler_stubs.o
                0x000000000a0036da                U54_1_mac0_mmsl_local_IRQHandler
 .text.U54_1_mac0_emac_local_IRQHandler
                0x000000000a0036dc        0x2 ./src/platform/mpfs_hal/common/mss_irq_handler_stubs.o
                0x000000000a0036dc                U54_1_mac0_emac_local_IRQHandler
 .text.U54_1_mac0_queue3_local_IRQHandler
                0x000000000a0036de        0x2 ./src/platform/mpfs_hal/common/mss_irq_handler_stubs.o
                0x000000000a0036de                U54_1_mac0_queue3_local_IRQHandler
 .text.U54_1_mac0_queue2_local_IRQHandler
                0x000000000a0036e0        0x2 ./src/platform/mpfs_hal/common/mss_irq_handler_stubs.o
                0x000000000a0036e0                U54_1_mac0_queue2_local_IRQHandler
 .text.U54_1_mac0_queue1_local_IRQHandler
                0x000000000a0036e2        0x2 ./src/platform/mpfs_hal/common/mss_irq_handler_stubs.o
                0x000000000a0036e2                U54_1_mac0_queue1_local_IRQHandler
 .text.U54_1_mac0_int_local_IRQHandler
                0x000000000a0036e4        0x2 ./src/platform/mpfs_hal/common/mss_irq_handler_stubs.o
                0x000000000a0036e4                U54_1_mac0_int_local_IRQHandler
 .text.U54_2_mac0_mmsl_local_IRQHandler
                0x000000000a0036e6        0x2 ./src/platform/mpfs_hal/common/mss_irq_handler_stubs.o
                0x000000000a0036e6                U54_2_mac0_mmsl_local_IRQHandler
 .text.U54_2_mac0_emac_local_IRQHandler
                0x000000000a0036e8        0x2 ./src/platform/mpfs_hal/common/mss_irq_handler_stubs.o
                0x000000000a0036e8                U54_2_mac0_emac_local_IRQHandler
 .text.U54_2_mac0_queue3_local_IRQHandler
                0x000000000a0036ea        0x2 ./src/platform/mpfs_hal/common/mss_irq_handler_stubs.o
                0x000000000a0036ea                U54_2_mac0_queue3_local_IRQHandler
 .text.U54_2_mac0_queue2_local_IRQHandler
                0x000000000a0036ec        0x2 ./src/platform/mpfs_hal/common/mss_irq_handler_stubs.o
                0x000000000a0036ec                U54_2_mac0_queue2_local_IRQHandler
 .text.U54_2_mac0_queue1_local_IRQHandler
                0x000000000a0036ee        0x2 ./src/platform/mpfs_hal/common/mss_irq_handler_stubs.o
                0x000000000a0036ee                U54_2_mac0_queue1_local_IRQHandler
 .text.U54_2_mac0_int_local_IRQHandler
                0x000000000a0036f0        0x2 ./src/platform/mpfs_hal/common/mss_irq_handler_stubs.o
                0x000000000a0036f0                U54_2_mac0_int_local_IRQHandler
 .text.U54_3_mac1_mmsl_local_IRQHandler
                0x000000000a0036f2        0x2 ./src/platform/mpfs_hal/common/mss_irq_handler_stubs.o
                0x000000000a0036f2                U54_3_mac1_mmsl_local_IRQHandler
 .text.U54_3_mac1_emac_local_IRQHandler
                0x000000000a0036f4        0x2 ./src/platform/mpfs_hal/common/mss_irq_handler_stubs.o
                0x000000000a0036f4                U54_3_mac1_emac_local_IRQHandler
 .text.U54_3_mac1_queue3_local_IRQHandler
                0x000000000a0036f6        0x2 ./src/platform/mpfs_hal/common/mss_irq_handler_stubs.o
                0x000000000a0036f6                U54_3_mac1_queue3_local_IRQHandler
 .text.U54_3_mac1_queue2_local_IRQHandler
                0x000000000a0036f8        0x2 ./src/platform/mpfs_hal/common/mss_irq_handler_stubs.o
                0x000000000a0036f8                U54_3_mac1_queue2_local_IRQHandler
 .text.U54_3_mac1_queue1_local_IRQHandler
                0x000000000a0036fa        0x2 ./src/platform/mpfs_hal/common/mss_irq_handler_stubs.o
                0x000000000a0036fa                U54_3_mac1_queue1_local_IRQHandler
 .text.U54_3_mac1_int_local_IRQHandler
                0x000000000a0036fc        0x2 ./src/platform/mpfs_hal/common/mss_irq_handler_stubs.o
                0x000000000a0036fc                U54_3_mac1_int_local_IRQHandler
 .text.U54_4_mac1_mmsl_local_IRQHandler
                0x000000000a0036fe        0x2 ./src/platform/mpfs_hal/common/mss_irq_handler_stubs.o
                0x000000000a0036fe                U54_4_mac1_mmsl_local_IRQHandler
 .text.U54_4_mac1_emac_local_IRQHandler
                0x000000000a003700        0x2 ./src/platform/mpfs_hal/common/mss_irq_handler_stubs.o
                0x000000000a003700                U54_4_mac1_emac_local_IRQHandler
 .text.U54_4_mac1_queue3_local_IRQHandler
                0x000000000a003702        0x2 ./src/platform/mpfs_hal/common/mss_irq_handler_stubs.o
                0x000000000a003702                U54_4_mac1_queue3_local_IRQHandler
 .text.U54_4_mac1_queue2_local_IRQHandler
                0x000000000a003704        0x2 ./src/platform/mpfs_hal/common/mss_irq_handler_stubs.o
                0x000000000a003704                U54_4_mac1_queue2_local_IRQHandler
 .text.U54_4_mac1_queue1_local_IRQHandler
                0x000000000a003706        0x2 ./src/platform/mpfs_hal/common/mss_irq_handler_stubs.o
                0x000000000a003706                U54_4_mac1_queue1_local_IRQHandler
 .text.U54_4_mac1_int_local_IRQHandler
                0x000000000a003708        0x2 ./src/platform/mpfs_hal/common/mss_irq_handler_stubs.o
                0x000000000a003708                U54_4_mac1_int_local_IRQHandler
 .text.U54_1_wdog_tout_local_IRQHandler
                0x000000000a00370a        0x2 ./src/platform/mpfs_hal/common/mss_irq_handler_stubs.o
                0x000000000a00370a                U54_1_wdog_tout_local_IRQHandler
 .text.U54_2_wdog_tout_local_IRQHandler
                0x000000000a00370c        0x2 ./src/platform/mpfs_hal/common/mss_irq_handler_stubs.o
                0x000000000a00370c                U54_2_wdog_tout_local_IRQHandler
 .text.U54_3_wdog_tout_local_IRQHandler
                0x000000000a00370e        0x2 ./src/platform/mpfs_hal/common/mss_irq_handler_stubs.o
                0x000000000a00370e                U54_3_wdog_tout_local_IRQHandler
 .text.U54_4_wdog_tout_local_IRQHandler
                0x000000000a003710        0x2 ./src/platform/mpfs_hal/common/mss_irq_handler_stubs.o
                0x000000000a003710                U54_4_wdog_tout_local_IRQHandler
 .text.mvrp_u54_local_IRQHandler_10
                0x000000000a003712        0x2 ./src/platform/mpfs_hal/common/mss_irq_handler_stubs.o
                0x000000000a003712                mvrp_u54_local_IRQHandler_10
 .text.U54_1_wdog_mvrp_local_IRQHandler
                0x000000000a003714        0x2 ./src/platform/mpfs_hal/common/mss_irq_handler_stubs.o
                0x000000000a003714                U54_1_wdog_mvrp_local_IRQHandler
 .text.U54_2_wdog_mvrp_local_IRQHandler
                0x000000000a003716        0x2 ./src/platform/mpfs_hal/common/mss_irq_handler_stubs.o
                0x000000000a003716                U54_2_wdog_mvrp_local_IRQHandler
 .text.U54_3_wdog_mvrp_local_IRQHandler
                0x000000000a003718        0x2 ./src/platform/mpfs_hal/common/mss_irq_handler_stubs.o
                0x000000000a003718                U54_3_wdog_mvrp_local_IRQHandler
 .text.U54_4_wdog_mvrp_local_IRQHandler
                0x000000000a00371a        0x2 ./src/platform/mpfs_hal/common/mss_irq_handler_stubs.o
                0x000000000a00371a                U54_4_wdog_mvrp_local_IRQHandler
 .text.U54_spare_3_local_IRQHandler
                0x000000000a00371c        0x2 ./src/platform/mpfs_hal/common/mss_irq_handler_stubs.o
                0x000000000a00371c                U54_spare_3_local_IRQHandler
 .text.U54_spare_4_local_IRQHandler
                0x000000000a00371e        0x2 ./src/platform/mpfs_hal/common/mss_irq_handler_stubs.o
                0x000000000a00371e                U54_spare_4_local_IRQHandler
 .text.U54_spare_5_local_IRQHandler
                0x000000000a003720        0x2 ./src/platform/mpfs_hal/common/mss_irq_handler_stubs.o
                0x000000000a003720                U54_spare_5_local_IRQHandler
 .text.U54_spare_6_local_IRQHandler
                0x000000000a003722        0x2 ./src/platform/mpfs_hal/common/mss_irq_handler_stubs.o
                0x000000000a003722                U54_spare_6_local_IRQHandler
 .text.U54_f2m_0_local_IRQHandler
                0x000000000a003724        0x2 ./src/platform/mpfs_hal/common/mss_irq_handler_stubs.o
                0x000000000a003724                U54_f2m_0_local_IRQHandler
 .text.U54_f2m_1_local_IRQHandler
                0x000000000a003726        0x2 ./src/platform/mpfs_hal/common/mss_irq_handler_stubs.o
                0x000000000a003726                U54_f2m_1_local_IRQHandler
 .text.U54_f2m_2_local_IRQHandler
                0x000000000a003728        0x2 ./src/platform/mpfs_hal/common/mss_irq_handler_stubs.o
                0x000000000a003728                U54_f2m_2_local_IRQHandler
 .text.U54_f2m_3_local_IRQHandler
                0x000000000a00372a        0x2 ./src/platform/mpfs_hal/common/mss_irq_handler_stubs.o
                0x000000000a00372a                U54_f2m_3_local_IRQHandler
 .text.U54_f2m_4_local_IRQHandler
                0x000000000a00372c        0x2 ./src/platform/mpfs_hal/common/mss_irq_handler_stubs.o
                0x000000000a00372c                U54_f2m_4_local_IRQHandler
 .text.U54_f2m_5_local_IRQHandler
                0x000000000a00372e        0x2 ./src/platform/mpfs_hal/common/mss_irq_handler_stubs.o
                0x000000000a00372e                U54_f2m_5_local_IRQHandler
 .text.U54_f2m_6_local_IRQHandler
                0x000000000a003730        0x2 ./src/platform/mpfs_hal/common/mss_irq_handler_stubs.o
                0x000000000a003730                U54_f2m_6_local_IRQHandler
 .text.U54_f2m_7_local_IRQHandler
                0x000000000a003732        0x2 ./src/platform/mpfs_hal/common/mss_irq_handler_stubs.o
                0x000000000a003732                U54_f2m_7_local_IRQHandler
 .text.U54_f2m_8_local_IRQHandler
                0x000000000a003734        0x2 ./src/platform/mpfs_hal/common/mss_irq_handler_stubs.o
                0x000000000a003734                U54_f2m_8_local_IRQHandler
 .text.U54_f2m_9_local_IRQHandler
                0x000000000a003736        0x2 ./src/platform/mpfs_hal/common/mss_irq_handler_stubs.o
                0x000000000a003736                U54_f2m_9_local_IRQHandler
 .text.U54_f2m_10_local_IRQHandler
                0x000000000a003738        0x2 ./src/platform/mpfs_hal/common/mss_irq_handler_stubs.o
                0x000000000a003738                U54_f2m_10_local_IRQHandler
 .text.U54_f2m_11_local_IRQHandler
                0x000000000a00373a        0x2 ./src/platform/mpfs_hal/common/mss_irq_handler_stubs.o
                0x000000000a00373a                U54_f2m_11_local_IRQHandler
 .text.U54_f2m_12_local_IRQHandler
                0x000000000a00373c        0x2 ./src/platform/mpfs_hal/common/mss_irq_handler_stubs.o
                0x000000000a00373c                U54_f2m_12_local_IRQHandler
 .text.U54_f2m_13_local_IRQHandler
                0x000000000a00373e        0x2 ./src/platform/mpfs_hal/common/mss_irq_handler_stubs.o
                0x000000000a00373e                U54_f2m_13_local_IRQHandler
 .text.U54_f2m_14_local_IRQHandler
                0x000000000a003740        0x2 ./src/platform/mpfs_hal/common/mss_irq_handler_stubs.o
                0x000000000a003740                U54_f2m_14_local_IRQHandler
 .text.U54_f2m_15_local_IRQHandler
                0x000000000a003742        0x2 ./src/platform/mpfs_hal/common/mss_irq_handler_stubs.o
                0x000000000a003742                U54_f2m_15_local_IRQHandler
 .text.U54_f2m_16_local_IRQHandler
                0x000000000a003744        0x2 ./src/platform/mpfs_hal/common/mss_irq_handler_stubs.o
                0x000000000a003744                U54_f2m_16_local_IRQHandler
 .text.U54_f2m_17_local_IRQHandler
                0x000000000a003746        0x2 ./src/platform/mpfs_hal/common/mss_irq_handler_stubs.o
                0x000000000a003746                U54_f2m_17_local_IRQHandler
 .text.U54_f2m_18_local_IRQHandler
                0x000000000a003748        0x2 ./src/platform/mpfs_hal/common/mss_irq_handler_stubs.o
                0x000000000a003748                U54_f2m_18_local_IRQHandler
 .text.U54_f2m_19_local_IRQHandler
                0x000000000a00374a        0x2 ./src/platform/mpfs_hal/common/mss_irq_handler_stubs.o
                0x000000000a00374a                U54_f2m_19_local_IRQHandler
 .text.U54_f2m_20_local_IRQHandler
                0x000000000a00374c        0x2 ./src/platform/mpfs_hal/common/mss_irq_handler_stubs.o
                0x000000000a00374c                U54_f2m_20_local_IRQHandler
 .text.U54_f2m_21_local_IRQHandler
                0x000000000a00374e        0x2 ./src/platform/mpfs_hal/common/mss_irq_handler_stubs.o
                0x000000000a00374e                U54_f2m_21_local_IRQHandler
 .text.U54_f2m_22_local_IRQHandler
                0x000000000a003750        0x2 ./src/platform/mpfs_hal/common/mss_irq_handler_stubs.o
                0x000000000a003750                U54_f2m_22_local_IRQHandler
 .text.U54_f2m_23_local_IRQHandler
                0x000000000a003752        0x2 ./src/platform/mpfs_hal/common/mss_irq_handler_stubs.o
                0x000000000a003752                U54_f2m_23_local_IRQHandler
 .text.U54_f2m_24_local_IRQHandler
                0x000000000a003754        0x2 ./src/platform/mpfs_hal/common/mss_irq_handler_stubs.o
                0x000000000a003754                U54_f2m_24_local_IRQHandler
 .text.U54_f2m_25_local_IRQHandler
                0x000000000a003756        0x2 ./src/platform/mpfs_hal/common/mss_irq_handler_stubs.o
                0x000000000a003756                U54_f2m_25_local_IRQHandler
 .text.U54_f2m_26_local_IRQHandler
                0x000000000a003758        0x2 ./src/platform/mpfs_hal/common/mss_irq_handler_stubs.o
                0x000000000a003758                U54_f2m_26_local_IRQHandler
 .text.U54_f2m_27_local_IRQHandler
                0x000000000a00375a        0x2 ./src/platform/mpfs_hal/common/mss_irq_handler_stubs.o
                0x000000000a00375a                U54_f2m_27_local_IRQHandler
 .text.U54_f2m_28_local_IRQHandler
                0x000000000a00375c        0x2 ./src/platform/mpfs_hal/common/mss_irq_handler_stubs.o
                0x000000000a00375c                U54_f2m_28_local_IRQHandler
 .text.U54_f2m_29_local_IRQHandler
                0x000000000a00375e        0x2 ./src/platform/mpfs_hal/common/mss_irq_handler_stubs.o
                0x000000000a00375e                U54_f2m_29_local_IRQHandler
 .text.U54_f2m_30_local_IRQHandler
                0x000000000a003760        0x2 ./src/platform/mpfs_hal/common/mss_irq_handler_stubs.o
                0x000000000a003760                U54_f2m_30_local_IRQHandler
 .text.U54_f2m_31_local_IRQHandler
                0x000000000a003762        0x2 ./src/platform/mpfs_hal/common/mss_irq_handler_stubs.o
                0x000000000a003762                U54_f2m_31_local_IRQHandler
 .text.mpu_configure
                0x000000000a003764      0x106 ./src/platform/mpfs_hal/common/mss_mpu.o
                0x000000000a003764                mpu_configure
 .text.mss_config_clk_rst
                0x000000000a00386a       0x62 ./src/platform/mpfs_hal/common/mss_peripherals.o
                0x000000000a00386a                mss_config_clk_rst
 .text.mss_enable_fabric
                0x000000000a0038cc       0x16 ./src/platform/mpfs_hal/common/mss_peripherals.o
                0x000000000a0038cc                mss_enable_fabric
 .text.mss_set_apb_bus_cr
                0x000000000a0038e2        0xa ./src/platform/mpfs_hal/common/mss_peripherals.o
                0x000000000a0038e2                mss_set_apb_bus_cr
 .text.pmp_configure
                0x000000000a0038ec       0x84 ./src/platform/mpfs_hal/common/mss_pmp.o
                0x000000000a0038ec                pmp_configure
 .text.__disable_irq
                0x000000000a003970        0xe ./src/platform/mpfs_hal/common/mss_util.o
                0x000000000a003970                __disable_irq
 .text.__disable_all_irqs
                0x000000000a00397e       0x16 ./src/platform/mpfs_hal/common/mss_util.o
                0x000000000a00397e                __disable_all_irqs
 .text.__enable_irq
                0x000000000a003994        0x6 ./src/platform/mpfs_hal/common/mss_util.o
                0x000000000a003994                __enable_irq
 .text.global_init
                0x000000000a00399a      0x2fa ./src/platform/drivers/mss/mss_mmuart/mss_uart.o
 .text.uart_isr
                0x000000000a003c94       0xea ./src/platform/drivers/mss/mss_mmuart/mss_uart.o
 .text.default_tx_handler
                0x000000000a003d7e       0x7a ./src/platform/drivers/mss/mss_mmuart/mss_uart.o
 .text.MSS_UART_init
                0x000000000a003df8       0x44 ./src/platform/drivers/mss/mss_mmuart/mss_uart.o
                0x000000000a003df8                MSS_UART_init
 .text.MSS_UART_polled_tx_string
                0x000000000a003e3c       0x58 ./src/platform/drivers/mss/mss_mmuart/mss_uart.o
                0x000000000a003e3c                MSS_UART_polled_tx_string
 .text.PLIC_mmuart0_IRQHandler
                0x000000000a003e94       0x2e ./src/platform/drivers/mss/mss_mmuart/mss_uart.o
                0x000000000a003e94                PLIC_mmuart0_IRQHandler
 .text.PLIC_mmuart1_IRQHandler
                0x000000000a003ec2       0x2e ./src/platform/drivers/mss/mss_mmuart/mss_uart.o
                0x000000000a003ec2                PLIC_mmuart1_IRQHandler
 .text.PLIC_mmuart2_IRQHandler
                0x000000000a003ef0       0x2e ./src/platform/drivers/mss/mss_mmuart/mss_uart.o
                0x000000000a003ef0                PLIC_mmuart2_IRQHandler
 .text.PLIC_mmuart3_IRQHandler
                0x000000000a003f1e       0x2e ./src/platform/drivers/mss/mss_mmuart/mss_uart.o
                0x000000000a003f1e                PLIC_mmuart3_IRQHandler
 .text.PLIC_mmuart4_IRQHandler
                0x000000000a003f4c       0x2e ./src/platform/drivers/mss/mss_mmuart/mss_uart.o
                0x000000000a003f4c                PLIC_mmuart4_IRQHandler
 .text.E51_mmuart0_local_IRQHandler
                0x000000000a003f7a       0x20 ./src/platform/drivers/mss/mss_mmuart/mss_uart.o
                0x000000000a003f7a                E51_mmuart0_local_IRQHandler
 .text.U54_1_mmuart1_local_IRQHandler
                0x000000000a003f9a       0x20 ./src/platform/drivers/mss/mss_mmuart/mss_uart.o
                0x000000000a003f9a                U54_1_mmuart1_local_IRQHandler
 .text.U54_2_mmuart2_local_IRQHandler
                0x000000000a003fba       0x20 ./src/platform/drivers/mss/mss_mmuart/mss_uart.o
                0x000000000a003fba                U54_2_mmuart2_local_IRQHandler
 .text.U54_3_mmuart3_local_IRQHandler
                0x000000000a003fda       0x20 ./src/platform/drivers/mss/mss_mmuart/mss_uart.o
                0x000000000a003fda                U54_3_mmuart3_local_IRQHandler
 .text.U54_4_mmuart4_local_IRQHandler
                0x000000000a003ffa       0x20 ./src/platform/drivers/mss/mss_mmuart/mss_uart.o
                0x000000000a003ffa                U54_4_mmuart4_local_IRQHandler
 .text.u54_4    0x000000000a00401a       0x68 ./src/application/hart4/u54_4.o
                0x000000000a00401a                u54_4
 .text.U54_4_software_IRQHandler
                0x000000000a004082       0x14 ./src/application/hart4/u54_4.o
                0x000000000a004082                U54_4_software_IRQHandler
 .text.u54_3    0x000000000a004096       0x68 ./src/application/hart3/u54_3.o
                0x000000000a004096                u54_3
 .text.U54_3_software_IRQHandler
                0x000000000a0040fe       0x14 ./src/application/hart3/u54_3.o
                0x000000000a0040fe                U54_3_software_IRQHandler
 .text.u54_2    0x000000000a004112       0x68 ./src/application/hart2/u54_2.o
                0x000000000a004112                u54_2
 .text.U54_2_software_IRQHandler
                0x000000000a00417a       0x14 ./src/application/hart2/u54_2.o
                0x000000000a00417a                U54_2_software_IRQHandler
 .text.print_data_128
                0x000000000a00418e       0xa0 ./src/application/hart1/u54_1.o
                0x000000000a00418e                print_data_128
 .text.print_data_132
                0x000000000a00422e       0xa8 ./src/application/hart1/u54_1.o
                0x000000000a00422e                print_data_132
 .text.print_data_3d
                0x000000000a0042d6       0xce ./src/application/hart1/u54_1.o
                0x000000000a0042d6                print_data_3d
 .text.output   0x000000000a0043a4       0xfe ./src/application/hart1/u54_1.o
                0x000000000a0043a4                output
 .text.dilation
                0x000000000a0044a2      0x1a0 ./src/application/hart1/u54_1.o
                0x000000000a0044a2                dilation
 .text.morphology
                0x000000000a004642      0x224 ./src/application/hart1/u54_1.o
                0x000000000a004642                morphology
 .text.padding  0x000000000a004866      0x1b0 ./src/application/hart1/u54_1.o
                0x000000000a004866                padding
 .text.u54_1    0x000000000a004a16      0x1dc ./src/application/hart1/u54_1.o
                0x000000000a004a16                u54_1
 .text.e51      0x000000000a004bf2       0x7a ./src/application/hart0/e51.o
                0x000000000a004bf2                e51
 .text.E51_software_IRQHandler
                0x000000000a004c6c       0x14 ./src/application/hart0/e51.o
                0x000000000a004c6c                E51_software_IRQHandler
 .text.memcmp   0x000000000a004c80       0x26 /home/vinay/Desktop/soft_console/SoftConsole-v2022.2-RISC-V-747/riscv-unknown-elf-gcc/bin/../lib/gcc/riscv64-unknown-elf/8.3.0/../../../../riscv64-unknown-elf/lib/libg_nano.a(lib_a-memcmp.o)
                0x000000000a004c80                memcmp
 .text          0x000000000a004ca6       0x16 /home/vinay/Desktop/soft_console/SoftConsole-v2022.2-RISC-V-747/riscv-unknown-elf-gcc/bin/../lib/gcc/riscv64-unknown-elf/8.3.0/../../../../riscv64-unknown-elf/lib/libg_nano.a(lib_a-memcpy-asm.o)
                0x000000000a004ca6                memcpy
 .text.rand     0x000000000a004cbc       0x5e /home/vinay/Desktop/soft_console/SoftConsole-v2022.2-RISC-V-747/riscv-unknown-elf-gcc/bin/../lib/gcc/riscv64-unknown-elf/8.3.0/../../../../riscv64-unknown-elf/lib/libg_nano.a(lib_a-rand.o)
                0x000000000a004cbc                rand
 .text.sprintf  0x000000000a004d1a       0x4a /home/vinay/Desktop/soft_console/SoftConsole-v2022.2-RISC-V-747/riscv-unknown-elf-gcc/bin/../lib/gcc/riscv64-unknown-elf/8.3.0/../../../../riscv64-unknown-elf/lib/libg_nano.a(lib_a-sprintf.o)
                0x000000000a004d1a                sprintf
                0x000000000a004d1a                siprintf
 .text.malloc   0x000000000a004d64        0xe /home/vinay/Desktop/soft_console/SoftConsole-v2022.2-RISC-V-747/riscv-unknown-elf-gcc/bin/../lib/gcc/riscv64-unknown-elf/8.3.0/../../../../riscv64-unknown-elf/lib/libg_nano.a(lib_a-malloc.o)
                0x000000000a004d64                malloc
 .text._free_r  0x000000000a004d72       0xb0 /home/vinay/Desktop/soft_console/SoftConsole-v2022.2-RISC-V-747/riscv-unknown-elf-gcc/bin/../lib/gcc/riscv64-unknown-elf/8.3.0/../../../../riscv64-unknown-elf/lib/libg_nano.a(lib_a-nano-freer.o)
                0x000000000a004d72                _free_r
 .text._malloc_r
                0x000000000a004e22       0xf8 /home/vinay/Desktop/soft_console/SoftConsole-v2022.2-RISC-V-747/riscv-unknown-elf-gcc/bin/../lib/gcc/riscv64-unknown-elf/8.3.0/../../../../riscv64-unknown-elf/lib/libg_nano.a(lib_a-nano-mallocr.o)
                0x000000000a004e22                _malloc_r
 .text.__ssputs_r
                0x000000000a004f1a       0xf8 /home/vinay/Desktop/soft_console/SoftConsole-v2022.2-RISC-V-747/riscv-unknown-elf-gcc/bin/../lib/gcc/riscv64-unknown-elf/8.3.0/../../../../riscv64-unknown-elf/lib/libg_nano.a(lib_a-nano-svfprintf.o)
                0x000000000a004f1a                __ssputs_r
 .text._svfprintf_r
                0x000000000a005012      0x292 /home/vinay/Desktop/soft_console/SoftConsole-v2022.2-RISC-V-747/riscv-unknown-elf-gcc/bin/../lib/gcc/riscv64-unknown-elf/8.3.0/../../../../riscv64-unknown-elf/lib/libg_nano.a(lib_a-nano-svfprintf.o)
                0x000000000a005012                _svfprintf_r
                0x000000000a005012                _svfiprintf_r
 .text._printf_common
                0x000000000a0052a4      0x124 /home/vinay/Desktop/soft_console/SoftConsole-v2022.2-RISC-V-747/riscv-unknown-elf-gcc/bin/../lib/gcc/riscv64-unknown-elf/8.3.0/../../../../riscv64-unknown-elf/lib/libg_nano.a(lib_a-nano-vfprintf_i.o)
                0x000000000a0052a4                _printf_common
 .text._printf_i