Archive member included to satisfy reference by file (symbol)

/home/vinay/Desktop/soft_console/SoftConsole-v2022.2-RISC-V-747/riscv-unknown-elf-gcc/bin/../lib/gcc/riscv64-unknown-elf/8.3.0/../../../../riscv64-unknown-elf/lib/libm.a(lib_a-w_sqrt.o)
                              ./src/application/hart1/u54_1.o (sqrt)
/home/vinay/Desktop/soft_console/SoftConsole-v2022.2-RISC-V-747/riscv-unknown-elf-gcc/bin/../lib/gcc/riscv64-unknown-elf/8.3.0/../../../../riscv64-unknown-elf/lib/libm.a(lib_a-e_sqrt.o)
                              /home/vinay/Desktop/soft_console/SoftConsole-v2022.2-RISC-V-747/riscv-unknown-elf-gcc/bin/../lib/gcc/riscv64-unknown-elf/8.3.0/../../../../riscv64-unknown-elf/lib/libm.a(lib_a-w_sqrt.o) (__ieee754_sqrt)
/home/vinay/Desktop/soft_console/SoftConsole-v2022.2-RISC-V-747/riscv-unknown-elf-gcc/bin/../lib/gcc/riscv64-unknown-elf/8.3.0/../../../../riscv64-unknown-elf/lib/libm.a(lib_a-s_lib_ver.o)
                              /home/vinay/Desktop/soft_console/SoftConsole-v2022.2-RISC-V-747/riscv-unknown-elf-gcc/bin/../lib/gcc/riscv64-unknown-elf/8.3.0/../../../../riscv64-unknown-elf/lib/libm.a(lib_a-w_sqrt.o) (__fdlib_version)
/home/vinay/Desktop/soft_console/SoftConsole-v2022.2-RISC-V-747/riscv-unknown-elf-gcc/bin/../lib/gcc/riscv64-unknown-elf/8.3.0/../../../../riscv64-unknown-elf/lib/libg_nano.a(lib_a-errno.o)
                              ./src/platform/mpfs_hal/startup_gcc/newlib_stubs.o (__errno)
/home/vinay/Desktop/soft_console/SoftConsole-v2022.2-RISC-V-747/riscv-unknown-elf-gcc/bin/../lib/gcc/riscv64-unknown-elf/8.3.0/../../../../riscv64-unknown-elf/lib/libg_nano.a(lib_a-impure.o)
                              /home/vinay/Desktop/soft_console/SoftConsole-v2022.2-RISC-V-747/riscv-unknown-elf-gcc/bin/../lib/gcc/riscv64-unknown-elf/8.3.0/../../../../riscv64-unknown-elf/lib/libg_nano.a(lib_a-errno.o) (_impure_ptr)
/home/vinay/Desktop/soft_console/SoftConsole-v2022.2-RISC-V-747/riscv-unknown-elf-gcc/bin/../lib/gcc/riscv64-unknown-elf/8.3.0/../../../../riscv64-unknown-elf/lib/libg_nano.a(lib_a-memcmp.o)
                              ./src/platform/mpfs_hal/common/nwc/mss_ddr_debug.o (memcmp)
/home/vinay/Desktop/soft_console/SoftConsole-v2022.2-RISC-V-747/riscv-unknown-elf-gcc/bin/../lib/gcc/riscv64-unknown-elf/8.3.0/../../../../riscv64-unknown-elf/lib/libg_nano.a(lib_a-rand.o)
                              ./src/platform/mpfs_hal/common/nwc/mss_ddr_debug.o (rand)
/home/vinay/Desktop/soft_console/SoftConsole-v2022.2-RISC-V-747/riscv-unknown-elf-gcc/bin/../lib/gcc/riscv64-unknown-elf/8.3.0/../../../../riscv64-unknown-elf/lib/libg_nano.a(lib_a-sprintf.o)
                              ./src/application/hart1/u54_1.o (sprintf)
/home/vinay/Desktop/soft_console/SoftConsole-v2022.2-RISC-V-747/riscv-unknown-elf-gcc/bin/../lib/gcc/riscv64-unknown-elf/8.3.0/../../../../riscv64-unknown-elf/lib/libg_nano.a(lib_a-malloc.o)
                              /home/vinay/Desktop/soft_console/SoftConsole-v2022.2-RISC-V-747/riscv-unknown-elf-gcc/bin/../lib/gcc/riscv64-unknown-elf/8.3.0/../../../../riscv64-unknown-elf/lib/libg_nano.a(lib_a-rand.o) (malloc)
/home/vinay/Desktop/soft_console/SoftConsole-v2022.2-RISC-V-747/riscv-unknown-elf-gcc/bin/../lib/gcc/riscv64-unknown-elf/8.3.0/../../../../riscv64-unknown-elf/lib/libg_nano.a(lib_a-nano-freer.o)
                              /home/vinay/Desktop/soft_console/SoftConsole-v2022.2-RISC-V-747/riscv-unknown-elf-gcc/bin/../lib/gcc/riscv64-unknown-elf/8.3.0/../../../../riscv64-unknown-elf/lib/libg_nano.a(lib_a-malloc.o) (_free_r)
/home/vinay/Desktop/soft_console/SoftConsole-v2022.2-RISC-V-747/riscv-unknown-elf-gcc/bin/../lib/gcc/riscv64-unknown-elf/8.3.0/../../../../riscv64-unknown-elf/lib/libg_nano.a(lib_a-nano-mallocr.o)
                              /home/vinay/Desktop/soft_console/SoftConsole-v2022.2-RISC-V-747/riscv-unknown-elf-gcc/bin/../lib/gcc/riscv64-unknown-elf/8.3.0/../../../../riscv64-unknown-elf/lib/libg_nano.a(lib_a-malloc.o) (_malloc_r)
/home/vinay/Desktop/soft_console/SoftConsole-v2022.2-RISC-V-747/riscv-unknown-elf-gcc/bin/../lib/gcc/riscv64-unknown-elf/8.3.0/../../../../riscv64-unknown-elf/lib/libg_nano.a(lib_a-nano-svfprintf.o)
                              /home/vinay/Desktop/soft_console/SoftConsole-v2022.2-RISC-V-747/riscv-unknown-elf-gcc/bin/../lib/gcc/riscv64-unknown-elf/8.3.0/../../../../riscv64-unknown-elf/lib/libg_nano.a(lib_a-sprintf.o) (_svfprintf_r)
/home/vinay/Desktop/soft_console/SoftConsole-v2022.2-RISC-V-747/riscv-unknown-elf-gcc/bin/../lib/gcc/riscv64-unknown-elf/8.3.0/../../../../riscv64-unknown-elf/lib/libg_nano.a(lib_a-nano-vfprintf_i.o)
                              /home/vinay/Desktop/soft_console/SoftConsole-v2022.2-RISC-V-747/riscv-unknown-elf-gcc/bin/../lib/gcc/riscv64-unknown-elf/8.3.0/../../../../riscv64-unknown-elf/lib/libg_nano.a(lib_a-nano-svfprintf.o) (_printf_i)
[...]
Memory Configuration

Name             Origin             Length             Attributes
envm             0x0000000020220100 0x000000000001ff00 xr
dtim             0x0000000001000000 0x0000000000001c00 xrw
switch_code_dtim 0x0000000001001c00 0x0000000000000400 xr
e51_itim         0x0000000001800000 0x0000000000007000 xrw
u54_1_itim       0x0000000001808000 0x0000000000007000 xrw
u54_2_itim       0x0000000001810000 0x0000000000007000 xrw
u54_3_itim       0x0000000001818000 0x0000000000007000 xrw
u54_4_itim       0x0000000001820000 0x0000000000007000 xrw
l2lim            0x0000000008000000 0x0000000000040000 xrw
scratchpad       0x000000000a000000 0x0000000000040000 xrw
ddr_cached_32bit 0x0000000080000000 0x0000000030000000 xrw
ddr_non_cached_32bit 0x00000000c0000000 0x0000000010000000 xrw
ddr_wcb_32bit    0x00000000d0000000 0x0000000010000000 xrw
ddr_cached_38bit 0x0000001000000000 0x0000000040000000 xrw
ddr_non_cached_38bit 0x0000001400000000 0x0000000000000000 xrw
ddr_wcb_38bit    0x0000001800000000 0x0000000000000000 xrw
*default*        0x0000000000000000 0xffffffffffffffff

Linker script and memory map

LOAD ./src/platform/mpfs_hal/startup_gcc/mss_entry.o
LOAD ./src/platform/mpfs_hal/startup_gcc/mss_utils.o
LOAD ./src/platform/mpfs_hal/startup_gcc/newlib_stubs.o
LOAD ./src/platform/mpfs_hal/startup_gcc/system_startup.o
LOAD ./src/platform/mpfs_hal/common/nwc/mss_cfm.o
LOAD ./src/platform/mpfs_hal/common/nwc/mss_ddr.o
LOAD ./src/platform/mpfs_hal/common/nwc/mss_ddr_debug.o
LOAD ./src/platform/mpfs_hal/common/nwc/mss_ddr_test_pattern.o
LOAD ./src/platform/mpfs_hal/common/nwc/mss_io.o
LOAD ./src/platform/mpfs_hal/common/nwc/mss_nwc_init.o
LOAD ./src/platform/mpfs_hal/common/nwc/mss_pll.o
LOAD ./src/platform/mpfs_hal/common/nwc/mss_sgmii.o
LOAD ./src/platform/mpfs_hal/common/mss_axiswitch.o
LOAD ./src/platform/mpfs_hal/common/mss_clint.o
LOAD ./src/platform/mpfs_hal/common/mss_h2f.o
LOAD ./src/platform/mpfs_hal/common/mss_irq_handler_stubs.o
LOAD ./src/platform/mpfs_hal/common/mss_l2_cache.o
LOAD ./src/platform/mpfs_hal/common/mss_mpu.o
LOAD ./src/platform/mpfs_hal/common/mss_mtrap.o
LOAD ./src/platform/mpfs_hal/common/mss_peripherals.o
LOAD ./src/platform/mpfs_hal/common/mss_plic.o
LOAD ./src/platform/mpfs_hal/common/mss_pmp.o
LOAD ./src/platform/mpfs_hal/common/mss_util.o
LOAD ./src/platform/hal/hal_irq.o
LOAD ./src/platform/hal/hw_reg_access.o
LOAD ./src/platform/drivers/mss/mss_mmuart/mss_uart.o
LOAD ./src/platform/drivers/mss/mss_gpio/mss_gpio.o
LOAD ./src/application/hart4/u54_4.o
LOAD ./src/application/hart3/u54_3.o
LOAD ./src/application/hart2/u54_2.o
LOAD ./src/application/hart1/u54_1.o
LOAD ./src/application/hart0/e51.o
LOAD /home/vinay/Desktop/soft_console/SoftConsole-v2022.2-RISC-V-747/riscv-unknown-elf-gcc/bin/../lib/gcc/riscv64-unknown-elf/8.3.0/../../../../riscv64-unknown-elf/lib/libm.a
LOAD /home/vinay/Desktop/soft_console/SoftConsole-v2022.2-RISC-V-747/riscv-unknown-elf-gcc/bin/../lib/gcc/riscv64-unknown-elf/8.3.0/libgcc.a
LOAD /home/vinay/Desktop/soft_console/SoftConsole-v2022.2-RISC-V-747/riscv-unknown-elf-gcc/bin/../lib/gcc/riscv64-unknown-elf/8.3.0/../../../../riscv64-unknown-elf/lib/libg_nano.a
LOAD /home/vinay/Desktop/soft_console/SoftConsole-v2022.2-RISC-V-747/riscv-unknown-elf-gcc/bin/../lib/gcc/riscv64-unknown-elf/8.3.0/../../../../riscv64-unknown-elf/lib/libc_nano.a
LOAD /home/vinay/Desktop/soft_console/SoftConsole-v2022.2-RISC-V-747/riscv-unknown-elf-gcc/bin/../lib/gcc/riscv64-unknown-elf/8.3.0/libgcc.a
START GROUP
LOAD /home/vinay/Desktop/soft_console/SoftConsole-v2022.2-RISC-V-747/riscv-unknown-elf-gcc/bin/../lib/gcc/riscv64-unknown-elf/8.3.0/libgcc.a
LOAD /home/vinay/Desktop/soft_console/SoftConsole-v2022.2-RISC-V-747/riscv-unknown-elf-gcc/bin/../lib/gcc/riscv64-unknown-elf/8.3.0/../../../../riscv64-unknown-elf/lib/libc_nano.a
LOAD /home/vinay/Desktop/soft_console/SoftConsole-v2022.2-RISC-V-747/riscv-unknown-elf-gcc/bin/../lib/gcc/riscv64-unknown-elf/8.3.0/../../../../riscv64-unknown-elf/lib/libnosys.a
END GROUP
START GROUP
LOAD /home/vinay/Desktop/soft_console/SoftConsole-v2022.2-RISC-V-747/riscv-unknown-elf-gcc/bin/../lib/gcc/riscv64-unknown-elf/8.3.0/libgcc.a
LOAD /home/vinay/Desktop/soft_console/SoftConsole-v2022.2-RISC-V-747/riscv-unknown-elf-gcc/bin/../lib/gcc/riscv64-unknown-elf/8.3.0/../../../../riscv64-unknown-elf/lib/libc_nano.a
LOAD /home/vinay/Desktop/soft_console/SoftConsole-v2022.2-RISC-V-747/riscv-unknown-elf-gcc/bin/../lib/gcc/riscv64-unknown-elf/8.3.0/../../../../riscv64-unknown-elf/lib/libnosys.a
END GROUP
                0x0000000000002000                HEAP_SIZE = 0x2000
                0x0000000000001000                SIZE_OF_COMMON_HART_MEM = 0x1000
                0x0000000000002000                STACK_SIZE_E51_APPLICATION = 0x2000
                0x0000000000002000                STACK_SIZE_U54_1_APPLICATION = 0x2000
                0x0000000000002000                STACK_SIZE_U54_2_APPLICATION = 0x2000
                0x0000000000002000                STACK_SIZE_U54_3_APPLICATION = 0x2000
                0x0000000000002000                STACK_SIZE_U54_4_APPLICATION = 0x2000
                [!provide]                        PROVIDE (__envm_start = ORIGIN (envm))
                [!provide]                        PROVIDE (__envm_end = (ORIGIN (envm) + LENGTH (envm)))
                0x0000000008000000                PROVIDE (__l2lim_start = ORIGIN (l2lim))
                0x0000000008040000                PROVIDE (__l2lim_end = (ORIGIN (l2lim) + LENGTH (l2lim)))
                [!provide]                        PROVIDE (__ddr_cached_32bit_start = ORIGIN (ddr_cached_32bit))
                [!provide]                        PROVIDE (__ddr_cached_32bit_end = (ORIGIN (ddr_cached_32bit) + LENGTH (ddr_cached_32bit)))
                [!provide]                        PROVIDE (__ddr_non_cached_32bit_start = ORIGIN (ddr_non_cached_32bit))
                [!provide]                        PROVIDE (__ddr_non_cached_32bit_end = (ORIGIN (ddr_non_cached_32bit) + LENGTH (ddr_non_cached_32bit)))
                [!provide]                        PROVIDE (__ddr_wcb_32bit_start = ORIGIN (ddr_wcb_32bit))
                [!provide]                        PROVIDE (__ddr_wcb_32bit_end = (ORIGIN (ddr_wcb_32bit) + LENGTH (ddr_wcb_32bit)))
                [!provide]                        PROVIDE (__ddr_cached_38bit_start = ORIGIN (ddr_cached_38bit))
                [!provide]                        PROVIDE (__ddr_cached_38bit_end = (ORIGIN (ddr_cached_38bit) + LENGTH (ddr_cached_38bit)))
                [!provide]                        PROVIDE (__ddr_non_cached_38bit_start = ORIGIN (ddr_non_cached_38bit))
                [!provide]                        PROVIDE (__ddr_non_cached_38bit_end = (ORIGIN (ddr_non_cached_38bit) + LENGTH (ddr_non_cached_38bit)))
                [!provide]                        PROVIDE (__ddr_wcb_38bit_start = ORIGIN (ddr_wcb_38bit))
                [!provide]                        PROVIDE (__ddr_wcb_38bit_end = (ORIGIN (ddr_wcb_38bit) + LENGTH (ddr_wcb_38bit)))
                [!provide]                        PROVIDE (__dtim_start = ORIGIN (dtim))
                [!provide]                        PROVIDE (__dtim_end = (ORIGIN (dtim) + LENGTH (dtim)))
                [!provide]                        PROVIDE (__e51itim_start = ORIGIN (e51_itim))
                [!provide]                        PROVIDE (__e51itim_end = (ORIGIN (e51_itim) + LENGTH (e51_itim)))
                [!provide]                        PROVIDE (__u54_1_itim_start = ORIGIN (u54_1_itim))
                [!provide]                        PROVIDE (__u54_1_itim_end = (ORIGIN (u54_1_itim) + LENGTH (u54_1_itim)))
                [!provide]                        PROVIDE (__u54_2_itim_start = ORIGIN (u54_2_itim))
                [!provide]                        PROVIDE (__u54_2_itim_end = (ORIGIN (u54_2_itim) + LENGTH (u54_2_itim)))
                [!provide]                        PROVIDE (__u54_3_itim_start = ORIGIN (u54_3_itim))
                [!provide]                        PROVIDE (__u54_3_itim_end = (ORIGIN (u54_3_itim) + LENGTH (u54_3_itim)))
                [!provide]                        PROVIDE (__u54_4_itim_start = ORIGIN (u54_4_itim))
                [!provide]                        PROVIDE (__u54_4_itim_end = (ORIGIN (u54_4_itim) + LENGTH (u54_4_itim)))
                0x0000000008000000                . = __l2lim_start

.text           0x0000000008000000    0x12e60
                0x0000000008000000                __text_load = LOADADDR (.text)
                0x0000000008000000                __text_start = .
 *(.text.init)
 .text.init     0x0000000008000000      0x510 ./src/platform/mpfs_hal/startup_gcc/mss_entry.o
                0x0000000008000000                reset_vector
                0x0000000008000000                _start
                0x00000000080003d0                zero_section
                0x00000000080003e4                count_section
                0x00000000080003fc                copy_section
                0x000000000800041c                copy_switch_code
 .text.init     0x0000000008000510       0xba ./src/platform/mpfs_hal/startup_gcc/mss_utils.o
                0x0000000008000510                pdma_transfer
                0x000000000800054a                pdma_transfer_complete
                0x000000000800055e                memfill
                0x0000000008000570                config_copy
                0x0000000008000586                config_16_copy
                0x000000000800059c                config_32_copy
                0x00000000080005b2                config_64_copy
                0x00000000080005d0                . = ALIGN (0x10)
 *fill*         0x00000000080005ca        0x6 
 *(.text .text.* .gnu.linkonce.t.*)
 .text._sbrk    0x00000000080005d0       0x8c ./src/platform/mpfs_hal/startup_gcc/newlib_stubs.o
                0x00000000080005d0                _sbrk
 .text.raise_soft_interrupt
                0x000000000800065c       0x26 ./src/platform/mpfs_hal/startup_gcc/system_startup.o
 .text.PLIC_ClaimIRQ
                0x0000000008000682       0x40 ./src/platform/mpfs_hal/startup_gcc/system_startup.o
 .text.PLIC_CompleteIRQ
                0x00000000080006c2       0x5a ./src/platform/mpfs_hal/startup_gcc/system_startup.o
 .text.PLIC_ClearPendingIRQ
                0x000000000800071c       0x5e ./src/platform/mpfs_hal/startup_gcc/system_startup.o
 .text.PLIC_init_on_reset
                0x000000000800077a      0x16e ./src/platform/mpfs_hal/startup_gcc/system_startup.o
 .text.main_first_hart
                0x00000000080008e8      0x268 ./src/platform/mpfs_hal/startup_gcc/system_startup.o
                0x00000000080008e8                main_first_hart
 .text.main_other_hart
                0x0000000008000b50      0x11a ./src/platform/mpfs_hal/startup_gcc/system_startup.o
                0x0000000008000b50                main_other_hart
 .text.load_virtual_rom
                0x0000000008000c6a       0x30 ./src/platform/mpfs_hal/startup_gcc/system_startup.o
                0x0000000008000c6a                load_virtual_rom
 .text.init_memory
                0x0000000008000c9a       0x8e ./src/platform/mpfs_hal/startup_gcc/system_startup.o
                0x0000000008000c9a                init_memory
 .text.init_bus_error_unit
                0x0000000008000d28       0x9a ./src/platform/mpfs_hal/startup_gcc/system_startup.o
                0x0000000008000d28                init_bus_error_unit
 .text.init_mem_protection_unit
                0x0000000008000dc2       0x18 ./src/platform/mpfs_hal/startup_gcc/system_startup.o
                0x0000000008000dc2                init_mem_protection_unit
 .text.init_pmp
                0x0000000008000dda       0x24 ./src/platform/mpfs_hal/startup_gcc/system_startup.o
                0x0000000008000dda                init_pmp
 .text.delay    0x0000000008000dfe       0x40 ./src/platform/mpfs_hal/common/nwc/mss_ddr.o
 .text.ddr_state_machine
                0x0000000008000e3e       0x80 ./src/platform/mpfs_hal/common/nwc/mss_ddr.o
                0x0000000008000e3e                ddr_state_machine
 .text.ddr_setup
                0x0000000008000ebe     0x24fe ./src/platform/mpfs_hal/common/nwc/mss_ddr.o
 .text.get_num_lanes
                0x00000000080033bc       0x18 ./src/platform/mpfs_hal/common/nwc/mss_ddr.o
 .text.set_ddr_mode_reg_and_vs_bits
                0x00000000080033d4       0x4a ./src/platform/mpfs_hal/common/nwc/mss_ddr.o
 .text.set_ddr_rpc_regs
                0x000000000800341e      0x1e8 ./src/platform/mpfs_hal/common/nwc/mss_ddr.o
 .text.ddr_off_mode
                0x0000000008003606       0xb0 ./src/platform/mpfs_hal/common/nwc/mss_ddr.o
 .text.load_dq  0x00000000080036b6      0x176 ./src/platform/mpfs_hal/common/nwc/mss_ddr.o
 .text.set_write_calib
                0x000000000800382c       0xca ./src/platform/mpfs_hal/common/nwc/mss_ddr.o
 .text.write_calibration_using_mtc
                0x00000000080038f6      0x33e ./src/platform/mpfs_hal/common/nwc/mss_ddr.o
 .text.MTC_test
                0x0000000008003c34      0x742 ./src/platform/mpfs_hal/common/nwc/mss_ddr.o
 .text.init_ddrc
                0x0000000008004376     0x1c24 ./src/platform/mpfs_hal/common/nwc/mss_ddr.o
 .text.setup_ddr_segments
                0x0000000008005f9a       0xde ./src/platform/mpfs_hal/common/nwc/mss_ddr.o
                0x0000000008005f9a                setup_ddr_segments
 .text.use_software_bclk_sclk_training
                0x0000000008006078       0x78 ./src/platform/mpfs_hal/common/nwc/mss_ddr.o
 .text.bclk_sclk_offset
                0x00000000080060f0       0x7e ./src/platform/mpfs_hal/common/nwc/mss_ddr.o
 .text.config_ddr_io_pull_up_downs_rpc_bits
                0x000000000800616e      0x1aa ./src/platform/mpfs_hal/common/nwc/mss_ddr.o
 .text.ddr_manual_addcmd_refclk_offset
                0x0000000008006318       0xc6 ./src/platform/mpfs_hal/common/nwc/mss_ddr.o
 .text.mode_register_masked_write
                0x00000000080063de       0xb4 ./src/platform/mpfs_hal/common/nwc/mss_ddr.o
 .text.mode_register_masked_write_x5
                0x0000000008006492       0x58 ./src/platform/mpfs_hal/common/nwc/mss_ddr.o
 .text.lpddr4_manual_training
                0x00000000080064ea     0x139a ./src/platform/mpfs_hal/common/nwc/mss_ddr.o
 .text.non_lpddr4_address_cmd_training
                0x0000000008007884      0x78c ./src/platform/mpfs_hal/common/nwc/mss_ddr.o
 .text.ddr3_address_cmd_training
                0x0000000008008010      0x894 ./src/platform/mpfs_hal/common/nwc/mss_ddr.o
 .text.delay    0x00000000080088a4       0x40 ./src/platform/mpfs_hal/common/nwc/mss_ddr_debug.o
 .text.ddr_write
                0x00000000080088e4      0x274 ./src/platform/mpfs_hal/common/nwc/mss_ddr_debug.o
 .text.ddr_read
                0x0000000008008b58      0x372 ./src/platform/mpfs_hal/common/nwc/mss_ddr_debug.o
 .text.ddr_read_write_fn
                0x0000000008008eca      0x11e ./src/platform/mpfs_hal/common/nwc/mss_ddr_debug.o
                0x0000000008008eca                ddr_read_write_fn
 .text.load_ddr_pattern
                0x0000000008008fe8      0x16e ./src/platform/mpfs_hal/common/nwc/mss_ddr_debug.o
                0x0000000008008fe8                load_ddr_pattern
 .text.load_test_buffers
                0x0000000008009156       0x66 ./src/platform/mpfs_hal/common/nwc/mss_ddr_debug.o
 .text.test_ddr
                0x00000000080091bc      0x1ca ./src/platform/mpfs_hal/common/nwc/mss_ddr_debug.o
                0x00000000080091bc                test_ddr
 .text.mssio_setup
                0x0000000008009386       0x2a ./src/platform/mpfs_hal/common/nwc/mss_io.o
                0x0000000008009386                mssio_setup
 .text.io_mux_and_bank_config
                0x00000000080093b0       0x5e ./src/platform/mpfs_hal/common/nwc/mss_io.o
 .text.set_bank2_and_bank4_volts
                0x000000000800940e       0x52 ./src/platform/mpfs_hal/common/nwc/mss_io.o
                0x000000000800940e                set_bank2_and_bank4_volts
 .text.mss_set_gpio_interrupt_fab_cr
                0x0000000008009460       0x1e ./src/platform/mpfs_hal/common/nwc/mss_io.o
                0x0000000008009460                mss_set_gpio_interrupt_fab_cr
 .text.delay    0x000000000800947e       0x40 ./src/platform/mpfs_hal/common/nwc/mss_nwc_init.o
 .text.mss_nwc_init
                0x00000000080094be       0xbe ./src/platform/mpfs_hal/common/nwc/mss_nwc_init.o
                0x00000000080094be                mss_nwc_init
 .text.mss_nwc_init_ddr
                0x000000000800957c       0x66 ./src/platform/mpfs_hal/common/nwc/mss_nwc_init.o
                0x000000000800957c                mss_nwc_init_ddr
 .text.report_status_functions
                0x00000000080095e2       0x5e ./src/platform/mpfs_hal/common/nwc/mss_nwc_init.o
 .text.ddr_report_progress
                0x0000000008009640        0xe ./src/platform/mpfs_hal/common/nwc/mss_nwc_init.o
                0x0000000008009640                ddr_report_progress
 .text.set_RTC_divisor
                0x000000000800964e       0x4a ./src/platform/mpfs_hal/common/nwc/mss_pll.o
                0x000000000800964e                set_RTC_divisor
 .text.mss_mux_pre_mss_pll_config
                0x0000000008009698       0x78 ./src/platform/mpfs_hal/common/nwc/mss_pll.o
 .text.sgmii_mux_config
                0x0000000008009710       0x4a ./src/platform/mpfs_hal/common/nwc/mss_pll.o
                0x0000000008009710                sgmii_mux_config
 .text.mss_pll_config
                0x000000000800975a       0xfa ./src/platform/mpfs_hal/common/nwc/mss_pll.o
                0x000000000800975a                mss_pll_config
 .text.flag_mss_pll_lock_error
                0x0000000008009854       0x10 ./src/platform/mpfs_hal/common/nwc/mss_pll.o
                0x0000000008009854                flag_mss_pll_lock_error
 .text.ddr_pll_config
                0x0000000008009864      0x144 ./src/platform/mpfs_hal/common/nwc/mss_pll.o
                0x0000000008009864                ddr_pll_config
 .text.ddr_pll_lock_scb
                0x00000000080099a8       0x38 ./src/platform/mpfs_hal/common/nwc/mss_pll.o
                0x00000000080099a8                ddr_pll_lock_scb
 .text.ddr_pll_config_scb_turn_off
                0x00000000080099e0       0x22 ./src/platform/mpfs_hal/common/nwc/mss_pll.o
                0x00000000080099e0                ddr_pll_config_scb_turn_off
 .text.sgmii_pll_config_scb
                0x0000000008009a02       0xb8 ./src/platform/mpfs_hal/common/nwc/mss_pll.o
                0x0000000008009a02                sgmii_pll_config_scb
 .text.sgmii_setup
                0x0000000008009aba       0x20 ./src/platform/mpfs_hal/common/nwc/mss_sgmii.o
                0x0000000008009aba                sgmii_setup
 .text.sgmii_channel_setup
                0x0000000008009ada      0x51c ./src/platform/mpfs_hal/common/nwc/mss_sgmii.o
 .text.setup_sgmii_rpc_per_config
                0x0000000008009ff6       0xbe ./src/platform/mpfs_hal/common/nwc/mss_sgmii.o
 .text.ddr_pvt_calibration
                0x000000000800a0b4      0x170 ./src/platform/mpfs_hal/common/nwc/mss_sgmii.o
                0x000000000800a0b4                ddr_pvt_calibration
 .text.set_early_late_thresholds
                0x000000000800a224       0xbe ./src/platform/mpfs_hal/common/nwc/mss_sgmii.o
 .text.clear_soft_interrupt
                0x000000000800a2e2       0x46 ./src/platform/mpfs_hal/common/mss_clint.o
 .text.handle_m_timer_interrupt
                0x000000000800a328       0xd6 ./src/platform/mpfs_hal/common/mss_clint.o
                0x000000000800a328                handle_m_timer_interrupt
 .text.handle_m_soft_interrupt
                0x000000000800a3fe       0x84 ./src/platform/mpfs_hal/common/mss_clint.o
                0x000000000800a3fe                handle_m_soft_interrupt
 .text.U54_1_software_IRQHandler
                0x000000000800a482        0xe ./src/platform/mpfs_hal/common/mss_irq_handler_stubs.o
                0x000000000800a482                U54_1_software_IRQHandler
 .text.E51_sysTick_IRQHandler
                0x000000000800a490        0xe ./src/platform/mpfs_hal/common/mss_irq_handler_stubs.o
                0x000000000800a490                E51_sysTick_IRQHandler
 .text.U54_1_sysTick_IRQHandler
                0x000000000800a49e        0xe ./src/platform/mpfs_hal/common/mss_irq_handler_stubs.o
                0x000000000800a49e                U54_1_sysTick_IRQHandler
 .text.U54_2_sysTick_IRQHandler
                0x000000000800a4ac        0xe ./src/platform/mpfs_hal/common/mss_irq_handler_stubs.o
                0x000000000800a4ac                U54_2_sysTick_IRQHandler
 .text.U54_3_sysTick_IRQHandler
                0x000000000800a4ba        0xe ./src/platform/mpfs_hal/common/mss_irq_handler_stubs.o
                0x000000000800a4ba                U54_3_sysTick_IRQHandler
 .text.U54_4_sysTick_IRQHandler
                0x000000000800a4c8        0xe ./src/platform/mpfs_hal/common/mss_irq_handler_stubs.o
                0x000000000800a4c8                U54_4_sysTick_IRQHandler
 .text.PLIC_Invalid_IRQHandler
                0x000000000800a4d6       0x10 ./src/platform/mpfs_hal/common/mss_irq_handler_stubs.o
                0x000000000800a4d6                PLIC_Invalid_IRQHandler
 .text.PLIC_dma_ch0_DONE_IRQHandler
                0x000000000800a4e6       0x10 ./src/platform/mpfs_hal/common/mss_irq_handler_stubs.o
                0x000000000800a4e6                PLIC_dma_ch0_DONE_IRQHandler
 .text.PLIC_dma_ch0_ERR_IRQHandler
                0x000000000800a4f6       0x10 ./src/platform/mpfs_hal/common/mss_irq_handler_stubs.o
                0x000000000800a4f6                PLIC_dma_ch0_ERR_IRQHandler
 .text.PLIC_dma_ch1_DONE_IRQHandler
                0x000000000800a506       0x10 ./src/platform/mpfs_hal/common/mss_irq_handler_stubs.o
                0x000000000800a506                PLIC_dma_ch1_DONE_IRQHandler
 .text.PLIC_dma_ch1_ERR_IRQHandler
                0x000000000800a516       0x10 ./src/platform/mpfs_hal/common/mss_irq_handler_stubs.o
                0x000000000800a516                PLIC_dma_ch1_ERR_IRQHandler
 .text.PLIC_dma_ch2_DONE_IRQHandler
                0x000000000800a526       0x10 ./src/platform/mpfs_hal/common/mss_irq_handler_stubs.o
                0x000000000800a526                PLIC_dma_ch2_DONE_IRQHandler
 .text.PLIC_dma_ch2_ERR_IRQHandler
                0x000000000800a536       0x10 ./src/platform/mpfs_hal/common/mss_irq_handler_stubs.o
                0x000000000800a536                PLIC_dma_ch2_ERR_IRQHandler
 .text.PLIC_dma_ch3_DONE_IRQHandler
                0x000000000800a546       0x10 ./src/platform/mpfs_hal/common/mss_irq_handler_stubs.o
                0x000000000800a546                PLIC_dma_ch3_DONE_IRQHandler
 .text.PLIC_dma_ch3_ERR_IRQHandler
                0x000000000800a556       0x10 ./src/platform/mpfs_hal/common/mss_irq_handler_stubs.o
                0x000000000800a556                PLIC_dma_ch3_ERR_IRQHandler
 .text.PLIC_l2_metadata_corr_IRQHandler
                0x000000000800a566       0x10 ./src/platform/mpfs_hal/common/mss_irq_handler_stubs.o
                0x000000000800a566                PLIC_l2_metadata_corr_IRQHandler
 .text.PLIC_l2_metadata_uncorr_IRQHandler
                0x000000000800a576       0x10 ./src/platform/mpfs_hal/common/mss_irq_handler_stubs.o
                0x000000000800a576                PLIC_l2_metadata_uncorr_IRQHandler
 .text.PLIC_l2_data_corr_IRQHandler
                0x000000000800a586       0x10 ./src/platform/mpfs_hal/common/mss_irq_handler_stubs.o
                0x000000000800a586                PLIC_l2_data_corr_IRQHandler
 .text.PLIC_l2_data_uncorr_IRQHandler
                0x000000000800a596       0x10 ./src/platform/mpfs_hal/common/mss_irq_handler_stubs.o
                0x000000000800a596                PLIC_l2_data_uncorr_IRQHandler
 .text.PLIC_gpio0_bit0_or_gpio2_bit13_IRQHandler
                0x000000000800a5a6       0x10 ./src/platform/mpfs_hal/common/mss_irq_handler_stubs.o
                0x000000000800a5a6                PLIC_gpio0_bit0_or_gpio2_bit13_IRQHandler
 .text.PLIC_gpio0_bit1_or_gpio2_bit13_IRQHandler
                0x000000000800a5b6       0x10 ./src/platform/mpfs_hal/common/mss_irq_handler_stubs.o
                0x000000000800a5b6                PLIC_gpio0_bit1_or_gpio2_bit13_IRQHandler
 .text.PLIC_gpio0_bit2_or_gpio2_bit13_IRQHandler
                0x000000000800a5c6       0x10 ./src/platform/mpfs_hal/common/mss_irq_handler_stubs.o
                0x000000000800a5c6                PLIC_gpio0_bit2_or_gpio2_bit13_IRQHandler
 .text.PLIC_gpio0_bit3_or_gpio2_bit13_IRQHandler
                0x000000000800a5d6       0x10 ./src/platform/mpfs_hal/common/mss_irq_handler_stubs.o
                0x000000000800a5d6                PLIC_gpio0_bit3_or_gpio2_bit13_IRQHandler
 .text.PLIC_gpio0_bit4_or_gpio2_bit13_IRQHandler
                0x000000000800a5e6       0x10 ./src/platform/mpfs_hal/common/mss_irq_handler_stubs.o
                0x000000000800a5e6                PLIC_gpio0_bit4_or_gpio2_bit13_IRQHandler
 .text.PLIC_gpio0_bit5_or_gpio2_bit13_IRQHandler
                0x000000000800a5f6       0x10 ./src/platform/mpfs_hal/common/mss_irq_handler_stubs.o
                0x000000000800a5f6                PLIC_gpio0_bit5_or_gpio2_bit13_IRQHandler
 .text.PLIC_gpio0_bit6_or_gpio2_bit13_IRQHandler
                0x000000000800a606       0x10 ./src/platform/mpfs_hal/common/mss_irq_handler_stubs.o
                0x000000000800a606                PLIC_gpio0_bit6_or_gpio2_bit13_IRQHandler
 .text.PLIC_gpio0_bit7_or_gpio2_bit13_IRQHandler
                0x000000000800a616       0x10 ./src/platform/mpfs_hal/common/mss_irq_handler_stubs.o
                0x000000000800a616                PLIC_gpio0_bit7_or_gpio2_bit13_IRQHandler
 .text.PLIC_gpio0_bit8_or_gpio2_bit13_IRQHandler
                0x000000000800a626       0x10 ./src/platform/mpfs_hal/common/mss_irq_handler_stubs.o
                0x000000000800a626                PLIC_gpio0_bit8_or_gpio2_bit13_IRQHandler
 .text.PLIC_gpio0_bit9_or_gpio2_bit13_IRQHandler
                0x000000000800a636       0x10 ./src/platform/mpfs_hal/common/mss_irq_handler_stubs.o
                0x000000000800a636                PLIC_gpio0_bit9_or_gpio2_bit13_IRQHandler
 .text.PLIC_gpio0_bit10_or_gpio2_bit13_IRQHandler
                0x000000000800a646       0x10 ./src/platform/mpfs_hal/common/mss_irq_handler_stubs.o
                0x000000000800a646                PLIC_gpio0_bit10_or_gpio2_bit13_IRQHandler
 .text.PLIC_gpio0_bit11_or_gpio2_bit13_IRQHandler
                0x000000000800a656       0x10 ./src/platform/mpfs_hal/common/mss_irq_handler_stubs.o
                0x000000000800a656                PLIC_gpio0_bit11_or_gpio2_bit13_IRQHandler
 .text.PLIC_gpio0_bit12_or_gpio2_bit13_IRQHandler
                0x000000000800a666       0x10 ./src/platform/mpfs_hal/common/mss_irq_handler_stubs.o
                0x000000000800a666                PLIC_gpio0_bit12_or_gpio2_bit13_IRQHandler
 .text.PLIC_gpio0_bit13_or_gpio2_bit13_IRQHandler
                0x000000000800a676       0x10 ./src/platform/mpfs_hal/common/mss_irq_handler_stubs.o
                0x000000000800a676                PLIC_gpio0_bit13_or_gpio2_bit13_IRQHandler
 .text.PLIC_gpio1_bit0_or_gpio2_bit14_IRQHandler
                0x000000000800a686       0x10 ./src/platform/mpfs_hal/common/mss_irq_handler_stubs.o
                0x000000000800a686                PLIC_gpio1_bit0_or_gpio2_bit14_IRQHandler
 .text.PLIC_gpio1_bit1_or_gpio2_bit15_IRQHandler
                0x000000000800a696       0x10 ./src/platform/mpfs_hal/common/mss_irq_handler_stubs.o
                0x000000000800a696                PLIC_gpio1_bit1_or_gpio2_bit15_IRQHandler
 .text.PLIC_gpio1_bit2_or_gpio2_bit16_IRQHandler
                0x000000000800a6a6       0x10 ./src/platform/mpfs_hal/common/mss_irq_handler_stubs.o
                0x000000000800a6a6                PLIC_gpio1_bit2_or_gpio2_bit16_IRQHandler
 .text.PLIC_gpio1_bit3_or_gpio2_bit17_IRQHandler
                0x000000000800a6b6       0x10 ./src/platform/mpfs_hal/common/mss_irq_handler_stubs.o
                0x000000000800a6b6                PLIC_gpio1_bit3_or_gpio2_bit17_IRQHandler
 .text.PLIC_gpio1_bit4_or_gpio2_bit18_IRQHandler
                0x000000000800a6c6       0x10 ./src/platform/mpfs_hal/common/mss_irq_handler_stubs.o
                0x000000000800a6c6                PLIC_gpio1_bit4_or_gpio2_bit18_IRQHandler
 .text.PLIC_gpio1_bit5_or_gpio2_bit19_IRQHandler
                0x000000000800a6d6       0x10 ./src/platform/mpfs_hal/common/mss_irq_handler_stubs.o
                0x000000000800a6d6                PLIC_gpio1_bit5_or_gpio2_bit19_IRQHandler
 .text.PLIC_gpio1_bit6_or_gpio2_bit20_IRQHandler
                0x000000000800a6e6       0x10 ./src/platform/mpfs_hal/common/mss_irq_handler_stubs.o
                0x000000000800a6e6                PLIC_gpio1_bit6_or_gpio2_bit20_IRQHandler
 .text.PLIC_gpio1_bit7_or_gpio2_bit21_IRQHandler
                0x000000000800a6f6       0x10 ./src/platform/mpfs_hal/common/mss_irq_handler_stubs.o
                0x000000000800a6f6                PLIC_gpio1_bit7_or_gpio2_bit21_IRQHandler
 .text.PLIC_gpio1_bit8_or_gpio2_bit22_IRQHandler
                0x000000000800a706       0x10 ./src/platform/mpfs_hal/common/mss_irq_handler_stubs.o
                0x000000000800a706                PLIC_gpio1_bit8_or_gpio2_bit22_IRQHandler
 .text.PLIC_gpio1_bit9_or_gpio2_bit23_IRQHandler
                0x000000000800a716       0x10 ./src/platform/mpfs_hal/common/mss_irq_handler_stubs.o
                0x000000000800a716                PLIC_gpio1_bit9_or_gpio2_bit23_IRQHandler
 .text.PLIC_gpio1_bit10_or_gpio2_bit24_IRQHandler
                0x000000000800a726       0x10 ./src/platform/mpfs_hal/common/mss_irq_handler_stubs.o
                0x000000000800a726                PLIC_gpio1_bit10_or_gpio2_bit24_IRQHandler
 .text.PLIC_gpio1_bit11_or_gpio2_bit25_IRQHandler
                0x000000000800a736       0x10 ./src/platform/mpfs_hal/common/mss_irq_handler_stubs.o
                0x000000000800a736                PLIC_gpio1_bit11_or_gpio2_bit25_IRQHandler
 .text.PLIC_gpio1_bit12_or_gpio2_bit26_IRQHandler
                0x000000000800a746       0x10 ./src/platform/mpfs_hal/common/mss_irq_handler_stubs.o
                0x000000000800a746                PLIC_gpio1_bit12_or_gpio2_bit26_IRQHandler
 .text.PLIC_gpio1_bit13_or_gpio2_bit27_IRQHandler
                0x000000000800a756       0x10 ./src/platform/mpfs_hal/common/mss_irq_handler_stubs.o
                0x000000000800a756                PLIC_gpio1_bit13_or_gpio2_bit27_IRQHandler
 .text.PLIC_gpio1_bit14_or_gpio2_bit28_IRQHandler
                0x000000000800a766       0x10 ./src/platform/mpfs_hal/common/mss_irq_handler_stubs.o
                0x000000000800a766                PLIC_gpio1_bit14_or_gpio2_bit28_IRQHandler
 .text.PLIC_gpio1_bit15_or_gpio2_bit29_IRQHandler
                0x000000000800a776       0x10 ./src/platform/mpfs_hal/common/mss_irq_handler_stubs.o
                0x000000000800a776                PLIC_gpio1_bit15_or_gpio2_bit29_IRQHandler
 .text.PLIC_gpio1_bit16_or_gpio2_bit30_IRQHandler
                0x000000000800a786       0x10 ./src/platform/mpfs_hal/common/mss_irq_handler_stubs.o
                0x000000000800a786                PLIC_gpio1_bit16_or_gpio2_bit30_IRQHandler
 .text.PLIC_gpio1_bit17_or_gpio2_bit31_IRQHandler
                0x000000000800a796       0x10 ./src/platform/mpfs_hal/common/mss_irq_handler_stubs.o
                0x000000000800a796                PLIC_gpio1_bit17_or_gpio2_bit31_IRQHandler
 .text.PLIC_gpio1_bit18_IRQHandler
                0x000000000800a7a6       0x10 ./src/platform/mpfs_hal/common/mss_irq_handler_stubs.o
                0x000000000800a7a6                PLIC_gpio1_bit18_IRQHandler
 .text.PLIC_gpio1_bit19_IRQHandler
                0x000000000800a7b6       0x10 ./src/platform/mpfs_hal/common/mss_irq_handler_stubs.o
                0x000000000800a7b6                PLIC_gpio1_bit19_IRQHandler
 .text.PLIC_gpio1_bit20_IRQHandler
                0x000000000800a7c6       0x10 ./src/platform/mpfs_hal/common/mss_irq_handler_stubs.o
                0x000000000800a7c6                PLIC_gpio1_bit20_IRQHandler
 .text.PLIC_gpio1_bit21_IRQHandler
                0x000000000800a7d6       0x10 ./src/platform/mpfs_hal/common/mss_irq_handler_stubs.o
                0x000000000800a7d6                PLIC_gpio1_bit21_IRQHandler
 .text.PLIC_gpio1_bit22_IRQHandler
                0x000000000800a7e6       0x10 ./src/platform/mpfs_hal/common/mss_irq_handler_stubs.o
                0x000000000800a7e6                PLIC_gpio1_bit22_IRQHandler
 .text.PLIC_gpio1_bit23_IRQHandler
                0x000000000800a7f6       0x10 ./src/platform/mpfs_hal/common/mss_irq_handler_stubs.o
                0x000000000800a7f6                PLIC_gpio1_bit23_IRQHandler
 .text.PLIC_gpio0_non_direct_IRQHandler
                0x000000000800a806       0x10 ./src/platform/mpfs_hal/common/mss_irq_handler_stubs.o
                0x000000000800a806                PLIC_gpio0_non_direct_IRQHandler
 .text.PLIC_gpio1_non_direct_IRQHandler
                0x000000000800a816       0x10 ./src/platform/mpfs_hal/common/mss_irq_handler_stubs.o
                0x000000000800a816                PLIC_gpio1_non_direct_IRQHandler
 .text.PLIC_gpio2_non_direct_IRQHandler
                0x000000000800a826       0x10 ./src/platform/mpfs_hal/common/mss_irq_handler_stubs.o
                0x000000000800a826                PLIC_gpio2_non_direct_IRQHandler
 .text.PLIC_spi0_IRQHandler
                0x000000000800a836       0x10 ./src/platform/mpfs_hal/common/mss_irq_handler_stubs.o
                0x000000000800a836                PLIC_spi0_IRQHandler
 .text.PLIC_spi1_IRQHandler
                0x000000000800a846       0x10 ./src/platform/mpfs_hal/common/mss_irq_handler_stubs.o
                0x000000000800a846                PLIC_spi1_IRQHandler
 .text.PLIC_external_can0_IRQHandler
                0x000000000800a856       0x10 ./src/platform/mpfs_hal/common/mss_irq_handler_stubs.o
                0x000000000800a856                PLIC_external_can0_IRQHandler
 .text.PLIC_can1_IRQHandler
                0x000000000800a866       0x10 ./src/platform/mpfs_hal/common/mss_irq_handler_stubs.o
                0x000000000800a866                PLIC_can1_IRQHandler
 .text.PLIC_External_i2c0_main_IRQHandler
                0x000000000800a876       0x10 ./src/platform/mpfs_hal/common/mss_irq_handler_stubs.o
                0x000000000800a876                PLIC_External_i2c0_main_IRQHandler
 .text.PLIC_External_i2c0_alert_IRQHandler
                0x000000000800a886       0x10 ./src/platform/mpfs_hal/common/mss_irq_handler_stubs.o
                0x000000000800a886                PLIC_External_i2c0_alert_IRQHandler
 .text.PLIC_i2c0_sus_IRQHandler
                0x000000000800a896       0x10 ./src/platform/mpfs_hal/common/mss_irq_handler_stubs.o
                0x000000000800a896                PLIC_i2c0_sus_IRQHandler
 .text.PLIC_i2c1_main_IRQHandler
                0x000000000800a8a6       0x10 ./src/platform/mpfs_hal/common/mss_irq_handler_stubs.o
                0x000000000800a8a6                PLIC_i2c1_main_IRQHandler
 .text.PLIC_i2c1_alert_IRQHandler
                0x000000000800a8b6       0x10 ./src/platform/mpfs_hal/common/mss_irq_handler_stubs.o
                0x000000000800a8b6                PLIC_i2c1_alert_IRQHandler
 .text.PLIC_i2c1_sus_IRQHandler
                0x000000000800a8c6       0x10 ./src/platform/mpfs_hal/common/mss_irq_handler_stubs.o
                0x000000000800a8c6                PLIC_i2c1_sus_IRQHandler
 .text.PLIC_mac0_int_IRQHandler
                0x000000000800a8d6       0x10 ./src/platform/mpfs_hal/common/mss_irq_handler_stubs.o
                0x000000000800a8d6                PLIC_mac0_int_IRQHandler
 .text.PLIC_mac0_queue1_IRQHandler
                0x000000000800a8e6       0x10 ./src/platform/mpfs_hal/common/mss_irq_handler_stubs.o
                0x000000000800a8e6                PLIC_mac0_queue1_IRQHandler
 .text.PLIC_mac0_queue2_IRQHandler
                0x000000000800a8f6       0x10 ./src/platform/mpfs_hal/common/mss_irq_handler_stubs.o
                0x000000000800a8f6                PLIC_mac0_queue2_IRQHandler
 .text.PLIC_mac0_queue3_IRQHandler
                0x000000000800a906       0x10 ./src/platform/mpfs_hal/common/mss_irq_handler_stubs.o
                0x000000000800a906                PLIC_mac0_queue3_IRQHandler
 .text.PLIC_mac0_emac_IRQHandler
                0x000000000800a916       0x10 ./src/platform/mpfs_hal/common/mss_irq_handler_stubs.o
                0x000000000800a916                PLIC_mac0_emac_IRQHandler
 .text.PLIC_mac0_mmsl_IRQHandler
                0x000000000800a926       0x10 ./src/platform/mpfs_hal/common/mss_irq_handler_stubs.o
                0x000000000800a926                PLIC_mac0_mmsl_IRQHandler
 .text.PLIC_mac1_int_IRQHandler
                0x000000000800a936       0x10 ./src/platform/mpfs_hal/common/mss_irq_handler_stubs.o
                0x000000000800a936                PLIC_mac1_int_IRQHandler
 .text.PLIC_mac1_queue1_IRQHandler
                0x000000000800a946       0x10 ./src/platform/mpfs_hal/common/mss_irq_handler_stubs.o
                0x000000000800a946                PLIC_mac1_queue1_IRQHandler
 .text.PLIC_mac1_queue2_IRQHandler
                0x000000000800a956       0x10 ./src/platform/mpfs_hal/common/mss_irq_handler_stubs.o
                0x000000000800a956                PLIC_mac1_queue2_IRQHandler
 .text.PLIC_mac1_queue3_IRQHandler
                0x000000000800a966       0x10 ./src/platform/mpfs_hal/common/mss_irq_handler_stubs.o
                0x000000000800a966                PLIC_mac1_queue3_IRQHandler
 .text.PLIC_mac1_emac_IRQHandler
                0x000000000800a976       0x10 ./src/platform/mpfs_hal/common/mss_irq_handler_stubs.o
                0x000000000800a976                PLIC_mac1_emac_IRQHandler
 .text.PLIC_mac1_mmsl_IRQHandler
                0x000000000800a986       0x10 ./src/platform/mpfs_hal/common/mss_irq_handler_stubs.o
                0x000000000800a986                PLIC_mac1_mmsl_IRQHandler
 .text.PLIC_ddrc_train_IRQHandler
                0x000000000800a996       0x10 ./src/platform/mpfs_hal/common/mss_irq_handler_stubs.o
                0x000000000800a996                PLIC_ddrc_train_IRQHandler
 .text.PLIC_scb_interrupt_IRQHandler
                0x000000000800a9a6       0x10 ./src/platform/mpfs_hal/common/mss_irq_handler_stubs.o
                0x000000000800a9a6                PLIC_scb_interrupt_IRQHandler
 .text.PLIC_ecc_error_IRQHandler
                0x000000000800a9b6       0x10 ./src/platform/mpfs_hal/common/mss_irq_handler_stubs.o
                0x000000000800a9b6                PLIC_ecc_error_IRQHandler
 .text.PLIC_ecc_correct_IRQHandler
                0x000000000800a9c6       0x10 ./src/platform/mpfs_hal/common/mss_irq_handler_stubs.o
                0x000000000800a9c6                PLIC_ecc_correct_IRQHandler
 .text.PLIC_rtc_wakeup_IRQHandler
                0x000000000800a9d6       0x10 ./src/platform/mpfs_hal/common/mss_irq_handler_stubs.o
                0x000000000800a9d6                PLIC_rtc_wakeup_IRQHandler
 .text.PLIC_rtc_match_IRQHandler
                0x000000000800a9e6       0x10 ./src/platform/mpfs_hal/common/mss_irq_handler_stubs.o
                0x000000000800a9e6                PLIC_rtc_match_IRQHandler
 .text.PLIC_timer1_IRQHandler
                0x000000000800a9f6       0x10 ./src/platform/mpfs_hal/common/mss_irq_handler_stubs.o
                0x000000000800a9f6                PLIC_timer1_IRQHandler
 .text.PLIC_timer2_IRQHandler
                0x000000000800aa06       0x10 ./src/platform/mpfs_hal/common/mss_irq_handler_stubs.o
                0x000000000800aa06                PLIC_timer2_IRQHandler
 .text.PLIC_envm_IRQHandler
                0x000000000800aa16       0x10 ./src/platform/mpfs_hal/common/mss_irq_handler_stubs.o
                0x000000000800aa16                PLIC_envm_IRQHandler
 .text.PLIC_qspi_IRQHandler
                0x000000000800aa26       0x10 ./src/platform/mpfs_hal/common/mss_irq_handler_stubs.o
                0x000000000800aa26                PLIC_qspi_IRQHandler
 .text.PLIC_usb_dma_IRQHandler
                0x000000000800aa36       0x10 ./src/platform/mpfs_hal/common/mss_irq_handler_stubs.o
                0x000000000800aa36                PLIC_usb_dma_IRQHandler
 .text.PLIC_usb_mc_IRQHandler
                0x000000000800aa46       0x10 ./src/platform/mpfs_hal/common/mss_irq_handler_stubs.o
                0x000000000800aa46                PLIC_usb_mc_IRQHandler
 .text.PLIC_mmc_main_IRQHandler
                0x000000000800aa56       0x10 ./src/platform/mpfs_hal/common/mss_irq_handler_stubs.o
                0x000000000800aa56                PLIC_mmc_main_IRQHandler
 .text.PLIC_mmc_wakeup_IRQHandler
                0x000000000800aa66       0x10 ./src/platform/mpfs_hal/common/mss_irq_handler_stubs.o
                0x000000000800aa66                PLIC_mmc_wakeup_IRQHandler
 .text.PLIC_devrst_IRQHandler
                0x000000000800aa76       0x10 ./src/platform/mpfs_hal/common/mss_irq_handler_stubs.o
                0x000000000800aa76                PLIC_devrst_IRQHandler
 .text.PLIC_g5c_message_IRQHandler
                0x000000000800aa86       0x10 ./src/platform/mpfs_hal/common/mss_irq_handler_stubs.o
                0x000000000800aa86                PLIC_g5c_message_IRQHandler
 .text.PLIC_usoc_vc_interrupt_IRQHandler
                0x000000000800aa96       0x10 ./src/platform/mpfs_hal/common/mss_irq_handler_stubs.o
                0x000000000800aa96                PLIC_usoc_vc_interrupt_IRQHandler
 .text.PLIC_usoc_smb_interrupt_IRQHandler
                0x000000000800aaa6       0x10 ./src/platform/mpfs_hal/common/mss_irq_handler_stubs.o
                0x000000000800aaa6                PLIC_usoc_smb_interrupt_IRQHandler
 .text.PLIC_E51_Maintence_IRQHandler
                0x000000000800aab6       0x10 ./src/platform/mpfs_hal/common/mss_irq_handler_stubs.o
                0x000000000800aab6                PLIC_E51_Maintence_IRQHandler
 .text.PLIC_wdog0_mvrp_IRQHandler
                0x000000000800aac6       0x10 ./src/platform/mpfs_hal/common/mss_irq_handler_stubs.o
                0x000000000800aac6                PLIC_wdog0_mvrp_IRQHandler
 .text.PLIC_wdog1_mvrp_IRQHandler
                0x000000000800aad6       0x10 ./src/platform/mpfs_hal/common/mss_irq_handler_stubs.o
                0x000000000800aad6                PLIC_wdog1_mvrp_IRQHandler
 .text.PLIC_wdog2_mvrp_IRQHandler
                0x000000000800aae6       0x10 ./src/platform/mpfs_hal/common/mss_irq_handler_stubs.o
                0x000000000800aae6                PLIC_wdog2_mvrp_IRQHandler
 .text.PLIC_wdog3_mvrp_IRQHandler
                0x000000000800aaf6       0x10 ./src/platform/mpfs_hal/common/mss_irq_handler_stubs.o
                0x000000000800aaf6                PLIC_wdog3_mvrp_IRQHandler
 .text.PLIC_wdog4_mvrp_IRQHandler
                0x000000000800ab06       0x10 ./src/platform/mpfs_hal/common/mss_irq_handler_stubs.o
                0x000000000800ab06                PLIC_wdog4_mvrp_IRQHandler
 .text.PLIC_wdog0_tout_IRQHandler
                0x000000000800ab16       0x10 ./src/platform/mpfs_hal/common/mss_irq_handler_stubs.o
                0x000000000800ab16                PLIC_wdog0_tout_IRQHandler
 .text.PLIC_wdog1_tout_IRQHandler
                0x000000000800ab26       0x10 ./src/platform/mpfs_hal/common/mss_irq_handler_stubs.o
                0x000000000800ab26                PLIC_wdog1_tout_IRQHandler
 .text.PLIC_wdog2_tout_IRQHandler
                0x000000000800ab36       0x10 ./src/platform/mpfs_hal/common/mss_irq_handler_stubs.o
                0x000000000800ab36                PLIC_wdog2_tout_IRQHandler
 .text.PLIC_wdog3_tout_IRQHandler
                0x000000000800ab46       0x10 ./src/platform/mpfs_hal/common/mss_irq_handler_stubs.o
                0x000000000800ab46                PLIC_wdog3_tout_IRQHandler
 .text.PLIC_wdog4_tout_IRQHandler
                0x000000000800ab56       0x10 ./src/platform/mpfs_hal/common/mss_irq_handler_stubs.o
                0x000000000800ab56                PLIC_wdog4_tout_IRQHandler
 .text.PLIC_g5c_mss_spi_IRQHandler
                0x000000000800ab66       0x10 ./src/platform/mpfs_hal/common/mss_irq_handler_stubs.o
                0x000000000800ab66                PLIC_g5c_mss_spi_IRQHandler
 .text.PLIC_volt_temp_alarm_IRQHandler
                0x000000000800ab76       0x10 ./src/platform/mpfs_hal/common/mss_irq_handler_stubs.o
                0x000000000800ab76                PLIC_volt_temp_alarm_IRQHandler
 .text.PLIC_athena_complete_IRQHandler
                0x000000000800ab86       0x10 ./src/platform/mpfs_hal/common/mss_irq_handler_stubs.o
                0x000000000800ab86                PLIC_athena_complete_IRQHandler
 .text.PLIC_athena_alarm_IRQHandler
                0x000000000800ab96       0x10 ./src/platform/mpfs_hal/common/mss_irq_handler_stubs.o
                0x000000000800ab96                PLIC_athena_alarm_IRQHandler
 .text.PLIC_athena_bus_error_IRQHandler
                0x000000000800aba6       0x10 ./src/platform/mpfs_hal/common/mss_irq_handler_stubs.o
                0x000000000800aba6                PLIC_athena_bus_error_IRQHandler
 .text.PLIC_usoc_axic_us_IRQHandler
                0x000000000800abb6       0x10 ./src/platform/mpfs_hal/common/mss_irq_handler_stubs.o
                0x000000000800abb6                PLIC_usoc_axic_us_IRQHandler
 .text.PLIC_usoc_axic_ds_IRQHandler
                0x000000000800abc6       0x10 ./src/platform/mpfs_hal/common/mss_irq_handler_stubs.o
                0x000000000800abc6                PLIC_usoc_axic_ds_IRQHandler
 .text.PLIC_reserved_104_IRQHandler
                0x000000000800abd6       0x10 ./src/platform/mpfs_hal/common/mss_irq_handler_stubs.o
                0x000000000800abd6                PLIC_reserved_104_IRQHandler
 .text.PLIC_f2m_0_IRQHandler
                0x000000000800abe6       0x10 ./src/platform/mpfs_hal/common/mss_irq_handler_stubs.o
                0x000000000800abe6                PLIC_f2m_0_IRQHandler
 .text.PLIC_f2m_1_IRQHandler
                0x000000000800abf6       0x10 ./src/platform/mpfs_hal/common/mss_irq_handler_stubs.o
                0x000000000800abf6                PLIC_f2m_1_IRQHandler
 .text.PLIC_f2m_2_IRQHandler
                0x000000000800ac06       0x10 ./src/platform/mpfs_hal/common/mss_irq_handler_stubs.o
                0x000000000800ac06                PLIC_f2m_2_IRQHandler
 .text.PLIC_f2m_3_IRQHandler
                0x000000000800ac16       0x10 ./src/platform/mpfs_hal/common/mss_irq_handler_stubs.o
                0x000000000800ac16                PLIC_f2m_3_IRQHandler
 .text.PLIC_f2m_4_IRQHandler
                0x000000000800ac26       0x10 ./src/platform/mpfs_hal/common/mss_irq_handler_stubs.o
                0x000000000800ac26                PLIC_f2m_4_IRQHandler
 .text.PLIC_f2m_5_IRQHandler
                0x000000000800ac36       0x10 ./src/platform/mpfs_hal/common/mss_irq_handler_stubs.o
                0x000000000800ac36                PLIC_f2m_5_IRQHandler
 .text.PLIC_f2m_6_IRQHandler
                0x000000000800ac46       0x10 ./src/platform/mpfs_hal/common/mss_irq_handler_stubs.o
                0x000000000800ac46                PLIC_f2m_6_IRQHandler
 .text.PLIC_f2m_7_IRQHandler
                0x000000000800ac56       0x10 ./src/platform/mpfs_hal/common/mss_irq_handler_stubs.o
                0x000000000800ac56                PLIC_f2m_7_IRQHandler
 .text.PLIC_f2m_8_IRQHandler
                0x000000000800ac66       0x10 ./src/platform/mpfs_hal/common/mss_irq_handler_stubs.o
                0x000000000800ac66                PLIC_f2m_8_IRQHandler
 .text.PLIC_f2m_9_IRQHandler
                0x000000000800ac76       0x10 ./src/platform/mpfs_hal/common/mss_irq_handler_stubs.o
                0x000000000800ac76                PLIC_f2m_9_IRQHandler
 .text.PLIC_f2m_10_IRQHandler
                0x000000000800ac86       0x10 ./src/platform/mpfs_hal/common/mss_irq_handler_stubs.o
                0x000000000800ac86                PLIC_f2m_10_IRQHandler
 .text.PLIC_f2m_11_IRQHandler
                0x000000000800ac96       0x10 ./src/platform/mpfs_hal/common/mss_irq_handler_stubs.o
                0x000000000800ac96                PLIC_f2m_11_IRQHandler
 .text.PLIC_f2m_12_IRQHandler
                0x000000000800aca6       0x10 ./src/platform/mpfs_hal/common/mss_irq_handler_stubs.o
                0x000000000800aca6                PLIC_f2m_12_IRQHandler
 .text.PLIC_f2m_13_IRQHandler
                0x000000000800acb6       0x10 ./src/platform/mpfs_hal/common/mss_irq_handler_stubs.o
                0x000000000800acb6                PLIC_f2m_13_IRQHandler
 .text.PLIC_f2m_14_IRQHandler
                0x000000000800acc6       0x10 ./src/platform/mpfs_hal/common/mss_irq_handler_stubs.o
                0x000000000800acc6                PLIC_f2m_14_IRQHandler
 .text.PLIC_f2m_15_IRQHandler
                0x000000000800acd6       0x10 ./src/platform/mpfs_hal/common/mss_irq_handler_stubs.o
                0x000000000800acd6                PLIC_f2m_15_IRQHandler
 .text.PLIC_f2m_16_IRQHandler
                0x000000000800ace6       0x10 ./src/platform/mpfs_hal/common/mss_irq_handler_stubs.o
                0x000000000800ace6                PLIC_f2m_16_IRQHandler
 .text.PLIC_f2m_17_IRQHandler
                0x000000000800acf6       0x10 ./src/platform/mpfs_hal/common/mss_irq_handler_stubs.o
                0x000000000800acf6                PLIC_f2m_17_IRQHandler
 .text.PLIC_f2m_18_IRQHandler
                0x000000000800ad06       0x10 ./src/platform/mpfs_hal/common/mss_irq_handler_stubs.o
                0x000000000800ad06                PLIC_f2m_18_IRQHandler
 .text.PLIC_f2m_19_IRQHandler
                0x000000000800ad16       0x10 ./src/platform/mpfs_hal/common/mss_irq_handler_stubs.o
                0x000000000800ad16                PLIC_f2m_19_IRQHandler
 .text.PLIC_f2m_20_IRQHandler
                0x000000000800ad26       0x10 ./src/platform/mpfs_hal/common/mss_irq_handler_stubs.o
                0x000000000800ad26                PLIC_f2m_20_IRQHandler
 .text.PLIC_f2m_21_IRQHandler
                0x000000000800ad36       0x10 ./src/platform/mpfs_hal/common/mss_irq_handler_stubs.o
                0x000000000800ad36                PLIC_f2m_21_IRQHandler
 .text.PLIC_f2m_22_IRQHandler
                0x000000000800ad46       0x10 ./src/platform/mpfs_hal/common/mss_irq_handler_stubs.o
                0x000000000800ad46                PLIC_f2m_22_IRQHandler
 .text.PLIC_f2m_23_IRQHandler
                0x000000000800ad56       0x10 ./src/platform/mpfs_hal/common/mss_irq_handler_stubs.o
                0x000000000800ad56                PLIC_f2m_23_IRQHandler
 .text.PLIC_f2m_24_IRQHandler
                0x000000000800ad66       0x10 ./src/platform/mpfs_hal/common/mss_irq_handler_stubs.o
                0x000000000800ad66                PLIC_f2m_24_IRQHandler
 .text.PLIC_f2m_25_IRQHandler
                0x000000000800ad76       0x10 ./src/platform/mpfs_hal/common/mss_irq_handler_stubs.o
                0x000000000800ad76                PLIC_f2m_25_IRQHandler
 .text.PLIC_f2m_26_IRQHandler
                0x000000000800ad86       0x10 ./src/platform/mpfs_hal/common/mss_irq_handler_stubs.o
                0x000000000800ad86                PLIC_f2m_26_IRQHandler
 .text.PLIC_f2m_27_IRQHandler
                0x000000000800ad96       0x10 ./src/platform/mpfs_hal/common/mss_irq_handler_stubs.o
                0x000000000800ad96                PLIC_f2m_27_IRQHandler
 .text.PLIC_f2m_28_IRQHandler
                0x000000000800ada6       0x10 ./src/platform/mpfs_hal/common/mss_irq_handler_stubs.o
                0x000000000800ada6                PLIC_f2m_28_IRQHandler
 .text.PLIC_f2m_29_IRQHandler
                0x000000000800adb6       0x10 ./src/platform/mpfs_hal/common/mss_irq_handler_stubs.o
                0x000000000800adb6                PLIC_f2m_29_IRQHandler
 .text.PLIC_f2m_30_IRQHandler
                0x000000000800adc6       0x10 ./src/platform/mpfs_hal/common/mss_irq_handler_stubs.o
                0x000000000800adc6                PLIC_f2m_30_IRQHandler
 .text.PLIC_f2m_31_IRQHandler
                0x000000000800add6       0x10 ./src/platform/mpfs_hal/common/mss_irq_handler_stubs.o
                0x000000000800add6                PLIC_f2m_31_IRQHandler
 .text.PLIC_f2m_32_IRQHandler
                0x000000000800ade6       0x10 ./src/platform/mpfs_hal/common/mss_irq_handler_stubs.o
                0x000000000800ade6                PLIC_f2m_32_IRQHandler
 .text.PLIC_f2m_33_IRQHandler
                0x000000000800adf6       0x10 ./src/platform/mpfs_hal/common/mss_irq_handler_stubs.o
                0x000000000800adf6                PLIC_f2m_33_IRQHandler
 .text.PLIC_f2m_34_IRQHandler
                0x000000000800ae06       0x10 ./src/platform/mpfs_hal/common/mss_irq_handler_stubs.o
                0x000000000800ae06                PLIC_f2m_34_IRQHandler
 .text.PLIC_f2m_35_IRQHandler
                0x000000000800ae16       0x10 ./src/platform/mpfs_hal/common/mss_irq_handler_stubs.o
                0x000000000800ae16                PLIC_f2m_35_IRQHandler
 .text.PLIC_f2m_36_IRQHandler
                0x000000000800ae26       0x10 ./src/platform/mpfs_hal/common/mss_irq_handler_stubs.o
                0x000000000800ae26                PLIC_f2m_36_IRQHandler
 .text.PLIC_f2m_37_IRQHandler
                0x000000000800ae36       0x10 ./src/platform/mpfs_hal/common/mss_irq_handler_stubs.o
                0x000000000800ae36                PLIC_f2m_37_IRQHandler
 .text.PLIC_f2m_38_IRQHandler
                0x000000000800ae46       0x10 ./src/platform/mpfs_hal/common/mss_irq_handler_stubs.o
                0x000000000800ae46                PLIC_f2m_38_IRQHandler
 .text.PLIC_f2m_39_IRQHandler
                0x000000000800ae56       0x10 ./src/platform/mpfs_hal/common/mss_irq_handler_stubs.o
                0x000000000800ae56                PLIC_f2m_39_IRQHandler
 .text.PLIC_f2m_40_IRQHandler
                0x000000000800ae66       0x10 ./src/platform/mpfs_hal/common/mss_irq_handler_stubs.o
                0x000000000800ae66                PLIC_f2m_40_IRQHandler
 .text.PLIC_f2m_41_IRQHandler
                0x000000000800ae76       0x10 ./src/platform/mpfs_hal/common/mss_irq_handler_stubs.o
                0x000000000800ae76                PLIC_f2m_41_IRQHandler
 .text.PLIC_f2m_42_IRQHandler
                0x000000000800ae86       0x10 ./src/platform/mpfs_hal/common/mss_irq_handler_stubs.o
                0x000000000800ae86                PLIC_f2m_42_IRQHandler
 .text.PLIC_f2m_43_IRQHandler
                0x000000000800ae96       0x10 ./src/platform/mpfs_hal/common/mss_irq_handler_stubs.o
                0x000000000800ae96                PLIC_f2m_43_IRQHandler
 .text.PLIC_f2m_44_IRQHandler
                0x000000000800aea6       0x10 ./src/platform/mpfs_hal/common/mss_irq_handler_stubs.o
                0x000000000800aea6                PLIC_f2m_44_IRQHandler
 .text.PLIC_f2m_45_IRQHandler
                0x000000000800aeb6       0x10 ./src/platform/mpfs_hal/common/mss_irq_handler_stubs.o
                0x000000000800aeb6                PLIC_f2m_45_IRQHandler
 .text.PLIC_f2m_46_IRQHandler
                0x000000000800aec6       0x10 ./src/platform/mpfs_hal/common/mss_irq_handler_stubs.o
                0x000000000800aec6                PLIC_f2m_46_IRQHandler
 .text.PLIC_f2m_47_IRQHandler
                0x000000000800aed6       0x10 ./src/platform/mpfs_hal/common/mss_irq_handler_stubs.o
                0x000000000800aed6                PLIC_f2m_47_IRQHandler
 .text.PLIC_f2m_48_IRQHandler
                0x000000000800aee6       0x10 ./src/platform/mpfs_hal/common/mss_irq_handler_stubs.o
                0x000000000800aee6                PLIC_f2m_48_IRQHandler
 .text.PLIC_f2m_49_IRQHandler
                0x000000000800aef6       0x10 ./src/platform/mpfs_hal/common/mss_irq_handler_stubs.o
                0x000000000800aef6                PLIC_f2m_49_IRQHandler
 .text.PLIC_f2m_50_IRQHandler
                0x000000000800af06       0x10 ./src/platform/mpfs_hal/common/mss_irq_handler_stubs.o
                0x000000000800af06                PLIC_f2m_50_IRQHandler
 .text.PLIC_f2m_51_IRQHandler
                0x000000000800af16       0x10 ./src/platform/mpfs_hal/common/mss_irq_handler_stubs.o
                0x000000000800af16                PLIC_f2m_51_IRQHandler
 .text.PLIC_f2m_52_IRQHandler
                0x000000000800af26       0x10 ./src/platform/mpfs_hal/common/mss_irq_handler_stubs.o
                0x000000000800af26                PLIC_f2m_52_IRQHandler
 .text.PLIC_f2m_53_IRQHandler
                0x000000000800af36       0x10 ./src/platform/mpfs_hal/common/mss_irq_handler_stubs.o
                0x000000000800af36                PLIC_f2m_53_IRQHandler
 .text.PLIC_f2m_54_IRQHandler
                0x000000000800af46       0x10 ./src/platform/mpfs_hal/common/mss_irq_handler_stubs.o
                0x000000000800af46                PLIC_f2m_54_IRQHandler
 .text.PLIC_f2m_55_IRQHandler
                0x000000000800af56       0x10 ./src/platform/mpfs_hal/common/mss_irq_handler_stubs.o
                0x000000000800af56                PLIC_f2m_55_IRQHandler
 .text.PLIC_f2m_56_IRQHandler
                0x000000000800af66       0x10 ./src/platform/mpfs_hal/common/mss_irq_handler_stubs.o
                0x000000000800af66                PLIC_f2m_56_IRQHandler
 .text.PLIC_f2m_57_IRQHandler
                0x000000000800af76       0x10 ./src/platform/mpfs_hal/common/mss_irq_handler_stubs.o
                0x000000000800af76                PLIC_f2m_57_IRQHandler
 .text.PLIC_f2m_58_IRQHandler
                0x000000000800af86       0x10 ./src/platform/mpfs_hal/common/mss_irq_handler_stubs.o
                0x000000000800af86                PLIC_f2m_58_IRQHandler
 .text.PLIC_f2m_59_IRQHandler
                0x000000000800af96       0x10 ./src/platform/mpfs_hal/common/mss_irq_handler_stubs.o
                0x000000000800af96                PLIC_f2m_59_IRQHandler
 .text.PLIC_f2m_60_IRQHandler
                0x000000000800afa6       0x10 ./src/platform/mpfs_hal/common/mss_irq_handler_stubs.o
                0x000000000800afa6                PLIC_f2m_60_IRQHandler
 .text.PLIC_f2m_61_IRQHandler
                0x000000000800afb6       0x10 ./src/platform/mpfs_hal/common/mss_irq_handler_stubs.o
                0x000000000800afb6                PLIC_f2m_61_IRQHandler
 .text.PLIC_f2m_62_IRQHandler
                0x000000000800afc6       0x10 ./src/platform/mpfs_hal/common/mss_irq_handler_stubs.o
                0x000000000800afc6                PLIC_f2m_62_IRQHandler
 .text.PLIC_f2m_63_IRQHandler
                0x000000000800afd6       0x10 ./src/platform/mpfs_hal/common/mss_irq_handler_stubs.o
                0x000000000800afd6                PLIC_f2m_63_IRQHandler
 .text.PLIC_E51_bus_error_unit_IRQHandler
                0x000000000800afe6       0x10 ./src/platform/mpfs_hal/common/mss_irq_handler_stubs.o
                0x000000000800afe6                PLIC_E51_bus_error_unit_IRQHandler
 .text.PLIC_U54_1_bus_error_unit_IRQHandler
                0x000000000800aff6       0x10 ./src/platform/mpfs_hal/common/mss_irq_handler_stubs.o
                0x000000000800aff6                PLIC_U54_1_bus_error_unit_IRQHandler
 .text.PLIC_U54_2_bus_error_unit_IRQHandler
                0x000000000800b006       0x10 ./src/platform/mpfs_hal/common/mss_irq_handler_stubs.o
                0x000000000800b006                PLIC_U54_2_bus_error_unit_IRQHandler
 .text.PLIC_U54_3_bus_error_unit_IRQHandler
                0x000000000800b016       0x10 ./src/platform/mpfs_hal/common/mss_irq_handler_stubs.o
                0x000000000800b016                PLIC_U54_3_bus_error_unit_IRQHandler
 .text.PLIC_U54_4_bus_error_unit_IRQHandler
                0x000000000800b026       0x10 ./src/platform/mpfs_hal/common/mss_irq_handler_stubs.o
                0x000000000800b026                PLIC_U54_4_bus_error_unit_IRQHandler
 .text.E51_maintenance_local_IRQHandler
                0x000000000800b036        0xe ./src/platform/mpfs_hal/common/mss_irq_handler_stubs.o
                0x000000000800b036                E51_maintenance_local_IRQHandler
 .text.E51_usoc_smb_local_IRQHandler
                0x000000000800b044        0xe ./src/platform/mpfs_hal/common/mss_irq_handler_stubs.o
                0x000000000800b044                E51_usoc_smb_local_IRQHandler
 .text.E51_usoc_vc_local_IRQHandler
                0x000000000800b052        0xe ./src/platform/mpfs_hal/common/mss_irq_handler_stubs.o
                0x000000000800b052                E51_usoc_vc_local_IRQHandler
 .text.E51_g5c_message_local_IRQHandler
                0x000000000800b060        0xe ./src/platform/mpfs_hal/common/mss_irq_handler_stubs.o
                0x000000000800b060                E51_g5c_message_local_IRQHandler
 .text.E51_g5c_devrst_local_IRQHandler
                0x000000000800b06e        0xe ./src/platform/mpfs_hal/common/mss_irq_handler_stubs.o
                0x000000000800b06e                E51_g5c_devrst_local_IRQHandler
 .text.E51_wdog4_tout_local_IRQHandler
                0x000000000800b07c        0xe ./src/platform/mpfs_hal/common/mss_irq_handler_stubs.o
                0x000000000800b07c                E51_wdog4_tout_local_IRQHandler
 .text.E51_wdog3_tout_local_IRQHandler
                0x000000000800b08a        0xe ./src/platform/mpfs_hal/common/mss_irq_handler_stubs.o
                0x000000000800b08a                E51_wdog3_tout_local_IRQHandler
 .text.E51_wdog2_tout_local_IRQHandler
                0x000000000800b098        0xe ./src/platform/mpfs_hal/common/mss_irq_handler_stubs.o
                0x000000000800b098                E51_wdog2_tout_local_IRQHandler
 .text.E51_wdog1_tout_local_IRQHandler
                0x000000000800b0a6        0xe ./src/platform/mpfs_hal/common/mss_irq_handler_stubs.o
                0x000000000800b0a6                E51_wdog1_tout_local_IRQHandler
 .text.E51_wdog0_tout_local_IRQHandler
                0x000000000800b0b4        0xe ./src/platform/mpfs_hal/common/mss_irq_handler_stubs.o
                0x000000000800b0b4                E51_wdog0_tout_local_IRQHandler
 .text.E51_wdog0_mvrp_local_IRQHandler
                0x000000000800b0c2        0xe ./src/platform/mpfs_hal/common/mss_irq_handler_stubs.o
                0x000000000800b0c2                E51_wdog0_mvrp_local_IRQHandler
 .text.E51_envm_local_IRQHandler
                0x000000000800b0d0        0xe ./src/platform/mpfs_hal/common/mss_irq_handler_stubs.o
                0x000000000800b0d0                E51_envm_local_IRQHandler
 .text.E51_ecc_correct_local_IRQHandler
                0x000000000800b0de        0xe ./src/platform/mpfs_hal/common/mss_irq_handler_stubs.o
                0x000000000800b0de                E51_ecc_correct_local_IRQHandler
 .text.E51_ecc_error_local_IRQHandler
                0x000000000800b0ec        0xe ./src/platform/mpfs_hal/common/mss_irq_handler_stubs.o
                0x000000000800b0ec                E51_ecc_error_local_IRQHandler
 .text.E51_scb_local_IRQHandler
                0x000000000800b0fa        0xe ./src/platform/mpfs_hal/common/mss_irq_handler_stubs.o
                0x000000000800b0fa                E51_scb_local_IRQHandler
 .text.E51_f2m_32_local_IRQHandler
                0x000000000800b108        0xe ./src/platform/mpfs_hal/common/mss_irq_handler_stubs.o
                0x000000000800b108                E51_f2m_32_local_IRQHandler
 .text.E51_f2m_33_local_IRQHandler
                0x000000000800b116        0xe ./src/platform/mpfs_hal/common/mss_irq_handler_stubs.o
                0x000000000800b116                E51_f2m_33_local_IRQHandler
 .text.E51_f2m_34_local_IRQHandler
                0x000000000800b124        0xe ./src/platform/mpfs_hal/common/mss_irq_handler_stubs.o
                0x000000000800b124                E51_f2m_34_local_IRQHandler
 .text.E51_f2m_35_local_IRQHandler
                0x000000000800b132        0xe ./src/platform/mpfs_hal/common/mss_irq_handler_stubs.o
                0x000000000800b132                E51_f2m_35_local_IRQHandler
 .text.E51_f2m_36_local_IRQHandler
                0x000000000800b140        0xe ./src/platform/mpfs_hal/common/mss_irq_handler_stubs.o
                0x000000000800b140                E51_f2m_36_local_IRQHandler
 .text.E51_f2m_37_local_IRQHandler
                0x000000000800b14e        0xe ./src/platform/mpfs_hal/common/mss_irq_handler_stubs.o
                0x000000000800b14e                E51_f2m_37_local_IRQHandler
 .text.E51_f2m_38_local_IRQHandler
                0x000000000800b15c        0xe ./src/platform/mpfs_hal/common/mss_irq_handler_stubs.o
                0x000000000800b15c                E51_f2m_38_local_IRQHandler
 .text.E51_f2m_39_local_IRQHandler
                0x000000000800b16a        0xe ./src/platform/mpfs_hal/common/mss_irq_handler_stubs.o
                0x000000000800b16a                E51_f2m_39_local_IRQHandler
 .text.E51_f2m_40_local_IRQHandler
                0x000000000800b178        0xe ./src/platform/mpfs_hal/common/mss_irq_handler_stubs.o
                0x000000000800b178                E51_f2m_40_local_IRQHandler
 .text.E51_f2m_41_local_IRQHandler
                0x000000000800b186        0xe ./src/platform/mpfs_hal/common/mss_irq_handler_stubs.o
                0x000000000800b186                E51_f2m_41_local_IRQHandler
 .text.E51_f2m_42_local_IRQHandler
                0x000000000800b194        0xe ./src/platform/mpfs_hal/common/mss_irq_handler_stubs.o
                0x000000000800b194                E51_f2m_42_local_IRQHandler
 .text.E51_f2m_43_local_IRQHandler
                0x000000000800b1a2        0xe ./src/platform/mpfs_hal/common/mss_irq_handler_stubs.o
                0x000000000800b1a2                E51_f2m_43_local_IRQHandler
 .text.E51_f2m_44_local_IRQHandler
                0x000000000800b1b0        0xe ./src/platform/mpfs_hal/common/mss_irq_handler_stubs.o
                0x000000000800b1b0                E51_f2m_44_local_IRQHandler
 .text.E51_f2m_45_local_IRQHandler
                0x000000000800b1be        0xe ./src/platform/mpfs_hal/common/mss_irq_handler_stubs.o
                0x000000000800b1be                E51_f2m_45_local_IRQHandler
 .text.E51_f2m_46_local_IRQHandler
                0x000000000800b1cc        0xe ./src/platform/mpfs_hal/common/mss_irq_handler_stubs.o
                0x000000000800b1cc                E51_f2m_46_local_IRQHandler
 .text.E51_f2m_47_local_IRQHandler
                0x000000000800b1da        0xe ./src/platform/mpfs_hal/common/mss_irq_handler_stubs.o
                0x000000000800b1da                E51_f2m_47_local_IRQHandler
 .text.E51_f2m_48_local_IRQHandler
                0x000000000800b1e8        0xe ./src/platform/mpfs_hal/common/mss_irq_handler_stubs.o
                0x000000000800b1e8                E51_f2m_48_local_IRQHandler
 .text.E51_f2m_49_local_IRQHandler
                0x000000000800b1f6        0xe ./src/platform/mpfs_hal/common/mss_irq_handler_stubs.o
                0x000000000800b1f6                E51_f2m_49_local_IRQHandler
 .text.E51_f2m_50_local_IRQHandler
                0x000000000800b204        0xe ./src/platform/mpfs_hal/common/mss_irq_handler_stubs.o
                0x000000000800b204                E51_f2m_50_local_IRQHandler
 .text.E51_f2m_51_local_IRQHandler
                0x000000000800b212        0xe ./src/platform/mpfs_hal/common/mss_irq_handler_stubs.o
                0x000000000800b212                E51_f2m_51_local_IRQHandler
 .text.E51_f2m_52_local_IRQHandler
                0x000000000800b220        0xe ./src/platform/mpfs_hal/common/mss_irq_handler_stubs.o
                0x000000000800b220                E51_f2m_52_local_IRQHandler
 .text.E51_f2m_53_local_IRQHandler
                0x000000000800b22e        0xe ./src/platform/mpfs_hal/common/mss_irq_handler_stubs.o
                0x000000000800b22e                E51_f2m_53_local_IRQHandler
 .text.E51_f2m_54_local_IRQHandler
                0x000000000800b23c        0xe ./src/platform/mpfs_hal/common/mss_irq_handler_stubs.o
                0x000000000800b23c                E51_f2m_54_local_IRQHandler
 .text.E51_f2m_55_local_IRQHandler
                0x000000000800b24a        0xe ./src/platform/mpfs_hal/common/mss_irq_handler_stubs.o
                0x000000000800b24a                E51_f2m_55_local_IRQHandler
 .text.E51_f2m_56_local_IRQHandler
                0x000000000800b258        0xe ./src/platform/mpfs_hal/common/mss_irq_handler_stubs.o
                0x000000000800b258                E51_f2m_56_local_IRQHandler
 .text.E51_f2m_57_local_IRQHandler
                0x000000000800b266        0xe ./src/platform/mpfs_hal/common/mss_irq_handler_stubs.o
                0x000000000800b266                E51_f2m_57_local_IRQHandler
 .text.E51_f2m_58_local_IRQHandler
                0x000000000800b274        0xe ./src/platform/mpfs_hal/common/mss_irq_handler_stubs.o
                0x000000000800b274                E51_f2m_58_local_IRQHandler
 .text.E51_f2m_59_local_IRQHandler
                0x000000000800b282        0xe ./src/platform/mpfs_hal/common/mss_irq_handler_stubs.o
                0x000000000800b282                E51_f2m_59_local_IRQHandler
 .text.E51_f2m_60_local_IRQHandler
                0x000000000800b290        0xe ./src/platform/mpfs_hal/common/mss_irq_handler_stubs.o
                0x000000000800b290                E51_f2m_60_local_IRQHandler
 .text.E51_f2m_61_local_IRQHandler
                0x000000000800b29e        0xe ./src/platform/mpfs_hal/common/mss_irq_handler_stubs.o
                0x000000000800b29e                E51_f2m_61_local_IRQHandler
 .text.E51_f2m_62_local_IRQHandler
                0x000000000800b2ac        0xe ./src/platform/mpfs_hal/common/mss_irq_handler_stubs.o
                0x000000000800b2ac                E51_f2m_62_local_IRQHandler
 .text.E51_f2m_63_local_IRQHandler
                0x000000000800b2ba        0xe ./src/platform/mpfs_hal/common/mss_irq_handler_stubs.o
                0x000000000800b2ba                E51_f2m_63_local_IRQHandler
 .text.U54_spare_0_local_IRQHandler
                0x000000000800b2c8        0xe ./src/platform/mpfs_hal/common/mss_irq_handler_stubs.o
                0x000000000800b2c8                U54_spare_0_local_IRQHandler
 .text.U54_spare_1_local_IRQHandler
                0x000000000800b2d6        0xe ./src/platform/mpfs_hal/common/mss_irq_handler_stubs.o
                0x000000000800b2d6                U54_spare_1_local_IRQHandler
 .text.U54_spare_2_local_IRQHandler
                0x000000000800b2e4        0xe ./src/platform/mpfs_hal/common/mss_irq_handler_stubs.o
                0x000000000800b2e4                U54_spare_2_local_IRQHandler
 .text.U54_1_mac0_mmsl_local_IRQHandler
                0x000000000800b2f2        0xe ./src/platform/mpfs_hal/common/mss_irq_handler_stubs.o
                0x000000000800b2f2                U54_1_mac0_mmsl_local_IRQHandler
 .text.U54_1_mac0_emac_local_IRQHandler
                0x000000000800b300        0xe ./src/platform/mpfs_hal/common/mss_irq_handler_stubs.o
                0x000000000800b300                U54_1_mac0_emac_local_IRQHandler
 .text.U54_1_mac0_queue3_local_IRQHandler
                0x000000000800b30e        0xe ./src/platform/mpfs_hal/common/mss_irq_handler_stubs.o
                0x000000000800b30e                U54_1_mac0_queue3_local_IRQHandler
 .text.U54_1_mac0_queue2_local_IRQHandler
                0x000000000800b31c        0xe ./src/platform/mpfs_hal/common/mss_irq_handler_stubs.o
                0x000000000800b31c                U54_1_mac0_queue2_local_IRQHandler
 .text.U54_1_mac0_queue1_local_IRQHandler
                0x000000000800b32a        0xe ./src/platform/mpfs_hal/common/mss_irq_handler_stubs.o
                0x000000000800b32a                U54_1_mac0_queue1_local_IRQHandler
 .text.U54_1_mac0_int_local_IRQHandler
                0x000000000800b338        0xe ./src/platform/mpfs_hal/common/mss_irq_handler_stubs.o
                0x000000000800b338                U54_1_mac0_int_local_IRQHandler
 .text.U54_2_mac0_mmsl_local_IRQHandler
                0x000000000800b346        0xe ./src/platform/mpfs_hal/common/mss_irq_handler_stubs.o
                0x000000000800b346                U54_2_mac0_mmsl_local_IRQHandler
 .text.U54_2_mac0_emac_local_IRQHandler
                0x000000000800b354        0xe ./src/platform/mpfs_hal/common/mss_irq_handler_stubs.o
                0x000000000800b354                U54_2_mac0_emac_local_IRQHandler
 .text.U54_2_mac0_queue3_local_IRQHandler
                0x000000000800b362        0xe ./src/platform/mpfs_hal/common/mss_irq_handler_stubs.o
                0x000000000800b362                U54_2_mac0_queue3_local_IRQHandler
 .text.U54_2_mac0_queue2_local_IRQHandler
                0x000000000800b370        0xe ./src/platform/mpfs_hal/common/mss_irq_handler_stubs.o
                0x000000000800b370                U54_2_mac0_queue2_local_IRQHandler
 .text.U54_2_mac0_queue1_local_IRQHandler
                0x000000000800b37e        0xe ./src/platform/mpfs_hal/common/mss_irq_handler_stubs.o
                0x000000000800b37e                U54_2_mac0_queue1_local_IRQHandler
 .text.U54_2_mac0_int_local_IRQHandler
                0x000000000800b38c        0xe ./src/platform/mpfs_hal/common/mss_irq_handler_stubs.o
                0x000000000800b38c                U54_2_mac0_int_local_IRQHandler
 .text.U54_3_mac1_mmsl_local_IRQHandler
                0x000000000800b39a        0xe ./src/platform/mpfs_hal/common/mss_irq_handler_stubs.o
                0x000000000800b39a                U54_3_mac1_mmsl_local_IRQHandler
 .text.U54_3_mac1_emac_local_IRQHandler
                0x000000000800b3a8        0xe ./src/platform/mpfs_hal/common/mss_irq_handler_stubs.o
                0x000000000800b3a8                U54_3_mac1_emac_local_IRQHandler
 .text.U54_3_mac1_queue3_local_IRQHandler
                0x000000000800b3b6        0xe ./src/platform/mpfs_hal/common/mss_irq_handler_stubs.o
                0x000000000800b3b6                U54_3_mac1_queue3_local_IRQHandler
 .text.U54_3_mac1_queue2_local_IRQHandler
                0x000000000800b3c4        0xe ./src/platform/mpfs_hal/common/mss_irq_handler_stubs.o
                0x000000000800b3c4                U54_3_mac1_queue2_local_IRQHandler
 .text.U54_3_mac1_queue1_local_IRQHandler
                0x000000000800b3d2        0xe ./src/platform/mpfs_hal/common/mss_irq_handler_stubs.o
                0x000000000800b3d2                U54_3_mac1_queue1_local_IRQHandler
 .text.U54_3_mac1_int_local_IRQHandler
                0x000000000800b3e0        0xe ./src/platform/mpfs_hal/common/mss_irq_handler_stubs.o
                0x000000000800b3e0                U54_3_mac1_int_local_IRQHandler
 .text.U54_4_mac1_mmsl_local_IRQHandler
                0x000000000800b3ee        0xe ./src/platform/mpfs_hal/common/mss_irq_handler_stubs.o
                0x000000000800b3ee                U54_4_mac1_mmsl_local_IRQHandler
 .text.U54_4_mac1_emac_local_IRQHandler
                0x000000000800b3fc        0xe ./src/platform/mpfs_hal/common/mss_irq_handler_stubs.o
                0x000000000800b3fc                U54_4_mac1_emac_local_IRQHandler
 .text.U54_4_mac1_queue3_local_IRQHandler
                0x000000000800b40a        0xe ./src/platform/mpfs_hal/common/mss_irq_handler_stubs.o
                0x000000000800b40a                U54_4_mac1_queue3_local_IRQHandler
 .text.U54_4_mac1_queue2_local_IRQHandler
                0x000000000800b418        0xe ./src/platform/mpfs_hal/common/mss_irq_handler_stubs.o
                0x000000000800b418                U54_4_mac1_queue2_local_IRQHandler
 .text.U54_4_mac1_queue1_local_IRQHandler
                0x000000000800b426        0xe ./src/platform/mpfs_hal/common/mss_irq_handler_stubs.o
                0x000000000800b426                U54_4_mac1_queue1_local_IRQHandler
 .text.U54_4_mac1_int_local_IRQHandler
                0x000000000800b434        0xe ./src/platform/mpfs_hal/common/mss_irq_handler_stubs.o
                0x000000000800b434                U54_4_mac1_int_local_IRQHandler
 .text.U54_1_wdog_tout_local_IRQHandler
                0x000000000800b442        0xe ./src/platform/mpfs_hal/common/mss_irq_handler_stubs.o
                0x000000000800b442                U54_1_wdog_tout_local_IRQHandler
 .text.U54_2_wdog_tout_local_IRQHandler
                0x000000000800b450        0xe ./src/platform/mpfs_hal/common/mss_irq_handler_stubs.o
                0x000000000800b450                U54_2_wdog_tout_local_IRQHandler
 .text.U54_3_wdog_tout_local_IRQHandler
                0x000000000800b45e        0xe ./src/platform/mpfs_hal/common/mss_irq_handler_stubs.o
                0x000000000800b45e                U54_3_wdog_tout_local_IRQHandler
 .text.U54_4_wdog_tout_local_IRQHandler
                0x000000000800b46c        0xe ./src/platform/mpfs_hal/common/mss_irq_handler_stubs.o
                0x000000000800b46c                U54_4_wdog_tout_local_IRQHandler
 .text.mvrp_u54_local_IRQHandler_10
                0x000000000800b47a        0xe ./src/platform/mpfs_hal/common/mss_irq_handler_stubs.o
                0x000000000800b47a                mvrp_u54_local_IRQHandler_10
 .text.U54_1_wdog_mvrp_local_IRQHandler
                0x000000000800b488       0x16 ./src/platform/mpfs_hal/common/mss_irq_handler_stubs.o
                0x000000000800b488                U54_1_wdog_mvrp_local_IRQHandler
 .text.U54_2_wdog_mvrp_local_IRQHandler
                0x000000000800b49e       0x16 ./src/platform/mpfs_hal/common/mss_irq_handler_stubs.o
                0x000000000800b49e                U54_2_wdog_mvrp_local_IRQHandler
 .text.U54_3_wdog_mvrp_local_IRQHandler
                0x000000000800b4b4       0x16 ./src/platform/mpfs_hal/common/mss_irq_handler_stubs.o
                0x000000000800b4b4                U54_3_wdog_mvrp_local_IRQHandler
 .text.U54_4_wdog_mvrp_local_IRQHandler
                0x000000000800b4ca       0x16 ./src/platform/mpfs_hal/common/mss_irq_handler_stubs.o
                0x000000000800b4ca                U54_4_wdog_mvrp_local_IRQHandler
 .text.U54_spare_3_local_IRQHandler
                0x000000000800b4e0        0xe ./src/platform/mpfs_hal/common/mss_irq_handler_stubs.o
                0x000000000800b4e0                U54_spare_3_local_IRQHandler
 .text.U54_spare_4_local_IRQHandler
                0x000000000800b4ee        0xe ./src/platform/mpfs_hal/common/mss_irq_handler_stubs.o
                0x000000000800b4ee                U54_spare_4_local_IRQHandler
 .text.U54_spare_5_local_IRQHandler
                0x000000000800b4fc        0xe ./src/platform/mpfs_hal/common/mss_irq_handler_stubs.o
                0x000000000800b4fc                U54_spare_5_local_IRQHandler
 .text.U54_spare_6_local_IRQHandler
                0x000000000800b50a        0xe ./src/platform/mpfs_hal/common/mss_irq_handler_stubs.o
                0x000000000800b50a                U54_spare_6_local_IRQHandler
 .text.U54_f2m_0_local_IRQHandler
                0x000000000800b518        0xe ./src/platform/mpfs_hal/common/mss_irq_handler_stubs.o
                0x000000000800b518                U54_f2m_0_local_IRQHandler
 .text.U54_f2m_1_local_IRQHandler
                0x000000000800b526        0xe ./src/platform/mpfs_hal/common/mss_irq_handler_stubs.o
                0x000000000800b526                U54_f2m_1_local_IRQHandler
 .text.U54_f2m_2_local_IRQHandler
                0x000000000800b534        0xe ./src/platform/mpfs_hal/common/mss_irq_handler_stubs.o
                0x000000000800b534                U54_f2m_2_local_IRQHandler
 .text.U54_f2m_3_local_IRQHandler
                0x000000000800b542        0xe ./src/platform/mpfs_hal/common/mss_irq_handler_stubs.o
                0x000000000800b542                U54_f2m_3_local_IRQHandler
 .text.U54_f2m_4_local_IRQHandler
                0x000000000800b550        0xe ./src/platform/mpfs_hal/common/mss_irq_handler_stubs.o
                0x000000000800b550                U54_f2m_4_local_IRQHandler
 .text.U54_f2m_5_local_IRQHandler
                0x000000000800b55e        0xe ./src/platform/mpfs_hal/common/mss_irq_handler_stubs.o
                0x000000000800b55e                U54_f2m_5_local_IRQHandler
 .text.U54_f2m_6_local_IRQHandler
                0x000000000800b56c        0xe ./src/platform/mpfs_hal/common/mss_irq_handler_stubs.o
                0x000000000800b56c                U54_f2m_6_local_IRQHandler
 .text.U54_f2m_7_local_IRQHandler
                0x000000000800b57a        0xe ./src/platform/mpfs_hal/common/mss_irq_handler_stubs.o
                0x000000000800b57a                U54_f2m_7_local_IRQHandler
 .text.U54_f2m_8_local_IRQHandler
                0x000000000800b588        0xe ./src/platform/mpfs_hal/common/mss_irq_handler_stubs.o
                0x000000000800b588                U54_f2m_8_local_IRQHandler
 .text.U54_f2m_9_local_IRQHandler
                0x000000000800b596        0xe ./src/platform/mpfs_hal/common/mss_irq_handler_stubs.o
                0x000000000800b596                U54_f2m_9_local_IRQHandler
 .text.U54_f2m_10_local_IRQHandler
                0x000000000800b5a4        0xe ./src/platform/mpfs_hal/common/mss_irq_handler_stubs.o
                0x000000000800b5a4                U54_f2m_10_local_IRQHandler
 .text.U54_f2m_11_local_IRQHandler
                0x000000000800b5b2        0xe ./src/platform/mpfs_hal/common/mss_irq_handler_stubs.o
                0x000000000800b5b2                U54_f2m_11_local_IRQHandler
 .text.U54_f2m_12_local_IRQHandler
                0x000000000800b5c0        0xe ./src/platform/mpfs_hal/common/mss_irq_handler_stubs.o
                0x000000000800b5c0                U54_f2m_12_local_IRQHandler
 .text.U54_f2m_13_local_IRQHandler
                0x000000000800b5ce        0xe ./src/platform/mpfs_hal/common/mss_irq_handler_stubs.o
                0x000000000800b5ce                U54_f2m_13_local_IRQHandler
 .text.U54_f2m_14_local_IRQHandler
                0x000000000800b5dc        0xe ./src/platform/mpfs_hal/common/mss_irq_handler_stubs.o
                0x000000000800b5dc                U54_f2m_14_local_IRQHandler
 .text.U54_f2m_15_local_IRQHandler
                0x000000000800b5ea        0xe ./src/platform/mpfs_hal/common/mss_irq_handler_stubs.o
                0x000000000800b5ea                U54_f2m_15_local_IRQHandler
 .text.U54_f2m_16_local_IRQHandler
                0x000000000800b5f8        0xe ./src/platform/mpfs_hal/common/mss_irq_handler_stubs.o
                0x000000000800b5f8                U54_f2m_16_local_IRQHandler
 .text.U54_f2m_17_local_IRQHandler
                0x000000000800b606        0xe ./src/platform/mpfs_hal/common/mss_irq_handler_stubs.o
                0x000000000800b606                U54_f2m_17_local_IRQHandler
 .text.U54_f2m_18_local_IRQHandler
                0x000000000800b614        0xe ./src/platform/mpfs_hal/common/mss_irq_handler_stubs.o
                0x000000000800b614                U54_f2m_18_local_IRQHandler
 .text.U54_f2m_19_local_IRQHandler
                0x000000000800b622        0xe ./src/platform/mpfs_hal/common/mss_irq_handler_stubs.o
                0x000000000800b622                U54_f2m_19_local_IRQHandler
 .text.U54_f2m_20_local_IRQHandler
                0x000000000800b630        0xe ./src/platform/mpfs_hal/common/mss_irq_handler_stubs.o
                0x000000000800b630                U54_f2m_20_local_IRQHandler
 .text.U54_f2m_21_local_IRQHandler
                0x000000000800b63e        0xe ./src/platform/mpfs_hal/common/mss_irq_handler_stubs.o
                0x000000000800b63e                U54_f2m_21_local_IRQHandler
 .text.U54_f2m_22_local_IRQHandler
                0x000000000800b64c        0xe ./src/platform/mpfs_hal/common/mss_irq_handler_stubs.o
                0x000000000800b64c                U54_f2m_22_local_IRQHandler
 .text.U54_f2m_23_local_IRQHandler
                0x000000000800b65a        0xe ./src/platform/mpfs_hal/common/mss_irq_handler_stubs.o
                0x000000000800b65a                U54_f2m_23_local_IRQHandler
 .text.U54_f2m_24_local_IRQHandler
                0x000000000800b668        0xe ./src/platform/mpfs_hal/common/mss_irq_handler_stubs.o
                0x000000000800b668                U54_f2m_24_local_IRQHandler
 .text.U54_f2m_25_local_IRQHandler
                0x000000000800b676        0xe ./src/platform/mpfs_hal/common/mss_irq_handler_stubs.o
                0x000000000800b676                U54_f2m_25_local_IRQHandler
 .text.U54_f2m_26_local_IRQHandler
                0x000000000800b684        0xe ./src/platform/mpfs_hal/common/mss_irq_handler_stubs.o
                0x000000000800b684                U54_f2m_26_local_IRQHandler
 .text.U54_f2m_27_local_IRQHandler
                0x000000000800b692        0xe ./src/platform/mpfs_hal/common/mss_irq_handler_stubs.o
                0x000000000800b692                U54_f2m_27_local_IRQHandler
 .text.U54_f2m_28_local_IRQHandler
                0x000000000800b6a0        0xe ./src/platform/mpfs_hal/common/mss_irq_handler_stubs.o
                0x000000000800b6a0                U54_f2m_28_local_IRQHandler
 .text.U54_f2m_29_local_IRQHandler
                0x000000000800b6ae        0xe ./src/platform/mpfs_hal/common/mss_irq_handler_stubs.o
                0x000000000800b6ae                U54_f2m_29_local_IRQHandler
 .text.U54_f2m_30_local_IRQHandler
                0x000000000800b6bc        0xe ./src/platform/mpfs_hal/common/mss_irq_handler_stubs.o
                0x000000000800b6bc                U54_f2m_30_local_IRQHandler
 .text.U54_f2m_31_local_IRQHandler
                0x000000000800b6ca        0xe ./src/platform/mpfs_hal/common/mss_irq_handler_stubs.o
                0x000000000800b6ca                U54_f2m_31_local_IRQHandler
 .text.config_l2_cache
                0x000000000800b6d8      0x2e2 ./src/platform/mpfs_hal/common/mss_l2_cache.o
                0x000000000800b6d8                config_l2_cache
 .text.check_config_l2_scratchpad
                0x000000000800b9ba       0x98 ./src/platform/mpfs_hal/common/mss_l2_cache.o
 .text.mpu_configure
                0x000000000800ba52       0xfe ./src/platform/mpfs_hal/common/mss_mpu.o
                0x000000000800ba52                mpu_configure
 .text.PLIC_DisableIRQ
                0x000000000800bb50      0x28e ./src/platform/mpfs_hal/common/mss_mtrap.o
 .text.PLIC_ClaimIRQ
                0x000000000800bdde       0x40 ./src/platform/mpfs_hal/common/mss_mtrap.o
 .text.PLIC_CompleteIRQ
                0x000000000800be1e       0x5a ./src/platform/mpfs_hal/common/mss_mtrap.o
 .text.handle_m_ext_interrupt
                0x000000000800be78       0x72 ./src/platform/mpfs_hal/common/mss_mtrap.o
                0x000000000800be78                handle_m_ext_interrupt
 .text.handle_local_interrupt
                0x000000000800beea       0x58 ./src/platform/mpfs_hal/common/mss_mtrap.o
                0x000000000800beea                handle_local_interrupt
 .text.trap_from_machine_mode
                0x000000000800bf42      0x108 ./src/platform/mpfs_hal/common/mss_mtrap.o
                0x000000000800bf42                trap_from_machine_mode
 .text.verify_context_enable
                0x000000000800c04a       0x32 ./src/platform/mpfs_hal/common/mss_peripherals.o
 .text.peripheral_on_off
                0x000000000800c07c       0xac ./src/platform/mpfs_hal/common/mss_peripherals.o
 .text.mss_config_clk_rst
                0x000000000800c128       0xb4 ./src/platform/mpfs_hal/common/mss_peripherals.o
                0x000000000800c128                mss_config_clk_rst
 .text.mss_enable_fabric
                0x000000000800c1dc       0x2c ./src/platform/mpfs_hal/common/mss_peripherals.o
                0x000000000800c1dc                mss_enable_fabric
 .text.mss_set_apb_bus_cr
                0x000000000800c208       0x20 ./src/platform/mpfs_hal/common/mss_peripherals.o
                0x000000000800c208                mss_set_apb_bus_cr
 .text.pmp_configure
                0x000000000800c228      0x23e ./src/platform/mpfs_hal/common/mss_pmp.o
                0x000000000800c228                pmp_configure
 .text.__disable_irq
                0x000000000800c466       0x22 ./src/platform/mpfs_hal/common/mss_util.o
                0x000000000800c466                __disable_irq
 .text.__disable_all_irqs
                0x000000000800c488       0x1e ./src/platform/mpfs_hal/common/mss_util.o
                0x000000000800c488                __disable_all_irqs
 .text.__enable_irq
                0x000000000800c4a6       0x16 ./src/platform/mpfs_hal/common/mss_util.o
                0x000000000800c4a6                __enable_irq
 .text.MSS_UART_init
                0x000000000800c4bc       0xa0 ./src/platform/drivers/mss/mss_mmuart/mss_uart.o
                0x000000000800c4bc                MSS_UART_init
 .text.MSS_UART_polled_tx_string
                0x000000000800c55c       0xce ./src/platform/drivers/mss/mss_mmuart/mss_uart.o
                0x000000000800c55c                MSS_UART_polled_tx_string
 .text.PLIC_mmuart0_IRQHandler
                0x000000000800c62a       0x3e ./src/platform/drivers/mss/mss_mmuart/mss_uart.o
                0x000000000800c62a                PLIC_mmuart0_IRQHandler
 .text.PLIC_mmuart1_IRQHandler
                0x000000000800c668       0x3e ./src/platform/drivers/mss/mss_mmuart/mss_uart.o
                0x000000000800c668                PLIC_mmuart1_IRQHandler
 .text.PLIC_mmuart2_IRQHandler
                0x000000000800c6a6       0x3e ./src/platform/drivers/mss/mss_mmuart/mss_uart.o
                0x000000000800c6a6                PLIC_mmuart2_IRQHandler
 .text.PLIC_mmuart3_IRQHandler
                0x000000000800c6e4       0x3e ./src/platform/drivers/mss/mss_mmuart/mss_uart.o
                0x000000000800c6e4                PLIC_mmuart3_IRQHandler
 .text.PLIC_mmuart4_IRQHandler
                0x000000000800c722       0x3e ./src/platform/drivers/mss/mss_mmuart/mss_uart.o
                0x000000000800c722                PLIC_mmuart4_IRQHandler
 .text.E51_mmuart0_local_IRQHandler
                0x000000000800c760       0x3c ./src/platform/drivers/mss/mss_mmuart/mss_uart.o
                0x000000000800c760                E51_mmuart0_local_IRQHandler
 .text.U54_1_mmuart1_local_IRQHandler
                0x000000000800c79c       0x3c ./src/platform/drivers/mss/mss_mmuart/mss_uart.o
                0x000000000800c79c                U54_1_mmuart1_local_IRQHandler
 .text.U54_2_mmuart2_local_IRQHandler
                0x000000000800c7d8       0x3c ./src/platform/drivers/mss/mss_mmuart/mss_uart.o
                0x000000000800c7d8                U54_2_mmuart2_local_IRQHandler
 .text.U54_3_mmuart3_local_IRQHandler
                0x000000000800c814       0x3c ./src/platform/drivers/mss/mss_mmuart/mss_uart.o
                0x000000000800c814                U54_3_mmuart3_local_IRQHandler
 .text.U54_4_mmuart4_local_IRQHandler
                0x000000000800c850       0x3c ./src/platform/drivers/mss/mss_mmuart/mss_uart.o
                0x000000000800c850                U54_4_mmuart4_local_IRQHandler
 .text.global_init
                0x000000000800c88c      0x496 ./src/platform/drivers/mss/mss_mmuart/mss_uart.o
 .text.config_baud_divisors
                0x000000000800cd22      0x20a ./src/platform/drivers/mss/mss_mmuart/mss_uart.o
 .text.uart_isr
                0x000000000800cf2c      0x1fc ./src/platform/drivers/mss/mss_mmuart/mss_uart.o
 .text.default_tx_handler
                0x000000000800d128      0x124 ./src/platform/drivers/mss/mss_mmuart/mss_uart.o
 .text.clear_soft_interrupt
                0x000000000800d24c       0x46 ./src/application/hart4/u54_4.o
 .text.u54_4    0x000000000800d292       0x68 ./src/application/hart4/u54_4.o
                0x000000000800d292                u54_4
 .text.U54_4_software_IRQHandler
                0x000000000800d2fa       0x3a ./src/application/hart4/u54_4.o
                0x000000000800d2fa                U54_4_software_IRQHandler
 .text.clear_soft_interrupt
                0x000000000800d334       0x46 ./src/application/hart3/u54_3.o
 .text.u54_3    0x000000000800d37a       0x68 ./src/application/hart3/u54_3.o
                0x000000000800d37a                u54_3
 .text.U54_3_software_IRQHandler
                0x000000000800d3e2       0x3a ./src/application/hart3/u54_3.o
                0x000000000800d3e2                U54_3_software_IRQHandler
 .text.clear_soft_interrupt
                0x000000000800d41c       0x46 ./src/application/hart2/u54_2.o
 .text.u54_2    0x000000000800d462       0x68 ./src/application/hart2/u54_2.o
                0x000000000800d462                u54_2
 .text.U54_2_software_IRQHandler
                0x000000000800d4ca       0x3a ./src/application/hart2/u54_2.o
                0x000000000800d4ca                U54_2_software_IRQHandler
 .text.clear_soft_interrupt
                0x000000000800d504       0x46 ./src/application/hart1/u54_1.o
 .text.PLIC_init
                0x000000000800d54a      0x252 ./src/application/hart1/u54_1.o
 .text.u54_1    0x000000000800d79c     0x2c0e ./src/application/hart1/u54_1.o
                0x000000000800d79c                u54_1
 .text.raise_soft_interrupt
                0x00000000080103aa       0x26 ./src/application/hart0/e51.o
 .text.clear_soft_interrupt
                0x00000000080103d0       0x46 ./src/application/hart0/e51.o
 .text.e51      0x0000000008010416       0x8e ./src/application/hart0/e51.o
                0x0000000008010416                e51
 .text.E51_software_IRQHandler
                0x00000000080104a4       0x3a ./src/application/hart0/e51.o
                0x00000000080104a4                E51_software_IRQHandler
 .text.sqrt     0x00000000080104de       0x52 /home/vinay/Desktop/soft_console/SoftConsole-v2022.2-RISC-V-747/riscv-unknown-elf-gcc/bin/../lib/gcc/riscv64-unknown-elf/8.3.0/../../../../riscv64-unknown-elf/lib/libm.a(lib_a-w_sqrt.o)
                0x00000000080104de                sqrt
 .text.__ieee754_sqrt
                0x0000000008010530      0x1e6 /home/vinay/Desktop/soft_console/SoftConsole-v2022.2-RISC-V-747/riscv-unknown-elf-gcc/bin/../lib/gcc/riscv64-unknown-elf/8.3.0/../../../../riscv64-unknown-elf/lib/libm.a(lib_a-e_sqrt.o)
                0x0000000008010530                __ieee754_sqrt